11-15 04:39:28.292   686  1748 W BufferQueueProducer: [GestureNavRight#0]:1397: disconnect: not connected (req=1)
11-15 04:39:28.293  1137  1612 I HwViewRootImpl: removeInvalidNode all the node in jank list is out of time
11-15 04:39:28.295  2532 16251 I HiAdKit.DC.DC.PPSApiServiceManager:  bind service result: true
11-15 04:39:28.295  1137 16262 D HiTouch_PressGestureDetector: onAttached, package=com.idealdimension.EmpireAttack, windowType=3, mIsHiTouchRestricted=false
11-15 04:39:28.299  2143  2143 E HwQsUtils: getColumnSuggestWidth: suggestWidth: 1067
11-15 04:39:28.299  2143  2143 E HwQsUtils: getPanelStatusBarWidth: panelWidth: 1115
11-15 04:39:28.301  2143  2143 E HwQsUtils: getColumnSuggestWidth: suggestWidth: 1067
11-15 04:39:28.301  2143  2143 I StatusBarLayout: onConfigurationChanged, change from 1 to 2
11-15 04:39:28.303  2143  2143 I StatusBarLayout: updatePaddings: type: 4, left: 16, right: 16, colorringPaddingLeft:0, currentRotation:1, isLand:true, mLastOrientation:2
11-15 04:39:28.306 16219 16219 D ApplicationLoaders: createClassLoader zip: /data/app/com.idealdimension.EmpireAttack-u31ecjrt_Eo2uOJLaC_G4w==/base.apk librarySearchPath: /data/app/com.idealdimension.EmpireAttack-u31ecjrt_Eo2uOJLaC_G4w==/lib/arm:/data/app/com.idealdimension.EmpireAttack-u31ecjrt_Eo2uOJLaC_G4w==/base.apk!/lib/armeabi-v7a libraryPermittedPath: /data/user/0/com.idealdimension.EmpireAttack parent: java.lang.BootClassLoader@3a0d75d targetSdkVersion: 28 isBundled: false classLoaderName: null sharedLibraries: null
11-15 04:39:28.307   606  1473 I netd    : firewallSetUidRule(2, 10319, 1) <0.10ms>
11-15 04:39:28.307  1137  1612 D InputEventReceiver: dispatchInputInterval 1000000
11-15 04:39:28.309  1137  1612 I chatty  : uid=1000(system) android.anim identical 2 lines
11-15 04:39:28.310  1137  1612 D InputEventReceiver: dispatchInputInterval 1000000
11-15 04:39:28.312  1137  2091 W libEGL  : EGLNativeWindowType 0x75654f62d0 disconnect failed
11-15 04:39:28.312  1137  1649 I NetworkPolicy: upPwResUL:10319,idle:0,resPw:0,dIdle:0,fg=0,white=0,old=64,new=0,newUid=0,oldUid=64,resBg=0
11-15 04:39:28.317  1137  1612 I WindowManager: Checking 1 opening apps (frozen=true timeout=false)...
11-15 04:39:28.317  1137  1612 I WindowManager: Check opening app=AppWindowToken{b3f2b44 token=Token{bac4bbc ActivityRecord{b3f2a48 u0 com.idealdimension.EmpireAttack/cn.cmgame.billing.api.GameOpenActivity t590}}}: allDrawn=false startingDisplayed=true startingMoved=false isRelaunching()=false startingWindow=Window{bb42305 u0 Splash Screen com.idealdimension.EmpireAttack}
11-15 04:39:28.317  1137  1612 I WindowManager: Checking 0 opening apps (frozen=true timeout=false)...
11-15 04:39:28.318  1137  1612 I WindowManager: send SET_LAUNCHER_VISIBLE_IN_FINGER_BOOST visible: true,delay:0, handle:true, userId:0, callingPid: 1137
11-15 04:39:28.318  1137  1612 D WindowManager: setActivityVisibleInFingerBoostInner fit:true record:ActivityRecord{b9df809 u0 com.huawei.android.launcher/.unihome.UniHomeLauncher t1} isInWallpaperEffect:false, callingPid: 1137
11-15 04:39:28.318  1137  1612 I HwActivityTaskManagerServiceEx: begin handleAppTransitionReady
11-15 04:39:28.318  1137  1612 I HwWindowManagerServiceEx: closing apps count = 0
11-15 04:39:28.318  1137  1612 I WindowManager: Animation done in AppWindowToken{b3f2b44 token=Token{bac4bbc ActivityRecord{b3f2a48 u0 com.idealdimension.EmpireAttack/cn.cmgame.billing.api.GameOpenActivity t590}}} isHidden:false hiddenRequested:false
11-15 04:39:28.320  1137  1612 I WindowManager: dispatchResized : win = Window{bb42305 u0 Splash Screen com.idealdimension.EmpireAttack} drawState = DRAW_PENDING
11-15 04:39:28.329  1137  2091 D mali_winsys: EGLint new_window_surface(egl_winsys_display *, void *, EGLSurface, EGLConfig, egl_winsys_surface **, EGLBoolean) returns 0x3000
11-15 04:39:28.332 16219 16242 I ActivityThread: Init compatible state: true
11-15 04:39:28.333 16219 16242 D HwFrameworkSecurityPartsFactory: HwFrameworkSecurityPartsFactory in.
11-15 04:39:28.333 16219 16242 I HwFrameworkSecurityPartsFactory: add HwFrameworkSecurityPartsFactory to memory.
11-15 04:39:28.336   680   680 D AudioFlinger: setParameters(): io 0, keyvalue debug log is close, calling pid 2442 calling uid 1000
11-15 04:39:28.337   652   714 I AudioModuleManager: [AudioModuleSetParameters:51]: list size: 13
11-15 04:39:28.343 16219 16242 E BehaviorCollectManager: Fail to acquire dataAnalyzerService...
11-15 04:39:28.348  1137  2484 D ActivityManager: finishBindApplication callingPid 13696
11-15 04:39:28.348  1137  2484 D ActivityManager: finishBindApplication preloadStatus: 0 app: ProcessRecord{b353105 13696:tch.timer/u0a229} uidRec.isPreload: false
11-15 04:39:28.348  1137  1611 V ActivityManager: startProcess: name=com.idealdimension.EmpireAttack app=ProcessRecord{bbcceb1 16219:com.idealdimension.EmpireAttack/u0a319} knownToBeDead=false thread=android.app.IApplicationThread$Stub$Proxy@baa90ea pid=16219 preloadStatus=2
11-15 04:39:28.348 13696 13696 I ActivityThread: finishPreloaded end preloadStatus 3
11-15 04:39:28.349  2328  3760 I Hicom_Monitor: notifyAppStarted: uid = 10319
11-15 04:39:28.349  1137  2295 I InputDispatcher: setIawareGameModeAccurate: 1
11-15 04:39:28.352  2558  3010 I hwPS_RestrictionAdapter: getMaliciousAppInfo: packageName:com.idealdimension.EmpireAttack flags:1
11-15 04:39:28.352  1137  5015 D hwPS_HwPermissionService: getPermissionRestrictionInfoInner
11-15 04:39:28.352  1137  5015 D hwPS_RunTimeRestrictionPolicyManager: getRestrictionRunTimeRule called.
11-15 04:39:28.353 16219 16219 I HwActivityThreadImpl: accept socket mSocketName: af0e699a-152b-4f2e-9dba-14faad61efe2
11-15 04:39:28.353 16219 16219 I HwActivityThreadImpl: accept socket end
11-15 04:39:28.354  2442  4650 I KStateManager: send binder call message, called pid:679, calling pid:[1137]
11-15 04:39:28.355  2328  3760 I UctpAppMonitor: handleAppStarted: pkgName is com.idealdimension.EmpireAttack mIsNeedToOpen is false
11-15 04:39:28.355  2328  3760 I AppStatisticProc: handleAppStarted: pkgName = com.idealdimension.EmpireAttack is not apk supported in Smartcare
11-15 04:39:28.356 16219 16219 W HwActivityThreadImpl: closeStream error.
11-15 04:39:28.356 16219 16219 I HwActivityThreadImpl: acceptPreloadedApplication end mPreloadStatus 3
11-15 04:39:28.357 16219 16241 W HwActivityThreadImpl: closeStream error.
11-15 04:39:28.357 16219 16241 I HwActivityThreadImpl: connectContinuePreload end mPreloadStatus 3
11-15 04:39:28.365  1137  5015 D AppPolicy_SecurityProfileManager: getRules: response=Response{code=200, message='OK', result=Bundle[{rules=[Bundle[{properties=Bundle[{restrictions=SMS_BLANK|CALL_LOG_BLANK|CONTACTS_BLANK|CALENDAR_BLANK|LOCATION|STORAGE|SYSTEM_ALERT_WINDOW|POPUP_BACKGROUND_WINDOW, restrictionLevel=1, name=com.idealdimension.EmpireAttack, isRestricted=false}], name=com.idealdimension.EmpireAttack}]]}]}
11-15 04:39:28.365  1137  5015 D hwPS_RestrictionManager: package: com.idealdimension.EmpireAttack isRestricted: false
11-15 04:39:28.366  1137  1137 I HwMultiDisplayManager: onDisplayChanged: 0
11-15 04:39:28.366  1137  2011 I HwMediaSessionServiceEx: MediaDisplayEventReceiver onDisplayChanged: 0
11-15 04:39:28.366 16219 16219 I System.out: java.io.FileNotFoundException: /data/dalvik-cache/arm/data@app@com.idealdimension.EmpireAttack-u31ecjrt_Eo2uOJLaC_G4w==@base.apk@classes.dex: open failed: ENOENT (No such file or directory)
11-15 04:39:28.367  1137  2289 I NetworkTimeUpdateService: Display displayState:2
11-15 04:39:28.367 16219 16219 I System.out: 	at libcore.io.IoBridge.open(IoBridge.java:496)
11-15 04:39:28.367 16219 16219 I System.out: 	at java.io.FileInputStream.<init>(FileInputStream.java:159)
11-15 04:39:28.367 16219 16219 I System.out: 	at java.io.FileInputStream.<init>(FileInputStream.java:115)
11-15 04:39:28.367 16219 16219 I System.out: 	at com.bangcle.protect.Util.calFileMD5(Util.java:756)
11-15 04:39:28.367 16219 16219 I System.out: 	at com.bangcle.protect.Util.doCheck(Util.java:682)
11-15 04:39:28.367 16219 16219 I System.out: 	at com.bangcle.protect.Util.runAll(Util.java:785)
11-15 04:39:28.367 16219 16219 I System.out: 	at com.idealdimension.EmpireAttack.CmgameApplication.onCreate(ApplicationTemplate.java:50)
11-15 04:39:28.367 16219 16219 I System.out: 	at android.app.Instrumentation.callApplicationOnCreate(Instrumentation.java:1202)
11-15 04:39:28.367 16219 16219 I System.out: 	at android.app.ActivityThread.handleBindApplication(ActivityThread.java:7601)
11-15 04:39:28.368 16219 16219 I System.out: 	at android.app.ActivityThread.access$2600(ActivityThread.java:259)
11-15 04:39:28.368 16219 16219 I System.out: 	at android.app.ActivityThread$H.handleMessage(ActivityThread.java:2440)
11-15 04:39:28.368 16219 16219 I System.out: 	at android.os.Handler.dispatchMessage(Handler.java:110)
11-15 04:39:28.368 16219 16219 I System.out: 	at android.os.Looper.loop(Looper.java:219)
11-15 04:39:28.368 16219 16219 I System.out: 	at android.app.ActivityThread.main(ActivityThread.java:8673)
11-15 04:39:28.368 16219 16219 I System.out: 	at java.lang.reflect.Method.invoke(Native Method)
11-15 04:39:28.368 16219 16219 I System.out: 	at com.android.internal.os.RuntimeInit$MethodAndArgsCaller.run(RuntimeInit.java:513)
11-15 04:39:28.368 16219 16219 I System.out: 	at com.android.internal.os.ZygoteInit.main(ZygoteInit.java:1109)
11-15 04:39:28.372 16219 16219 I System.out: Caused by: android.system.ErrnoException: open failed: ENOENT (No such file or directory)
11-15 04:39:28.372 16219 16219 I System.out: 	at libcore.io.Linux.open(Native Method)
11-15 04:39:28.372 16219 16219 I System.out: 	at libcore.io.ForwardingOs.open(ForwardingOs.java:167)
11-15 04:39:28.372 16219 16219 I System.out: 	at libcore.io.BlockGuardOs.open(BlockGuardOs.java:252)
11-15 04:39:28.372 16219 16219 I System.out: 	at libcore.io.ForwardingOs.open(ForwardingOs.java:167)
11-15 04:39:28.372 16219 16219 I System.out: 	at android.app.ActivityThread$AndroidOs.open(ActivityThread.java:8469)
11-15 04:39:28.372 16219 16219 I System.out: 	at libcore.io.IoBridge.open(IoBridge.java:482)
11-15 04:39:28.372 16219 16219 I System.out: 	... 16 more
11-15 04:39:28.373  1137  1742 I PowerManagerService: handleSandman: wakefulness: 1,startDreaming: false
11-15 04:39:28.378  1137  2289 I NetworkTimeUpdateService: skew is :193mBasePollingIntervalMs start is :86400000
11-15 04:39:28.378  1137  2289 I NetworkTimeUpdateService: mBasePollingIntervalMs process is :86400000
11-15 04:39:28.378  1137  2289 I AlarmManager: remove alarm:Alarm{ba05117 type 3 when 86448317 PendingIntent{b6b7d9d: PendingIntentRecord{b633bb9 android broadcastIntent}}android procName system} according to operation:b6b7d9d
11-15 04:39:28.380  2442  3885 D ScenarioService: front pkg : com.idealdimension.EmpireAttack launcher: false
11-15 04:39:28.380  2442  3885 D ScenarioService: new above launcher front pkgs: [com.idealdimension.EmpireAttack]
11-15 04:39:28.381  2442  3981 I PGServer: report state:10010 event type:2 pid:0 uid:0 pkg:com.huawei.android.launcher to pid: 1137
11-15 04:39:28.381  2442  3885 I AppsUsage: scnOff: false FgAPP: com.idealdimension.EmpireAttack BgAPP: com.huawei.android.launcher
11-15 04:39:28.381  2442  3981 I PGServer: report state:10010 event type:2 pid:0 uid:0 pkg:com.huawei.android.launcher to pid: 2442
11-15 04:39:28.381  2442  3981 I SceneReceiver: state type: 10010 eventType:2 pid:0 uid:0 pkg:com.huawei.android.launcher
11-15 04:39:28.381  2442  3981 I PGServer: report state:10002 event type:1 pid:0 uid:0 pkg:com.idealdimension.EmpireAttack to pid: 1137
11-15 04:39:28.381  2442  3981 I PGServer: report state:10002 event type:1 pid:0 uid:0 pkg:com.idealdimension.EmpireAttack to pid: 2442
11-15 04:39:28.381  2442  3981 I SceneReceiver: state type: 10002 eventType:1 pid:0 uid:0 pkg:com.idealdimension.EmpireAttack
11-15 04:39:28.381  1137  2289 D SmartHeartBeat: isPendingAlarm, false, pkg:com.huawei.deskclock, action:com.android.deskclock.ALARM_ALERT,not pending alarm with AlarmClockInfo
11-15 04:39:28.382  2442  3981 I ApsAppsTypeHandler: APS: APK: ApsAppsTypeHandler.getInstance, sInstance = com.huawei.android.hwaps.o@797082
11-15 04:39:28.381  2442  3905 I PG_ash  : front pkg : com.idealdimension.EmpireAttack
11-15 04:39:28.384  2442  4650 I PGServer: checkPkgType. calling pkg: android
11-15 04:39:28.387 16219 16242 I HwApiCacheMangerEx: apicache path=/storage/emulated/0 state=mounted key=com.idealdimension.EmpireAttack#10319#256
11-15 04:39:28.387 16219 16242 I HwApiCacheMangerEx: need clear apicache,because volumes changed,oldCnt=0 newCnt=1
11-15 04:39:28.394  2442  4130 E AwareLog: AwareGameFreq: gameFreqGov is invalid.
11-15 04:39:28.397  1157  2671 D ITouchService: itouch stylusCurrentPkgName = com.idealdimension.EmpireAttack lastOneFramePkgName = 
11-15 04:39:28.397  1157  2671 D ITouchService: itouch currentPackageName = com.idealdimension.EmpireAttack
11-15 04:39:28.397  1157  2671 D ITouchService: itouch appType=-5 appState=1 gameMode=2
11-15 04:39:28.397  1157  2671 D ITouchService: itouchReaderMonitor empty
11-15 04:39:28.397  1157  2671 D ITouchService: g_itouch_reader_monitor Monitor::IsReaderMonitorEnable()=0
11-15 04:39:28.397  1157  2671 D ITouchService: itouch getCurrentParmID tempPkg=com.idealdimension.xxx
11-15 04:39:28.398  1157  2671 D ITouchService: itouch:app com.idealdimension.EmpireAttack is  not in StylusPenList
11-15 04:39:28.398  1157  2671 D ITouchService: itouch:styluspen_switch is disable
11-15 04:39:28.398  1157  2671 D ITouchService: itouch:currentAppTypeName =|ITOUCHGAME|
11-15 04:39:28.400  1137  2757 I HwBastetService: current len less then 0, need return!
11-15 04:39:28.400  1137  2757 I DE J DES: [effect] Pg pkg:com.idealdimension.EmpireAttack
11-15 04:39:28.408 16219 16242 I HwApiCacheMangerEx: apicache path=/storage/emulated/0 state=mounted key=com.idealdimension.EmpireAttack#10319#0
11-15 04:39:28.408 16219 16242 I HwApiCacheMangerEx: need clear apicache,because volumes changed,oldCnt=1 newCnt=1
11-15 04:39:28.408  1137  2295 I InputDispatcher: set iaware game mode : 0
11-15 04:39:28.413  2442  3885 I ScenarioService: app focus change from: com.huawei.android.launcher to:com.idealdimension.EmpireAttack
11-15 04:39:28.413  2442  3885 I ScenarioService: add focus on app:com.idealdimension.EmpireAttack to visiblePkgs
11-15 04:39:28.414  1137  2484 I PackageManager: Returning preferred activity: com.huawei.android.launcher/com.huawei.android.launcher.unihome.UniHomeLauncher
11-15 04:39:28.414  1137  2484 I PackageManager: choose best activity: com.huawei.android.launcher, com.huawei.android.launcher.unihome.UniHomeLauncher
11-15 04:39:28.414  2442  3885 I PGServer: report state:8 event type:2 pid:0 uid:1000 pkg:null to pid: 1137
11-15 04:39:28.415  2442  3885 I BluetoothState: inactive bluetooth uid: 1000, pid:2696, reason:BLE_SCAN
11-15 04:39:28.415  2442  3885 D BluetoothState: stop bt uid:1000 state:BLE_SCAN total(ms):395514
11-15 04:39:28.416  1137  1989 D HwLocationProviderProxy: bindBestPackage for com.android.location.service.v3.NetworkLocationProvider :  found 2, new best component: ComponentInfo{com.huawei.hwid/com.huawei.locatorservice.ability.nlpservice.HwNLPService}
11-15 04:39:28.417  1137  1742 I PowerManagerService: handleSandman: wakefulness: 1,startDreaming: false
11-15 04:39:28.432  1137  1668 W BroadcastQueue: intentAction=android.intent.action.BOOT_COMPLETEDdispatchTime=156594 numReceivers=150 nextReceiver=78 now=447937 state=3 curReceiver= null
11-15 04:39:28.440 13696 16261 I AwareBitmapCacher: init processName:tch.timer pid=13696 uid=10229
11-15 04:39:28.442  1137  2289 I NetworkTimeUpdateService: Ignoring NTP update due to low skew
11-15 04:39:28.443  1137  1742 I PowerManagerService: handleSandman: wakefulness: 1,startDreaming: false
11-15 04:39:28.444  1137  1608 D hwPS_ProcessMonitor: onForegroundActivitiesChanged: 16219, 10319, true
11-15 04:39:28.444  1137  1608 D hwPS_RunTimeRestrictionPolicyManager: getRestrictionRunTimeRule called.
11-15 04:39:28.448  1162  1910 I dubaid  : [GpuAccounter.cpp] GetPower# Invalid gpu frequency: 596, find best power
11-15 04:39:28.449  1137  1611 I InputManager-JNI: Viewport [0] to add: Viewport INTERNAL: displayId=0, uniqueId=local:0, port=0, orientation=1, logicalFrame=[0, 0, 1600, 720], physicalFrame=[0, 0, 1600, 720], deviceSize=[1600, 720]
11-15 04:39:28.449  1137  1611 I InputManager-JNI: Viewport [1] to add: Viewport EXTERNAL: displayId=0, uniqueId=local:0, port=0, orientation=1, logicalFrame=[0, 0, 1600, 720], physicalFrame=[0, 0, 1600, 720], deviceSize=[1600, 720]
11-15 04:39:28.453  1137  1611 V ActivityTaskManager: Activity idle: null
11-15 04:39:28.454  2497  2497 D DecorView: showOrHideHighlightView: hasFocus=false; winMode=1; isMrgNull=true
11-15 04:39:28.455  1137  1927 I InputReader: Reconfiguring input devices.  changes=0x00000004
11-15 04:39:28.457  1137  1927 I InputReader: Device reconfigured: id=5, name='huawei,ts_kit', size 720x1600, orientation 1, mode 1, display id 0
11-15 04:39:28.465  1137  1608 D AppPolicy_SecurityProfileManager: getRules: response=Response{code=200, message='OK', result=Bundle[{rules=[Bundle[{properties=Bundle[{restrictions=SMS_BLANK|CALL_LOG_BLANK|CONTACTS_BLANK|CALENDAR_BLANK|LOCATION|STORAGE|SYSTEM_ALERT_WINDOW|POPUP_BACKGROUND_WINDOW, restrictionLevel=1, name=com.idealdimension.EmpireAttack, isRestricted=false}], name=com.idealdimension.EmpireAttack}]]}]}
11-15 04:39:28.473  1137  1668 W BroadcastQueue: intentAction=android.intent.action.BOOT_COMPLETEDdispatchTime=156594 numReceivers=150 nextReceiver=78 now=447978 state=3 curReceiver= null
11-15 04:39:28.474  1137  1611 V ActivityManager: startProcess: name=com.idealdimension.EmpireAttack app=ProcessRecord{bbcceb1 16219:com.idealdimension.EmpireAttack/u0a319} knownToBeDead=false thread=android.app.IApplicationThread$Stub$Proxy@baa90ea pid=16219 preloadStatus=2
11-15 04:39:28.474  1137  1611 I WindowManager: dispatchResized : win = Window{afbac5d u0 GestureNavLeft} drawState = HAS_DRAWN
11-15 04:39:28.474  1137  1611 I WindowManager: dispatchResized : win = Window{b95a009 u0 GestureNavRight} drawState = HAS_DRAWN
11-15 04:39:28.475  1137  1611 I WindowManager: dispatchResized : win = Window{afbac5d u0 GestureNavLeft} drawState = HAS_DRAWN
11-15 04:39:28.478  2497  2497 D RtgSchedIpcFile: setCommandByIoctl failed ret:-1, cmdid:22, errno:103
11-15 04:39:28.480  2497  2497 I libsoftbus: SetTrafficClass appName=com.huawei.android.launcher prio=1
11-15 04:39:28.480  2497  2497 I ApplicationHelper: onActivityStopped: switch to background com.huawei.android.launcher ret=0
11-15 04:39:28.480 13696 16272 E AwareLog: AtomicFileUtils: readFileLines file not exist: android.util.AtomicFile@451e61e
11-15 04:39:28.480  2497  2497 W HwLauncher: StateManager Launcher in state:NormalState{35f6c6f ordinal = 0,mContainerType = 1,mIsOverviewUi = false}, mConfig.mCurrentAnimationSet == null
11-15 04:39:28.481  2143  2143 D MouseWheelSynthesizer: mMoveStepInDp: 64, mMoveStepInPixel: 128, mUpTimeDelayed: 100
11-15 04:39:28.481  2497  2497 I HwLauncher: Launcher Icon:178 Widget:2 Folder:1 Icon in folder:29, in drawer:0
11-15 04:39:28.482  2497  2697 I hwPS_RestrictionAdapter: unregisterRestrictionAppListener
11-15 04:39:28.482  1137  2788 D hwPS_HwPermissionService: setPermissionRestrictionInfoInner
11-15 04:39:28.483  2143  2143 D ViewRootImpl: ViewRootImpl mIsInProductivePCDisplay: false
11-15 04:39:28.484  2497  2707 E AbilityFormViewRefreshUtils: stopListening [0ms]
11-15 04:39:28.485  2497  2497 D RtgSchedIpcFile: setCommandByIoctl failed ret:-1, cmdid:23, errno:103
11-15 04:39:28.488  1137  1900 W Process : Unable to open /proc/-1/status
11-15 04:39:28.488  1137  1900 D HwActivityManagerServiceEx: notifyAppToTop pid:2497, enable:0
11-15 04:39:28.489  1137  2786 I HwPCUtils#HwRioViewManager: check if rio enable, displayId = 0， packageName = com.android.systemui
11-15 04:39:28.501  1137  1742 I PowerManagerService: handleSandman: wakefulness: 1,startDreaming: false
11-15 04:39:28.502   661   661 E DE H =DE: setDDICCABC:1445: can not support this mode: MODE_GAME!
11-15 04:39:28.503 16219 16242 I AwareBitmapCacher: init processName:com.idealdimension.EmpireAttack pid=16219 uid=10319
11-15 04:39:28.503  7120  8170 V HwCustTpProviderHwImpl: isMatchFlag = false
11-15 04:39:28.504  1160  1366 E DE N ABT: applyOperatingToComponent:1761: Failed to aplly MODE_GAME(Dimming:0) to COMPONENT_CABC, return -1
11-15 04:39:28.504 16219 16273 E AwareLog: AtomicFileUtils: readFileLines file not exist: android.util.AtomicFile@a88b393
11-15 04:39:28.512   686   876 W BufferQueueProducer: [GestureNavLeft#0]:1397: disconnect: not connected (req=1)
11-15 04:39:28.513  1137  2091 W libEGL  : EGLNativeWindowType 0x756572e610 disconnect failed
11-15 04:39:28.515  1137  2786 I WindowManager: addWindowToken: displayid:0 binder:android.os.BinderProxy@b38d5bd token:WindowToken{b9c2d59 android.os.BinderProxy@b38d5bd}
11-15 04:39:28.517  7120  7120 E Telephony-accessory: [HwPhoneAccessoryService]:Failed to get instance of HwPhoneAccessoryService, not init yet.
11-15 04:39:28.518  1137  2786 E WindowManager: App trying to use insecure INPUT_FEATURE_NO_INPUT_CHANNEL flag. Ignoring
11-15 04:39:28.517  7120  7120 E Telephony-accessory: [HwPhoneAccessoryService]:Failed to get instance of HwPhoneAccessoryService, not init yet.
11-15 04:39:28.521  7120  7732 E Telephony-accessory: [HwPhoneAccessoryService]:Failed to get instance of HwPhoneAccessoryService, not init yet.
11-15 04:39:28.522  7120  8235 E Telephony-accessory: [HwPhoneAccessoryService]:Failed to get instance of HwPhoneAccessoryService, not init yet.
11-15 04:39:28.522  7120  7732 E Telephony-accessory: [HwPhoneAccessoryService]:Failed to get instance of HwPhoneAccessoryService, not init yet.
11-15 04:39:28.523  7120  8353 E Telephony-accessory: [HwPhoneAccessoryService]:Failed to get instance of HwPhoneAccessoryService, not init yet.
11-15 04:39:28.523  1137  2786 I WindowManager: addWindow: Window{bb42209 u0 DockedStackDivider} client:android.os.BinderProxy@b38d5c1 currentDisplayId:0 requestDisplayId:0 token:android.os.BinderProxy@b38d5bd
11-15 04:39:28.523  7120  8317 E Telephony-accessory: [HwPhoneAccessoryService]:Failed to get instance of HwPhoneAccessoryService, not init yet.
11-15 04:39:28.523 16219 16219 E linker  : "/data/data/com.idealdimension.EmpireAttack/.cache/libsecexe.so" has unsupported e_shentsize: 0x0 (expected 0x28)
11-15 04:39:28.524 16219 16219 D AndroidRuntime: Shutting down VM
11-15 04:39:28.524  7120  8317 E Telephony-accessory: [HwPhoneAccessoryService]:Failed to get instance of HwPhoneAccessoryService, not init yet.
11-15 04:39:28.524 16219 16219 I QarthLog: [PatchStore] createDisableExceptionQarthFile
11-15 04:39:28.524 16219 16219 I QarthLog: [PatchStore] create disable file for com.idealdimension.EmpireAttack uid is 10319
11-15 04:39:28.524  7120  7735 E Telephony-accessory: [HwPhoneAccessoryService]:Failed to get instance of HwPhoneAccessoryService, not init yet.
--------- beginning of crash
11-15 04:39:28.525 16219 16219 E AndroidRuntime: FATAL EXCEPTION: main
11-15 04:39:28.525 16219 16219 E AndroidRuntime: Process: com.idealdimension.EmpireAttack, PID: 16219
11-15 04:39:28.525 16219 16219 E AndroidRuntime: java.lang.UnsatisfiedLinkError: dlopen failed: "/data/data/com.idealdimension.EmpireAttack/.cache/libsecexe.so" has unsupported e_shentsize: 0x0 (expected 0x28)
11-15 04:39:28.525 16219 16219 E AndroidRuntime: 	at java.lang.Runtime.load0(Runtime.java:938)
11-15 04:39:28.525 16219 16219 E AndroidRuntime: 	at java.lang.System.load(System.java:1632)
11-15 04:39:28.525 16219 16219 E AndroidRuntime: 	at com.bangcle.protect.ACall.<clinit>(ACall.java:35)
11-15 04:39:28.525 16219 16219 E AndroidRuntime: 	at com.bangcle.protect.ACall.getACall(ACall.java:44)
11-15 04:39:28.525 16219 16219 E AndroidRuntime: 	at com.bangcle.protect.Util.CopyBinaryFile(Util.java:601)
11-15 04:39:28.525 16219 16219 E AndroidRuntime: 	at com.bangcle.protect.Util.runAll(Util.java:800)
11-15 04:39:28.525 16219 16219 E AndroidRuntime: 	at com.idealdimension.EmpireAttack.CmgameApplication.onCreate(ApplicationTemplate.java:50)
11-15 04:39:28.525 16219 16219 E AndroidRuntime: 	at android.app.Instrumentation.callApplicationOnCreate(Instrumentation.java:1202)
11-15 04:39:28.525 16219 16219 E AndroidRuntime: 	at android.app.ActivityThread.handleBindApplication(ActivityThread.java:7601)
11-15 04:39:28.525 16219 16219 E AndroidRuntime: 	at android.app.ActivityThread.access$2600(ActivityThread.java:259)
11-15 04:39:28.525 16219 16219 E AndroidRuntime: 	at android.app.ActivityThread$H.handleMessage(ActivityThread.java:2440)
11-15 04:39:28.525 16219 16219 E AndroidRuntime: 	at android.os.Handler.dispatchMessage(Handler.java:110)
11-15 04:39:28.525 16219 16219 E AndroidRuntime: 	at android.os.Looper.loop(Looper.java:219)
11-15 04:39:28.525 16219 16219 E AndroidRuntime: 	at android.app.ActivityThread.main(ActivityThread.java:8673)
11-15 04:39:28.525 16219 16219 E AndroidRuntime: 	at java.lang.reflect.Method.invoke(Native Method)
11-15 04:39:28.525 16219 16219 E AndroidRuntime: 	at com.android.internal.os.RuntimeInit$MethodAndArgsCaller.run(RuntimeInit.java:513)
11-15 04:39:28.525 16219 16219 E AndroidRuntime: 	at com.android.internal.os.ZygoteInit.main(ZygoteInit.java:1109)
11-15 04:39:28.526  2143  2143 D InputEventReceiver: dispatchInputInterval 1000000
11-15 04:39:28.526  7120  7732 E Telephony-accessory: [HwPhoneAccessoryService]:Failed to get instance of HwPhoneAccessoryService, not init yet.
11-15 04:39:28.526  2328  2328 D TelephonyUtil: onSignalStrengthsChanged
11-15 04:39:28.526  2328  2328 D TelephonyUtil: handleSignalStrengthsChanged slotId:0
11-15 04:39:28.526  7120  7120 E Telephony-accessory: [HwPhoneAccessoryService]:Failed to get instance of HwPhoneAccessoryService, not init yet.
11-15 04:39:28.522  1137  2091 D mali_winsys: EGLint new_window_surface(egl_winsys_display *, void *, EGLSurface, EGLConfig, egl_winsys_surface **, EGLBoolean) returns 0x3000
11-15 04:39:28.531  2442  3885 I ScenarioService: refresh visibleApp:[com.idealdimension.EmpireAttack]
11-15 04:39:28.531  2442  3885 I PGServer: report state:14 event type:1 pid:-1 uid:-1 pkg:com.idealdimension.EmpireAttack to pid: 2442
11-15 04:39:28.531  1137  1870 I WindowManager: notifyAppStopped: AppWindowToken{b9df905 token=Token{b9dcba3 ActivityRecord{b9df809 u0 com.huawei.android.launcher/.unihome.UniHomeLauncher t1}}}
11-15 04:39:28.531  2442  3885 I ApsAppsTypeHandler: APS: APK: ApsAppsTypeHandler.getInstance, sInstance = com.huawei.android.hwaps.o@797082
11-15 04:39:28.531  1137  1870 E WindowManager: win=Window{b96725d u0 com.huawei.android.launcher/com.huawei.android.launcher.unihome.UniHomeLauncher} destroySurfaces: appStopped=true win.mWindowRemovalAllowed=false win.mRemoveOnExit=false
11-15 04:39:28.531  2442  3885 I PF_API_JNI: ACCKIT_APS_NotifyInfo 3: com.idealdimension.EmpireAttack
11-15 04:39:28.532   682   713 D ACCKIT_ : pack:"com.idealdimension.EmpireAttack"
11-15 04:39:28.532  2442  3885 E CommonAdapter: getRunningPackageInfos Exception
11-15 04:39:28.532  2442  3885 E ScenarioService: multiScreenVisibleApps is empty
11-15 04:39:28.534  2497  2497 I RmeSchedManager: init Rme, version is: v1.0
11-15 04:39:28.535  1137  1668 W BroadcastQueue: intentAction=android.intent.action.BOOT_COMPLETEDdispatchTime=156594 numReceivers=150 nextReceiver=78 now=448040 state=3 curReceiver= null
11-15 04:39:28.538  2442  3905 I NetworkDualChannelCtrl: add low latency scene: game, the current low latency is {com.idealdimension.EmpireAttack=[game]}
11-15 04:39:28.538  2442  3905 I PG_ash  : com.huawei.android.launcher become invisible
11-15 04:39:28.540  1137  1608 W Looper  : Slow dispatch took 264ms android.ui h=com.android.server.am.ActivityManagerService$UiHandler c=null m=31
11-15 04:39:28.541   680   680 D AudioPolicyService: getUidState(10319) !cacheIter->second.first, return PROCESS_STATE_UNKNOWN
11-15 04:39:28.541   680   680 D AudioPolicyService: getUidState(10319) cacheIter->second.first, return cacheIter->second.second(-1)
11-15 04:39:28.541  1137  1608 W Looper  : Slow delivery took 263ms android.ui h=com.android.server.am.ActivityManagerService$UiHandler c=null m=53
11-15 04:39:28.542  1137  2776 D HwNetworkManagementService: code == CODE_SET_CHR_REPORT_APP_LIST
11-15 04:39:28.542  1137  1608 I HwActivityStackSupervisorEx: handleVrDisplayChanged displayId = 0
11-15 04:39:28.542  1137  1608 W HwActivityStackSupervisorEx: handleVrDisplayChanged other vr mode displayId: 0
11-15 04:39:28.543  1137  1668 W BroadcastQueue: intentAction=android.intent.action.BOOT_COMPLETEDdispatchTime=156594 numReceivers=150 nextReceiver=78 now=448048 state=3 curReceiver= null
11-15 04:39:28.543  1137  1612 I WindowManager: Policy visibility false: Window{bb42209 u0 DockedStackDivider}
11-15 04:39:28.544  1137  2484 I HwAudioService: now type = 28,reportForegroundAppType = 9systemload = 28VOIP_OPTIMIZE_IN_GAMEMODEfalse
11-15 04:39:28.550   606 15741 I OemNetd : setChrAppUid(10, 10319)
11-15 04:39:28.551  1137  2298 I HwPCUtils#HwPCManagerService: onDisplayChanged, displayId:0
11-15 04:39:28.551  1137  2776 I HwNetworkManagementService: chr appuid set succeeded
11-15 04:39:28.550  1137  1611 I WindowManager: dispatchResized : win = Window{b95a009 u0 GestureNavRight} drawState = HAS_DRAWN
11-15 04:39:28.553  1137  1611 I WindowManager: handle SET_LAUNCHER_VISIBLE_IN_FINGER_BOOST visible:true handle:trueuserId:0, currentUserId:0
11-15 04:39:28.553  1137  1611 D WindowManager: setLauncherVisibleInFingerBoost record=ActivityRecord{b9df809 u0 com.huawei.android.launcher/.unihome.UniHomeLauncher t1}
11-15 04:39:28.553  1137  1611 I WindowManager: setLauncherVisible setAlpha to 1.0
11-15 04:39:28.555  2143  2143 D HwFloatDockBar: FloatBallUtils getNotchOffset Integer result =320
11-15 04:39:28.555  1137  1668 W BroadcastQueue: intentAction=android.intent.action.BOOT_COMPLETEDdispatchTime=156594 numReceivers=150 nextReceiver=78 now=448060 state=3 curReceiver= null
11-15 04:39:28.556  1137  1611 D WindowManager: setLauncherVisible wallpaperScale=false
11-15 04:39:28.556  1137  1870 I HwNetworkPolicy: onTransact, code = 203
11-15 04:39:28.557  2558  2860 I HwNetworkPolicyManager: getHwUidPolicy uid = 10319 policy = 0
11-15 04:39:28.561  2497  2497 I HwLauncher: Model onReceive intent=Intent { act=android.intent.action.CONFIGURATION_CHANGED flg=0x70200010 }
11-15 04:39:28.561  2497  2497 I HwLauncher: Model onReceive action=android.intent.action.CONFIGURATION_CHANGED
11-15 04:39:28.562  2497  2497 I HwLauncher: Model onReceive user=UserHandle{0}
11-15 04:39:28.562   680  2175 I AudioPolicyService: Game live: add game uid = 10319
11-15 04:39:28.564  2497  2497 I HwLauncher: IconUtil updateIconTitleSize fontSize = 12.5
11-15 04:39:28.564  2497  2497 I HwLauncher: IconUtil updateIconTitleSize after fontSize: 21.25
11-15 04:39:28.565  1137 16279 I QarthDisFileCreator: pattern not match
11-15 04:39:28.566  1137  1927 I InputReader: Reconfiguring input devices.  changes=0x00000010
11-15 04:39:28.566  1137  2786 W ActivityTaskManager:   finishTopCrashedActivityLocked Force finishing activity com.idealdimension.EmpireAttack/cn.cmgame.billing.api.GameOpenActivity
11-15 04:39:28.566  1137  1608 W Looper  : Drained
11-15 04:39:28.566  1137  2786 V ActivityTaskManager: positionChild stackId=0 to top.
11-15 04:39:28.567  1137 16282 I DropBoxManagerService: add tag=data_app_crash isTagEnabled=true flags=0x2
11-15 04:39:28.568  1137  2786 W HwActivityTaskManagerServiceEx: appSwitch from: com.idealdimension.EmpireAttack to: com.huawei.android.launcher
11-15 04:39:28.568  1137  2786 V HwActivityTaskManagerServiceEx: takeTaskSnapShot package com.idealdimension.EmpireAttack
11-15 04:39:28.569  1137  2080 I WiFi_PRO_WifiProStateMachine: current app com.huawei.android.launcher, has changed
11-15 04:39:28.569  1137  2080 I WiFi_PRO_WifiProStateMachine: not in RecommendWifi2CellState.
11-15 04:39:28.570  2328  4683 I AssistantService-11.2.1.200: registerHwActivityNotifier call fromPackage:com.idealdimension.EmpireAttack, toPackage:com.huawei.android.launcher
11-15 04:39:28.570  2328 15184 D Hicom_Monitor: AppSwitchNotifier not support app from:com.idealdimension.EmpireAttack, to:com.huawei.android.launcher
11-15 04:39:28.570  2328  5344 D AssistantService-11.2.1.200: handleMessage app switch fromPackage:com.idealdimension.EmpireAttack, toPackage:com.huawei.android.launcher
11-15 04:39:28.570  1137  1630 D HwGameAssistantController: UPDATE: mCurFgPkg=com.huawei.android.launcher, mCurFgPid=2497, mIsCurGame=false
11-15 04:39:28.571  8624  9065 I CAWARENESS_34450_AppUsageManager: Repeat info, don't need publish
11-15 04:39:28.572  2532 16228 I HiAdKit.DC.PersistentMessageCenter:  notifyMessage com.huawei.hwid_app_switch_from_to_intent
11-15 04:39:28.572  1137  1137 W Looper  : Slow dispatch took 108ms main h=android.app.ActivityThread$H c=android.app.-$$Lambda$LoadedApk$ReceiverDispatcher$Args$_BumDX2UKsnxLVrE6UJsJZkotuA@bc4e40c m=0
11-15 04:39:28.572  1137  1137 D HwBastetService: BroadcastReceiver android.intent.action.PACKAGE_CHANGED
11-15 04:39:28.572  1137  1137 W Looper  : Slow delivery took 207ms main h=android.app.ActivityThread$H c=android.app.-$$Lambda$LoadedApk$ReceiverDispatcher$Args$_BumDX2UKsnxLVrE6UJsJZkotuA@bc4e42a m=0
11-15 04:39:28.573  2143  2143 D HwFloatDockBar: FloatBallUtils setCapsuleBall: sIsCapsuleBall = false state = false
11-15 04:39:28.574  2442  3885 I ScenarioService: app focus change from: com.idealdimension.EmpireAttack to:com.huawei.android.launcher
11-15 04:39:28.574  2442  3885 I ScenarioService: add focus on app:com.huawei.android.launcher to visiblePkgs
11-15 04:39:28.574  1137 12689 W SecurityProfileService: verifyPackage must return for huawei policy not found: getPolicy err for SignatureInvalidException, apkPath: /data/app/com.snda.wifilocating-_E3EfOWP83sEH_KUUJtE3Q==/base.apk
11-15 04:39:28.574  2696 15938 I iconnect:BluetoothApi: adapter status 12
11-15 04:39:28.575  2696 15938 I iconnect:NearbyDeviceDetect: isPropEnable=true, isBluetoothEnabled=true, isScreenOn=true, isNotSpecialAppOnTop=true, scanCondition=1
11-15 04:39:28.575  2696 15938 I iconnect:NearbyDeviceDetect: startScan
11-15 04:39:28.575  2696 15938 I iconnect:ScanAdapter: startDetect
11-15 04:39:28.575  2696 15938 I iconnect:NearbyScanner: setFreq:BleScanLevel{name=LOW, level=1}
11-15 04:39:28.575  2696 15938 E nearby  : CloseRangeAdapter:no such business type
11-15 04:39:28.575  2696 15924 I iconnect:NearbyScanner:  startDetectTask run, mStartDetect:false
11-15 04:39:28.575  2696 15924 I iconnect:NearbyScanner: subscribeEvent
11-15 04:39:28.579  1154  1170 I bastetd : [IBastetService ] onTransact# BnBastetService::onTransact, code=29, flags=17
11-15 04:39:28.583  2143  2143 I HwImageWallpaper: onConfigurationChanged
11-15 04:39:28.583  2734  5046 I bt_btif bt interface: enable_fast_scan: is_enabled: 1
11-15 04:39:28.584   680  2175 D AudioFlinger: setParameters(): io 0, keyvalue debug log is close, calling pid 2442 calling uid 1000
11-15 04:39:28.584   680  2175 I SwsHandle: IAware setParameter to histen: 0
11-15 04:39:28.585   652   714 I AudioModuleManager: [AudioModuleSetParameters:51]: list size: 13
11-15 04:39:28.585  7120  7732 E Telephony-accessory: [HwPhoneAccessoryService]:Failed to get instance of HwPhoneAccessoryService, not init yet.
11-15 04:39:28.586  1137  1610 D TetheringConfiguration: upstreamIfaceTypes [1, 7, 0], dunCheck is false
11-15 04:39:28.589   680  2175 D AudioFlinger: setParameters(): io 0, keyvalue debug log is close, calling pid 2442 calling uid 1000
11-15 04:39:28.590  7120  8170 E Telephony-accessory: [HwPhoneAccessoryService]:Failed to get instance of HwPhoneAccessoryService, not init yet.
11-15 04:39:28.590   652   714 I AudioModuleManager: [AudioModuleSetParameters:51]: list size: 13
11-15 04:39:28.593  1137  2786 V WindowManager: commitVisibility: AppWindowToken{b3f2b44 token=Token{bac4bbc ActivityRecord{b3f2a48 u0 com.idealdimension.EmpireAttack/cn.cmgame.billing.api.GameOpenActivity t590}}}: hidden=true hiddenRequested=true
11-15 04:39:28.593  1137  2786 I WindowManager: Animation done in AppWindowToken{b3f2b44 token=Token{bac4bbc ActivityRecord{b3f2a48 u0 com.idealdimension.EmpireAttack/cn.cmgame.billing.api.GameOpenActivity t590}}} isHidden:true hiddenRequested:true
11-15 04:39:28.593  1137  2786 W WindowManager: Failed to take screenshot AppWindowToken{b3f2b44 token=Token{bac4bbc ActivityRecord{b3f2a48 u0 com.idealdimension.EmpireAttack/cn.cmgame.billing.api.GameOpenActivity t590}}} mHadTakenSnapShot true
11-15 04:39:28.594  1137  1742 I PowerManagerService: handleSandman: wakefulness: 1,startDreaming: false
11-15 04:39:28.595  7120  7732 E Telephony-accessory: [HwPhoneAccessoryService]:Failed to get instance of HwPhoneAccessoryService, not init yet.
11-15 04:39:28.598 13758 13758 D GLM_LOG : ProcessUtils  currentProcessName:com.zhipuai.qingyan
11-15 04:39:28.599  2497  2527 I ndroid.launche: NativeAlloc concurrent copying GC freed 108751(5584KB) AllocSpace objects, 2(76KB) LOS objects, 49% free, 6918KB/13MB, paused 155us total 360.260ms DisableRefAccess:3.536ms(3.522ms)
11-15 04:39:28.599  1157  2671 I AGPService: aps-info: get max lcd freq: 60, list: 60
11-15 04:39:28.599  2143  2143 I HwImageWallpaper: APS:APK:getLcdFreqInfoFromAgp: result = 60
11-15 04:39:28.601  1137  1668 W BroadcastQueue: intentAction=android.intent.action.BOOT_COMPLETEDdispatchTime=156594 numReceivers=150 nextReceiver=78 now=448106 state=3 curReceiver= null
11-15 04:39:28.602  1137  1608 I ActivityManager: get AppResource
11-15 04:39:28.603 16219 16219 I Process : Sending signal. PID: 16219 SIG: 9
11-15 04:39:28.614  1137  1921 I WindowManager: Deferring rotation, still finishing previous rotation
11-15 04:39:28.624  1137  1649 W SearchableInfo: Invalid searchable metadata for tv.danmaku.bili/com.bilibili.bililive.room.ui.roomv3.LiveRoomActivityV3: Search label must be a resource reference.
11-15 04:39:28.625  1137  1668 W BroadcastQueue: intentAction=android.intent.action.BOOT_COMPLETEDdispatchTime=156594 numReceivers=150 nextReceiver=78 now=448130 state=3 curReceiver= null
11-15 04:39:28.626  2696 15924 I Softbus : [DiscAppServiceImpl]: startDiscovery, id:100301000 role:DISCOVERY mode:PASSIVE type:BLE
11-15 04:39:28.628  2696  3180 E nearby  : DeviceManager:ReportDeviceInfo mScanResult is null, ignore it.
11-15 04:39:28.629  2696  3180 D Softbus : [EnvironmentManager]: isScreenOn:true
11-15 04:39:28.630  2696  3180 E nearby  : UsbScanManager:No target device, return
11-15 04:39:28.632  1137  2745 I ActivityManager: Process com.idealdimension.EmpireAttack (pid 16219) has died: vis+99 TOP 
11-15 04:39:28.633  1137  2745 D ActivityManager: cleanUpApplicationRecord app: 16219:com.idealdimension.EmpireAttack/u0a319, bad: false, restarting: false, allowRestart: true
11-15 04:39:28.633  1137  1624 I HwPowerManagerService: appdie release wakelock, pid = 16219, uid = 10319
11-15 04:39:28.633  1137  1670 I libprocessgroup: Successfully killed process cgroup uid 10319 pid 16219 in 0ms
11-15 04:39:28.634  1137  1991 W HwAudioServiceEx: SoundEffectState bundle get reserved is invalid
11-15 04:39:28.634  1137  1991 I HwAudioServiceEx: sendAppKilledIntentForKit, isKitPackageOnPause = false, isKitPackageKill = false, isKitPackageOnResume = false
11-15 04:39:28.635   608   608 I Zygote  : Process 16219 exited due to signal 9 (Killed)
11-15 04:39:28.636  2328 15184 E HsmCoreServiceImpl: onTransact in code is: 102
11-15 04:39:28.636  2328 15184 I MediaProcessHandler: processOp opType: 1, uid: 10319, pid: 16219
11-15 04:39:28.636  2328 15184 W MediaProcessHandler: only the process it self can do this operation: 10319, 1000, 16219, 2558
11-15 04:39:28.637  2328 15184 I MediaProcessHandler: executedCallBack opType: 1 mMediaStatusObservers.size=1
11-15 04:39:28.638  1137  1137 E HwVrServiceManagerImpl: client service is not alive.
11-15 04:39:28.638  1137  2295 I InputDispatcher: setIawareGameModeAccurate: 0
11-15 04:39:28.639  1137  2745 I WindowManager: removeWindowToken: displayid:0 binder:Token{bac4bbc ActivityRecord{b3f2a48 u0 com.idealdimension.EmpireAttack/cn.cmgame.billing.api.GameOpenActivity t590 f}} token:AppWindowToken{b3f2b44 token=Token{bac4bbc ActivityRecord{b3f2a48 u0 com.idealdimension.EmpireAttack/cn.cmgame.billing.api.GameOpenActivity t590}}}
11-15 04:39:28.639  2328  3760 I Hicom_Monitor: notifyAppDied: uid = 10319
11-15 04:39:28.639  1137  2745 I WindowManager: Animation done in AppWindowToken{b3f2b44 token=Token{bac4bbc ActivityRecord{b3f2a48 u0 com.idealdimension.EmpireAttack/cn.cmgame.billing.api.GameOpenActivity t590}}} isHidden:true hiddenRequested:true
11-15 04:39:28.639  2328  3760 I UctpAppMonitor: handleAppDied: pkgName is com.idealdimension.EmpireAttack mIsNeedToOpen is false
11-15 04:39:28.639  2328  3760 I AppStatisticProc: handleAppDied: pkgName = com.idealdimension.EmpireAttack is not apk supported in Smartcare
11-15 04:39:28.641  1137  1900 D HwActivityManagerServiceEx: notifyAppToTop pid:2497, enable:1
11-15 04:39:28.641   686  4266 W BufferQueueProducer: [GestureNavRight#0]:1397: disconnect: not connected (req=1)
11-15 04:39:28.642  1137  2091 W libEGL  : EGLNativeWindowType 0x7565769c50 disconnect failed
11-15 04:39:28.643   606  1473 I netd    : trafficSwapActiveStatsMap() <194.75ms>
11-15 04:39:28.645  1137  2091 D mali_winsys: EGLint new_window_surface(egl_winsys_display *, void *, EGLSurface, EGLConfig, egl_winsys_surface **, EGLBoolean) returns 0x3000
11-15 04:39:28.646  1137  1137 D BehaviorCollectorService: into landscape
11-15 04:39:28.648  1137 12689 W SecurityProfileService: Policy not found: getPolicy err for SignatureInvalidException
11-15 04:39:28.648  2497  2497 I RmeSchedManager: init Rme, version is: v1.0
11-15 04:39:28.649  1137  2745 I TaskSnapshot: taskId:590 Callers=com.android.server.wm.TaskSnapshotCache.removeRunningEntry:5317388 com.android.server.wm.TaskSnapshotCache.onAppRemoved:5523816 com.android.server.wm.AppWindowToken.onRemovedFromDisplay:6008240 com.android.server.wm.DisplayContent.removeAppToken:5540696 com.android.server.wm.ActivityRecord.removeWindowContainer:5539012 com.android.server.wm.ActivityStack.removeActivityFromHistoryLocked:5539740 com.android.server.wm.ActivityStack.removeHistoryRecordsForAppLocked:6234104 com.android.server.wm.ActivityStack.handleAppDiedLocked:6234752 
11-15 04:39:28.650  1137  2745 V WindowManager: removeAppToken: AppWindowToken{b3f2b44 token=Token{bac4bbc ActivityRecord{b3f2a48 u0 com.idealdimension.EmpireAttack/cn.cmgame.billing.api.GameOpenActivity t590}}} delayed=true Callers=com.android.server.wm.DisplayContent.removeAppToken:5540696 com.android.server.wm.ActivityRecord.removeWindowContainer:5539012 com.android.server.wm.ActivityStack.removeActivityFromHistoryLocked:5539740 com.android.server.wm.ActivityStack.removeHistoryRecordsForAppLocked:6234104 com.android.server.wm.ActivityStack.handleAppDiedLocked:6234752 com.android.server.wm.RootActivityContainer.handleAppDied:5678172 com.android.server.wm.ActivityTaskManagerService$LocalService.handleAppDied:5679428 com.android.server.am.ActivityManagerService.handleAppDiedLocked:5667148 com.android.server.am.ActivityManagerService.appDiedLocked:4858508 
11-15 04:39:28.650  1137  2745 V WindowManager: removeAppToken make exiting: AppWindowToken{b3f2b44 token=Token{bac4bbc ActivityRecord{b3f2a48 u0 com.idealdimension.EmpireAttack/cn.cmgame.billing.api.GameOpenActivity t590}}}
11-15 04:39:28.648  1137  1649 W SearchableInfo: Invalid searchable metadata for tv.danmaku.bili/com.bilibili.bililive.room.ui.roomv3.LiveRoomTranslucentActivity: Search label must be a resource reference.
11-15 04:39:28.652  1157  2671 D ITouchService: itouch stylusCurrentPkgName = com.idealdimension.EmpireAttack lastOneFramePkgName = 
11-15 04:39:28.652  1157  2671 D ITouchService: itouch currentPackageName = com.idealdimension.EmpireAttack
11-15 04:39:28.652  1157  2671 D ITouchService: itouch appType=-5 appState=0 gameMode=2
11-15 04:39:28.652  1157  2671 D ITouchService: itouchReaderMonitor empty
11-15 04:39:28.652  1157  2671 D ITouchService: g_itouch_reader_monitor Monitor::IsReaderMonitorEnable()=0
11-15 04:39:28.652  1157  2671 D ITouchService: itouch getCurrentParmID tempPkg=com.idealdimension.xxx
11-15 04:39:28.652  1157  2671 D ITouchService: itouch:app com.idealdimension.EmpireAttack is  not in StylusPenList
11-15 04:39:28.652  1157  2671 D ITouchService: itouch:styluspen_switch is disable
11-15 04:39:28.652  1157  2671 D ITouchService: itouch:currentAppTypeName =|ITOUCHGAME|
11-15 04:39:28.656  1137  2745 I TaskSnapshot: taskId:590 Callers=com.android.server.wm.TaskSnapshotCache.removeRunningEntry:5317388 com.android.server.wm.TaskSnapshotCache.onTaskRemoved:4746396 com.android.server.wm.TaskSnapshotController.notifyTaskRemovedFromRecents:4747172 com.android.server.wm.WindowManagerService.notifyTaskRemovedFromRecents:4748216 com.android.server.wm.TaskRecord.removedFromRecents:4757720 com.android.server.wm.ActivityStackSupervisor.onRecentTaskRemoved:4754432 com.android.server.wm.RecentTasks.notifyTaskRemoved:4754700 com.android.server.wm.RecentTasks.remove:4755004 
11-15 04:39:28.659  2143  2143 W StatusBar: disable<e i a s b h r c s > disable2<q i n >
11-15 04:39:28.660  1137  1649 W SearchableInfo: Invalid searchable metadata for tv.danmaku.bili/com.bilibili.bililive.biz.livehome.indexfeed.ui.live.LiveAllActivity: Search label must be a resource reference.
11-15 04:39:28.661  2143  2143 I ExpandableNotifRow: setHideSensitive mPublicLayout.getChildCount() == 0, notification key: -1|android|26|null|1000
11-15 04:39:28.661  2143  2143 I ExpandableNotifRow: setHideSensitive mPublicLayout.getChildCount() == 0, notification key: 0|com.android.settings|1000002|null|1000
11-15 04:39:28.661  1137  1649 W SearchableInfo: Invalid searchable metadata for tv.danmaku.bili/com.bilibili.bililive.biz.livehome.indexfeed.ui.live.area.LiveAreaVideoListActivity: Search label must be a resource reference.
11-15 04:39:28.663  1137  2745 D InputEventReceiver: dispatchInputInterval 1000000
11-15 04:39:28.663  1137  1649 W SearchableInfo: Invalid searchable metadata for tv.danmaku.bili/com.bilibili.bililive.biz.livehome.indexfeed.ui.live.search.LiveSearchActivity: Search label must be a resource reference.
11-15 04:39:28.663  1137  2745 D InputEventReceiver: dispatchInputInterval 1000000
11-15 04:39:28.663  1137  2745 I chatty  : uid=1000(system) Binder:1137_E identical 1 line
11-15 04:39:28.664  1137  2745 D InputEventReceiver: dispatchInputInterval 1000000
11-15 04:39:28.672  1168 16286 D keymaster_worker: Keystore begin
11-15 04:39:28.674  1168 16286 D keymaster_worker: Keystore begin hidl
11-15 04:39:28.674   527   527 I HisiKeyMaster: HisiKmBegin start
11-15 04:39:28.675   527   527 I HisiKeyMaster: Disable the enhanced crypto!
11-15 04:39:28.678  1137  2745 V ActivityTaskManager: removeChild: detaching stackId=4 from displayId=0
11-15 04:39:28.679   606  1473 I netd    : trafficSwapActiveStatsMap() <33.54ms>
11-15 04:39:28.685  1137  2745 V WindowManager: commitVisibility: AppWindowToken{b9df905 token=Token{b9dcba3 ActivityRecord{b9df809 u0 com.huawei.android.launcher/.unihome.UniHomeLauncher t1}}}: hidden=false hiddenRequested=false
11-15 04:39:28.685  1137  2745 I WindowManager: Animation done in AppWindowToken{b9df905 token=Token{b9dcba3 ActivityRecord{b9df809 u0 com.huawei.android.launcher/.unihome.UniHomeLauncher t1}}} isHidden:false hiddenRequested:false
11-15 04:39:28.686  1137  2745 I WindowManager: Deferring rotation, still finishing previous rotation
11-15 04:39:28.687  1137  2745 I ActivityTaskManager: Making visible and scheduling visibility: ActivityRecord{b9df809 u0 com.huawei.android.launcher/.unihome.UniHomeLauncher t1}
11-15 04:39:28.688  1137  2745 I WindowManager: Animation done in AppWindowToken{b9df905 token=Token{b9dcba3 ActivityRecord{b9df809 u0 com.huawei.android.launcher/.unihome.UniHomeLauncher t1}}} isHidden:false hiddenRequested:false
11-15 04:39:28.691  1137  2745 I WindowManager: notifyRotate() to observer android.view.IHwRotateObserver$Stub$Proxy@ba0a147
11-15 04:39:28.691  1137  2745 I WindowManager: notifyRotate() to observer android.view.IHwRotateObserver$Stub$Proxy@b9ff9fe
11-15 04:39:28.696  1137  2745 I HwFreeFormAssistant: reset bounds records, displayWidth:720 displayHeight:1600
11-15 04:39:28.697   527   527 I HisiKeyMaster: out_params_buffer_len = 32
11-15 04:39:28.697  1137  2745 I HwMultiWindowSplitUI: mUiMode = 32  current ui mode = 32
11-15 04:39:28.697   527   527 I HisiKeyMaster: HisiKmBegin success
11-15 04:39:28.697  1168 16286 D keymaster_worker: Keystore begin hidl end
11-15 04:39:28.697  1168 16286 D keymaster_worker: Keystore begin end
11-15 04:39:28.698  1137  2745 I ActivityTaskManager: Config changes=20000480 {0.85 460mcc65535mnc [zh_CN_#Hans] ldltr sw360dp w360dp h738dp 320dpi nrml long port night finger -keyb/v/h -nav/h winConfig={ mBounds=Rect(0, 0 - 720, 1600) mAppBounds=Rect(0, 45 - 720, 1522) mWindowingMode=fullscreen mDisplayWindowingMode=fullscreen mActivityType=undefined mAlwaysOnTop=undefined mRotation=ROTATION_0} suim:1 fontWeightScale:100 s.149}
11-15 04:39:28.699  1168 16287 D keymaster_worker: Keystore update
11-15 04:39:28.699  1168 16287 D keymaster_worker: Keystore update hidl
11-15 04:39:28.699   527   527 I HisiKeyMaster: HisiKmUpdate start
11-15 04:39:28.699   527   527 I HisiKeyMaster: Disable the enhanced crypto!
11-15 04:39:28.705   527   527 I HisiKeyMaster: HisiKmUpdate success
11-15 04:39:28.706  1168 16287 D keymaster_worker: Keystore update hidl end
11-15 04:39:28.706  1168 16287 D keymaster_worker: Keystore update end
11-15 04:39:28.706  4929  4929 I FLTAG_AFM: applyConfigurationToResources
11-15 04:39:28.707  1168 16288 D keymaster_worker: Keystore update
