11-15 04:37:56.254  2696 15925 I iconnect:NearbyConfigInfo: scanCondition 
11-15 04:37:56.254  2696 15925 I iconnect:NearbyScanner: do not need to set filter NearbyConfigInfo{name=HUAWEI HiCar模拟器, modelId=000408}
11-15 04:37:56.254  2696 15925 I iconnect:NearbyConfigInfo: scanCondition 
11-15 04:37:56.254  2696 15925 I iconnect:NearbyScanner: do not need to set filter NearbyConfigInfo{name=HUAWEI HiCar, modelId=00040C}
11-15 04:37:56.254  2696 15925 I iconnect:NearbyConfigInfo: scanCondition 
11-15 04:37:56.254  2696 15925 I iconnect:NearbyScanner: do not need to set filter NearbyConfigInfo{name=HUAWEI HiCar, modelId=00040B}
11-15 04:37:56.255  2696 15925 I iconnect:NearbyConfigInfo: scanCondition 
11-15 04:37:56.255  2696 15925 I iconnect:NearbyScanner: do not need to set filter NearbyConfigInfo{name=HUAWEI HiCar, modelId=00040A}
11-15 04:37:56.255  2696 15925 I iconnect:NearbyConfigInfo: scanCondition 
11-15 04:37:56.255  2696 15925 I iconnect:NearbyScanner: do not need to set filter NearbyConfigInfo{name=荣威, modelId=00040F}
11-15 04:37:56.255  2696 15925 I iconnect:NearbyConfigInfo: scanCondition 
11-15 04:37:56.255  2696 15925 I iconnect:NearbyScanner: do not need to set filter NearbyConfigInfo{name=我的座驾, modelId=00040E}
11-15 04:37:56.255  2696 15925 I iconnect:NearbyConfigInfo: scanCondition 
11-15 04:37:56.255  2696 15925 I iconnect:NearbyScanner: do not need to set filter NearbyConfigInfo{name=HUAWEI HiCar, modelId=00040D}
11-15 04:37:56.255  2696 15925 I iconnect:NearbyConfigInfo: scanCondition 
11-15 04:37:56.255  2696 15925 I iconnect:NearbyScanner: do not need to set filter NearbyConfigInfo{name=帝豪L, modelId=000432}
11-15 04:37:56.255  2696 15925 I iconnect:NearbyConfigInfo: scanCondition 
11-15 04:37:56.255  2696 15925 I iconnect:NearbyScanner: do not need to set filter NearbyConfigInfo{name=缤越, modelId=000431}
11-15 04:37:56.255  2696 15925 I iconnect:NearbyConfigInfo: scanCondition 
11-15 04:37:56.255  2696 15925 I iconnect:NearbyScanner: do not need to set filter NearbyConfigInfo{name=X600, modelId=000430}
11-15 04:37:56.255  2696 15925 I iconnect:NearbyConfigInfo: scanCondition 
11-15 04:37:56.255  2696 15925 I iconnect:NearbyScanner: do not need to set filter NearbyConfigInfo{name=AIWAYS, modelId=000436}
11-15 04:37:56.255  2696 15925 I iconnect:NearbyConfigInfo: scanCondition 
11-15 04:37:56.255  2696 15925 I iconnect:NearbyScanner: do not need to set filter NearbyConfigInfo{name=星越S, modelId=000435}
11-15 04:37:56.255  2696 15925 I iconnect:NearbyConfigInfo: scanCondition 
11-15 04:37:56.255  2696 15925 I iconnect:NearbyScanner: do not need to set filter NearbyConfigInfo{name=陕汽重卡, modelId=000434}
11-15 04:37:56.255  2696 15925 I iconnect:NearbyConfigInfo: scanCondition 
11-15 04:37:56.255  2696 15925 I iconnect:NearbyScanner: do not need to set filter NearbyConfigInfo{name=ICON巧克力, modelId=000433}
11-15 04:37:56.255  2696 15925 I iconnect:NearbyConfigInfo: scanCondition 
11-15 04:37:56.255  2696 15925 I iconnect:NearbyScanner: do not need to set filter NearbyConfigInfo{name=东风皓极, modelId=000439}
11-15 04:37:56.255  2696 15925 I iconnect:NearbyConfigInfo: scanCondition 
11-15 04:37:56.255  2696 15925 I iconnect:NearbyScanner: do not need to set filter NearbyConfigInfo{name=HUAWEI HiCar, modelId=000438}
11-15 04:37:56.255  2696 15925 I iconnect:NearbyConfigInfo: scanCondition 
11-15 04:37:56.255  2696 15925 I iconnect:NearbyScanner: do not need to set filter NearbyConfigInfo{name=江铃福特 领睿, modelId=000437}
11-15 04:37:56.255  2696 15925 I iconnect:NearbyConfigInfo: scanCondition 
11-15 04:37:56.255  2696 15925 I iconnect:NearbyScanner: do not need to set filter NearbyConfigInfo{name=星瑞, modelId=00043B}
11-15 04:37:56.255  2696 15925 I iconnect:NearbyConfigInfo: scanCondition 
11-15 04:37:56.255  2696 15925 I iconnect:NearbyScanner: do not need to set filter NearbyConfigInfo{name=Z2, modelId=00043A}
11-15 04:37:56.255  2696 15925 I iconnect:NearbyConfigInfo: scanCondition 
11-15 04:37:56.255  2696 15925 I iconnect:NearbyScanner: do not need to set filter NearbyConfigInfo{name=缤瑞, modelId=00043F}
11-15 04:37:56.255  2696 15925 I iconnect:NearbyConfigInfo: scanCondition 
11-15 04:37:56.255  2696 15925 I iconnect:NearbyScanner: do not need to set filter NearbyConfigInfo{name=领克06, modelId=00043E}
11-15 04:37:56.255  2696 15925 I iconnect:NearbyConfigInfo: scanCondition 
11-15 04:37:56.255  2696 15925 I iconnect:NearbyScanner: do not need to set filter NearbyConfigInfo{name=豪越L, modelId=00043D}
11-15 04:37:56.255  2696 15925 I iconnect:NearbyConfigInfo: scanCondition 
11-15 04:37:56.255  2696 15925 I iconnect:NearbyScanner: do not need to set filter NearbyConfigInfo{name=嘉际, modelId=00043C}
11-15 04:37:56.256  2696 15925 I iconnect:NearbyConfigInfo: scanCondition 
11-15 04:37:56.256  2696 15925 I iconnect:NearbyScanner: do not need to set filter NearbyConfigInfo{name=盯盯拍车载智慧屏S50, modelId=000421}
11-15 04:37:56.256  2696 15925 I iconnect:NearbyConfigInfo: scanCondition 
11-15 04:37:56.256  2696 15925 I iconnect:NearbyScanner: do not need to set filter NearbyConfigInfo{name=轻屏, modelId=000420}
11-15 04:37:56.256  2696 15925 I iconnect:NearbyConfigInfo: scanCondition 
11-15 04:37:56.256  2696 15925 I iconnect:NearbyScanner: do not need to set filter NearbyConfigInfo{name=奕炫 MAX, modelId=000425}
11-15 04:37:56.256  2696 15925 I iconnect:NearbyConfigInfo: scanCondition 
11-15 04:37:56.256  2696 15925 I iconnect:NearbyScanner: do not need to set filter NearbyConfigInfo{name=盯盯拍智慧车机, modelId=000424}
11-15 04:37:56.256  2696 15925 I iconnect:NearbyConfigInfo: scanCondition 
11-15 04:37:56.256  2696 15925 I iconnect:NearbyScanner: do not need to set filter NearbyConfigInfo{name=奇瑞小蚂蚁, modelId=000423}
11-15 04:37:56.256  2696 15925 I iconnect:NearbyConfigInfo: scanCondition 
11-15 04:37:56.256  2696 15925 I iconnect:NearbyScanner: do not need to set filter NearbyConfigInfo{name=盯盯拍智能后视镜S5, modelId=000422}
11-15 04:37:56.256  2696 15925 I iconnect:NearbyConfigInfo: scanCondition 
11-15 04:37:56.256  2696 15925 I iconnect:NearbyScanner: do not need to set filter NearbyConfigInfo{name=领克03, modelId=000429}
11-15 04:37:56.256  2696 15925 I iconnect:NearbyConfigInfo: scanCondition 
11-15 04:37:56.256  2696 15925 I iconnect:NearbyScanner: do not need to set filter NearbyConfigInfo{name=领克02, modelId=000428}
11-15 04:37:56.256  2696 15925 I iconnect:NearbyConfigInfo: scanCondition 
11-15 04:37:56.256  2696 15925 I iconnect:NearbyScanner: do not need to set filter NearbyConfigInfo{name=奕炫GS, modelId=000427}
11-15 04:37:56.256  2696 15925 I iconnect:NearbyConfigInfo: scanCondition 
11-15 04:37:56.256  2696 15925 I iconnect:NearbyScanner: do not need to set filter NearbyConfigInfo{name=奕炫, modelId=000426}
11-15 04:37:56.256  2696 15925 I iconnect:NearbyConfigInfo: scanCondition 
11-15 04:37:56.256  2696 15925 I iconnect:NearbyScanner: do not need to set filter NearbyConfigInfo{name=领克05, modelId=00042A}
11-15 04:37:56.256  2696 15925 I iconnect:NearbyConfigInfo: scanCondition 
11-15 04:37:56.256  2696 15925 I iconnect:NearbyScanner: do not need to set filter NearbyConfigInfo{name=sokon, modelId=00042E}
11-15 04:37:56.256  2696 15925 I iconnect:NearbyConfigInfo: scanCondition 
11-15 04:37:56.256  2696 15925 I iconnect:NearbyScanner: do not need to set filter NearbyConfigInfo{name=盯盯拍智慧中控屏, modelId=00042D}
11-15 04:37:56.256  2696 15925 I iconnect:NearbyConfigInfo: scanCondition 
11-15 04:37:56.256  2696 15925 I iconnect:NearbyScanner: do not need to set filter NearbyConfigInfo{name=长安 UNI-K, modelId=00042C}
11-15 04:37:56.256  2696 15925 I iconnect:NearbyConfigInfo: scanCondition 
11-15 04:37:56.256  2696 15925 I iconnect:NearbyScanner: do not need to set filter NearbyConfigInfo{name=领克09, modelId=00042B}
11-15 04:37:56.256  2696 15925 I iconnect:NearbyConfigInfo: scanCondition 
11-15 04:37:56.256  2696 15925 I iconnect:NearbyScanner: do not need to set filter NearbyConfigInfo{name=BEIJING-X7, modelId=00042F}
11-15 04:37:56.256  2696 15925 I iconnect:NearbyConfigInfo: scanCondition 1
11-15 04:37:56.256  2696 15925 I chatty  : uid=1000(system) config identical 27 lines
11-15 04:37:56.268  2696 15924 I chatty  : uid=1000(system) NearbyScanner expire 33 lines
11-15 04:37:56.280  2696  2696 I chatty  : uid=1000(system) com.huawei.nearby expire 25 lines
11-15 04:37:56.280  2696  2696 W ContextImpl: Calling a method in the system process without a qualified user: android.app.ContextImpl.bindService:1777 android.content.ContextWrapper.bindService:705 com.huawei.nearbysdk.NearbyAdapter.bindAidlService:454 com.huawei.nearbysdk.NearbyAdapter.getNearbyAdapter:199 com.huawei.nearbysdk.NearbyAdapter.createInstance:222 
11-15 04:37:56.284 15900 15923 I ActivityThread: Init compatible state: false
11-15 04:37:56.285 15900 15923 I chatty  : uid=1000(system) com.huawei.audioaccessorymanager expire 3 lines
11-15 04:37:56.339  2696 15932 I chatty  : uid=1000(system) com.huawei.nearby expire 2 lines
11-15 04:37:56.373  2442  2483 I PGServer: getTopFrontApp. calling pkg: android
11-15 04:37:56.377  2696 15938 I chatty  : uid=1000(system) NearbyDeviceDet expire 4 lines
11-15 04:37:56.381  2696 15937 I chatty  : uid=1000(system) NearbyDeviceDet expire 2 lines
11-15 04:37:56.387   459   459 I ServiceManager: add_service('com.huawei.iconnect.ConnectService',fd) uid=1000
11-15 04:37:56.413  2696 15903 I chatty  : uid=1000(system) TrustPairManage expire 23 lines
11-15 04:37:56.418  5275  5436 I HwProfileService: [Binder:5275_5]:[416C63F24]ProfileServiceCore:start to call getDevicesWithExtraInfo function, pkgName: com.huawei.iconnect, isSync: true, dataSource: 1, extraInfo: {syncTimeoutMode:1, }, 
11-15 04:37:56.427  1137  5101 I chatty  : uid=1000(system) Binder:1137_1C expire 2 lines
11-15 04:37:56.431  5275  5436 I HwProfileService: [Binder:5275_5]:[416C63F24]AuthorityUtils:getAccountRelatedIndex start
11-15 04:37:56.433  5275  5436 I HwProfileService: [Binder:5275_5]:[416C63F24]AuthorityUtils:index is empty, maybe database hasn't account related package.
11-15 04:37:56.435  5275  5436 I HwProfileService: [Binder:5275_5]:[416C63F24]SafeThread:GetDevicesFromCloud active count:0, queue size: 0
11-15 04:37:56.439  5275 15947 W HwProfileService: [GetDevicesFromCloud_288]:[416C63F24]ProfileRequestUtils:there is no devices to upload.
11-15 04:37:56.439  5275 15947 W HwProfileService: [GetDevicesFromCloud_288]:[416C63F24]ProfileRequestUtils:there is no services to upload.
11-15 04:37:56.439  5275 15947 W HwProfileService: [GetDevicesFromCloud_288]:[416C63F24]ProfileRequestUtils:there is no characteristics to upload.
11-15 04:37:56.444  2442  3885 W ScenarioService: number format exception! str: 
11-15 04:37:56.445  1137  5101 V ActivityManager: Successfully start provider ContentProviderRecord{b31bda7 u0 com.huawei.hwid/com.huawei.hms.runtimekit.stubexplicit.HwIDProvider} launchingApp=ProcessRecord{b9efcb1 2532:com.huawei.hwid.core/u0a69} caller pid= 5275
11-15 04:37:56.448  2532  4120 I fwkit_AbP: [fwkit AbsContentProvider.java:13] cp:com.huawei.profile;query;content://com.huawei.hwid.api.provider/has_login
11-15 04:37:56.449  2532  4120 I ProviderUtil: [HwID_APK_log[6.15.0.332|6.16.0.300]core ProviderUtil.java:49] Calling package:com.huawei.profile
11-15 04:37:56.449  2532  4120 I HwIDProvider: [HwID_APK_log[6.15.0.332|6.16.0.300]core HwIDProvider.java:243] match:5
11-15 04:37:56.451  2696 15949 I chatty  : uid=1000(system) com.huawei.nearby expire 7 lines
11-15 04:37:56.454  1137  2745 D ActivityManager: shouldSetPrivilegeType action=com.huawei.nearby.NEARBY_AUTH_SERVICE clientUid=1000
11-15 04:37:56.455  2532  4120 I HwIDProvider: [HwID_APK_log[6.15.0.332|6.16.0.300]core HwIDProvider.java:969] hasLogin:true
11-15 04:37:56.456  1137  1678 D ActivityManager: setPrivilegeType r: ServiceRecord{ba7e829 u0 com.huawei.nearby/.AuthService}, interfaceDescriptor : com.huawei.nearbysdk.IAuthAdapter, shouldSetPrivType: false
11-15 04:37:56.467  5275 15948 I HMSSDK_HMSPackageManager: Enter getHMSPackageNameForMultiService
11-15 04:37:56.474  2696  3180 I chatty  : uid=1000(system) NearbyControlle expire 3 lines
11-15 04:37:56.480  5275 15948 I HMSSDK_HianalyticsExist: In isHianalyticsExist, Failed to find class HiAnalyticsConfig.
11-15 04:37:56.481  5275 15948 I HMSSDK_HianalyticsExist: hianalytics exist: false
11-15 04:37:56.483  5275 15948 I HMSSDK_HMSBIInitializer: Builder->biInitFlag :false
11-15 04:37:56.485  5275 15948 I HMSSDK_AnalyticsSwitchHolder: Builder->biSetting :true
11-15 04:37:56.486  5275 15948 I HMSSDK_[ACCOUNT]AccountAuthServiceImpl: silentSignIn
11-15 04:37:56.487  5275 15948 I HMSSDK_HMSPackageManager: Enter getHMSPackageNameForMultiService
11-15 04:37:56.492  5275 15950 I HMSSDK_HMSPackageManager: Enter getHMSPackageNameForMultiService
11-15 04:37:56.493  5275 15950 I HMSSDK_HuaweiApi: inner hms is empty,hms pkg name is com.huawei.hwid
11-15 04:37:56.494  5275 15950 I HMSSDK_HuaweiApiManager: sendRequest
11-15 04:37:56.494  5275 15950 I HMSSDK_BaseHmsClient: ====== HMSSDK version: 60001304 ======
11-15 04:37:56.495  5275 15950 I HMSSDK_BaseHmsClient: Enter connect, Connection Status: 1
11-15 04:37:56.495  5275 15950 I HMSSDK_BaseHmsClient: connect minVersion:40004000 packageName:com.huawei.hwid
11-15 04:37:56.497  5275 15950 I HMSSDK_Util: available exist: true
11-15 04:37:56.497  5275 15950 I HMSSDK_Util: available exist: true
11-15 04:37:56.500  5275 15950 I HMSSDK_HMSPackageManager: Enter getHMSPackageName
11-15 04:37:56.501  5275 15950 I HMSSDK_HMSPackageManager: enter checkHmsIsSpoof
11-15 04:37:56.503  5275 15950 I HMSSDK_HMSPackageManager: Enter getHMSPackageName
11-15 04:37:56.505  5275 15950 I HMSSDK_HMSPackageManager: <initHmsPackageInfo> Succeed to find HMS apk: com.huawei.hwid version: 61500332
11-15 04:37:56.507  5275 15950 I HMSSDK_HMSPackageManager: current versionCode:61500332, minimum version requirements: 40004000
11-15 04:37:56.508  5275 15950 I HMSSDK_HMSPackageManager: Enter getHMSPackageName
11-15 04:37:56.510  5275 15950 I HMSSDK_HMSPackageManager: Enter getHMSPackageName
11-15 04:37:56.511  5275 15950 I HMSSDK_HMSPackageManager: MinApkVersion is disabled.
11-15 04:37:56.512  5275 15950 I HMSSDK_BaseHmsClient: check available result: 0
11-15 04:37:56.512  5275 15950 I HMSSDK_BaseHmsClient: enter bindCoreService, packageName is com.huawei.hwid, serviceAction is com.huawei.hms.core.aidlservice
11-15 04:37:56.512  5275 15950 W ContextImpl: Calling a method in the system process without a qualified user: android.app.ContextImpl.bindService:1777 android.content.ContextWrapper.bindService:705 com.huawei.hms.adapter.BinderAdapter.bindCoreService:6 com.huawei.hms.adapter.BinderAdapter.binder:2 com.huawei.hms.common.internal.BaseHmsClient.bindCoreService:8 
11-15 04:37:56.514  2696 15957 I chatty  : uid=1000(system) com.huawei.nearby expire 14 lines
11-15 04:37:56.521  1137  1137 I JobScheduler: Ready to Be Executed: b63670e #1000/801 android/com.android.server.pm.BackgroundDexOptService pending=false active=true
11-15 04:37:56.522   680   680 D AudioPolicyService: getUidState(10069) !cacheIter->second.first, return PROCESS_STATE_UNKNOWN
11-15 04:37:56.522   680   680 D AudioPolicyService: getUidState(10069) cacheIter->second.first, return cacheIter->second.second(-1)
11-15 04:37:56.525  5275  5275 I HMSSDK_BinderAdapter: Enter onServiceConnected.
11-15 04:37:56.525  5275  5275 I HMSSDK_BaseHmsClient: Enter onServiceConnected.
11-15 04:37:56.526  5275  5275 I HMSSDK_HuaweiApiManager: onConnected
11-15 04:37:56.528  5275 15950 I HMSSDK_HmsClient: post msg api_name:account.silentSignIn, app_id:100754559|, pkg_name:com.huawei.profile, sdk_version:60001304, session_id:*, transaction_id:100754559SignIn20251115043756489866617, kitSdkVersion:50300300, apiLevel:1
11-15 04:37:56.528  5275 15950 I HMSSDK_HmsClient: Activity is null for 100754559
11-15 04:37:56.528  5275 15950 I HMSSDK_BaseAdapter: In constructor, WeakReference is java.lang.ref.WeakReference@79a64ba
11-15 04:37:56.528  5275 15950 I HMSSDK_BaseAdapter: in baseRequest + uri is :account.silentSignIn, transactionId is : 100754559SignIn20251115043756489866617
11-15 04:37:56.529  5275 15950 I HMSSDK_PendingResultImpl: init uri:account.silentSignIn
11-15 04:37:56.529  5275 15950 I HMSSDK_PendingResultImpl: setResultCallback
11-15 04:37:56.531  2532  4215 I AIDLInvoke: [HMSCore AIDLInvoke.java:135] <apirouter>Request, URI: account.silentSignIn
11-15 04:37:56.531  2532  4215 I PackageUtils: [HMSCore PackageUtils.java:28] uid:1000, packageName:com.huawei.profile
11-15 04:37:56.534  2734  3576 I bt_stack: [INFO:bta_gattc_act.cc(176)] bta_gattc_register: state:2
11-15 04:37:56.535  2532 15961 I ScopeCache: [HMSCore ScopeCache.java:11] scope loaded from memory is null
11-15 04:37:56.535 15900 15960 I chatty  : uid=1000(system) com.huawei.audioaccessorymanager expire 6 lines
11-15 04:37:56.536  2734  3576 I bt_stack: [INFO:gatt_api.cc(974)] GATT_Register 6977274b-3215-30b3-1c47-cafc5957783d
11-15 04:37:56.536  2734  3576 I bt_stack: [INFO:gatt_api.cc(994)] allocated gatt_if=12
11-15 04:37:56.537  2734  3576 I bt_stack: [INFO:gatt_api.cc(1095)] GATT_StartIf gatt_if=12
11-15 04:37:56.537  2734  3576 I bt_stack: [INFO:gatt_utils.cc(260)] gatt_find_the_connected_bda start_idx=0
11-15 04:37:56.537  2734  3576 I bt_stack: [INFO:gatt_utils.cc(272)]  found=0 found_idx=7
11-15 04:37:56.537  2696  4604 I chatty  : uid=1000(system) Binder:2696_5 expire 2 lines
11-15 04:37:56.551 15900 15951 I chatty  : uid=1000(system) com.huawei.audioaccessorymanager expire 1 line
11-15 04:37:56.555  2532 15961 I KeyBuilderV2: [HMSCore KeyBuilderV2.java:5] start to build keyV2
11-15 04:37:56.556  2532 15961 I SecurityComp10300300: BaseKeyUtil: exportRootKey: sha256
11-15 04:37:56.560  2408  2619 D Nc_Chr_BT: NcBtDftManager: handleBtParam id = COMMON_E1002
11-15 04:37:56.560  2408  2619 E Nc_Chr_BT: NcBtDftManager: unhandled id
11-15 04:37:56.561  2408  2619 D BT_CHR: BtChrStatThirdApkEvent: updateApkAction action: 4
11-15 04:37:56.561  2408  2619 D BT_CHR: BtChrStatThirdApkEvent: processBtBleScanFreqCnt ble unknown dura: 176653
11-15 04:37:56.563  2408  2619 D BT_CHR: BtChrManager: isPermissionGrant: true
11-15 04:37:56.572  1137  5101 V ActivityManager: Successfully start provider ContentProviderRecord{b81797a u0 com.android.providers.settings/.hwext.HwSettingsProvider} launchingApp=null caller pid= 15900
11-15 04:37:56.573  2696  3496 I chatty  : uid=1000(system) AirLinkManagerT expire 3 lines
11-15 04:37:56.575  2442  3885 W ScenarioService: number format exception! str: 
11-15 04:37:56.588  2696  3191 I chatty  : uid=1000(system) CommonThreadPoo expire 6 lines
11-15 04:37:56.628  1137  1668 W BroadcastQueue: intentAction=android.intent.action.BOOT_COMPLETEDdispatchTime=156594 numReceivers=150 nextReceiver=77 now=356133 state=3 curReceiver= null
11-15 04:37:56.629  2532 15961 I ScopeCache: [HMSCore ScopeCache.java:37] scope loaded from file succ, appID:100754559
11-15 04:37:56.629  2532 15961 I ScopeCache: [HMSCore ScopeCache.java:21] write scope in memory:100754559
11-15 04:37:56.629  2532 15961 I ScopeCache: [HMSCore ScopeCache.java:78] getAppScope: appId = 100754559; hostAppId = null
11-15 04:37:56.629  2532 15961 I AppScope: [HMSCore AppScope.java:6] permission not exist:100754559/com.huawei.hms.appservice.cps
11-15 04:37:56.653 15900 15974 I chatty  : uid=1000(system) com.huawei.audioaccessorymanager expire 1 line
11-15 04:37:56.654  2532 15961 W fwkit_ApiRuleEngine: [fwkit ApiRuleEngine.java:117] cannot find business with apptouch.business.100754559
11-15 04:37:56.655  2532 15961 I fwkit_ApiRuleEngine: [fwkit ApiRuleEngine.java:48] bgRules, apiName: account.silentSignIn appId: 100754559 permission: null business:Default
11-15 04:37:56.656  2532 15961 W fwkit_coresm: [fwkit CoreServiceManager.java:48] Get vr_system Service !but its binder is null!
11-15 04:37:56.656  2532 15961 E HwVrServiceManagerImpl: client service is not alive.
11-15 04:37:56.656  2532 15961 I fwkit_sdk_apiRouter: newApiName is hwidjos.silentSignIn
11-15 04:37:56.656  2532 15961 I RuleEngineService: [HMSCore RuleEngineService.java:84] AIDLRequest modify route info,oldApiName:account.silentSignIn, newApiName:hwidjos.silentSignIn
11-15 04:37:56.656  2532 15961 I AIDLInvoke: [HMSCore AIDLInvoke.java:81] account.silentSignIn->hwidjos.silentSignIn
11-15 04:37:56.658  2532 15961 I AIDLInvoke: [HMSCore AIDLInvoke.java:60] account apiLvl:-1,1
11-15 04:37:56.658  2532 15961 I fwkit_sdk_fd: createRequestFromMessageCenter uri: hwidjos.silentSignIn
11-15 04:37:56.658  2532 15961 I fwkit_kims_apidispatcher_fdi: [fwkit DispatcherImpl.java:105] MessageCenter uri: hwidjos.silentSignIn appId: 100754559 hostAppId: 100754559 apiLevel: 1 runtime api level: 28
11-15 04:37:56.659  2532 15961 W fwkit_kit_breaker: [fwkit KitBreaker.java:89] infos invalid
11-15 04:37:56.659  2532 15961 I fwkit_kims_RequestFactory: [fwkit RequestFactory.java:56] No uri matched, choose proxy request as default.
11-15 04:37:56.660  2532 15961 I KitMessageCenter: [HMSCore KitMessageCenter.java:146] Find makeRequest uri:hwidjos.silentSignIn cost time: 2ms
11-15 04:37:56.660  2532 15961 I AIDLInvoke: [HMSCore AIDLInvoke.java:97] Request, URI: hwidjos.silentSignIn, clientId: {appId: 100754559, hostAppID: 100754559, packageName: com.huawei.profile, sdkVersion: 60001304, uid: 1000, transactionId: 100754559SignIn20251115043756489866617, apiLevel: 1, uri: hwidjos.silentSignIn, kitSdkVersion: 50300300}
11-15 04:37:56.662  2532 15961 I fwkit_kims: [fwkit KIMSServiceController.java:127] getKitInfo S: :hwidjos
11-15 04:37:56.662  2532  5022 E fwkit_presetUtil: getSystemApp flag error for com.google.android.gms:NameNotFoundException
11-15 04:37:56.663  2532 15961 I fwkit_kams_stubmanager: [fwkit StubManagerService.java:35] getSPNByComponent:com.huawei.hms.game, com.huawei.hms.game, false
11-15 04:37:56.663  2532 15961 I fwkit_kams_scheduler: [fwkit ProcessScheduler.java:32] RC:com.huawei.hwid.core
11-15 04:37:56.663  2532 15961 I fwkit_kams: [fwkit KAMSServiceController.java:164] Assign com.huawei.hwid.core for hwidjos/com.huawei.hms.game/com.huawei.hms.game cost 2ms
11-15 04:37:56.664  2532 15961 I fwkit_kams_stubmanager: [fwkit StubManagerService.java:35] getSPNByComponent:com.huawei.hms.game, com.huawei.hms.game, false
11-15 04:37:56.664  2532 15961 I fwkit_kams_scheduler: [fwkit ProcessScheduler.java:32] RC:com.huawei.hwid.core
11-15 04:37:56.664  2532  5022 I FormalHASDK: HAImpl==> onEvent. tag:HmsProfiler, type:0, eventId:HMS_API_CALLED
11-15 04:37:56.664  2532 15961 I fwkit_msg_request_proxy: [fwkit AIDLRequestLocalProxy.java:34] request:a16f1c97-f56a-45ba-9b69-953ad2b1429d/hwidjos.silentSignIn
11-15 04:37:56.669  2532 15977 I fwkit_msg_invoke_remote: [fwkit AIDLInvokeRemote.java:124] execute requestId:a16f1c97-f56a-45ba-9b69-953ad2b1429d uri:hwidjos.silentSignIn transactionId:100754559SignIn20251115043756489866617
11-15 04:37:56.669  2532 15977 I fwkit_msg_fr: [fwkit FinderRemote.java:7] findRequest uri: hwidjos.silentSignIn apiLevel: 1
11-15 04:37:56.671  2532 15979 I fwkit_CountryCodeBean: [fwkit CountryCodeBean.java:40] countryCode by ro.hw.country is: cn
11-15 04:37:56.672  2532 15979 I fwkit_CountryCodeBean: [fwkit CountryCodeBean.java:16] get issue_country code from VENDOR_COUNTRY
11-15 04:37:56.674  2532 15977 I fwkit_kac_kitloader: [fwkit KitLoaderManager.java:133] kit loaded hwidjos_61500300 already exits, cost :0 ms
11-15 04:37:56.675  2532 15977 I fwkit_msg_aidl_request: [fwkit AIDLRequest.java:6] execute:100754559SignIn20251115043756489866617
11-15 04:37:56.677  2532 15977 I ScopeManager: [HMSCore ScopeManager.java:31] checkCF 100754559/com.huawei.profile
11-15 04:37:56.678  2532 15977 I HC_PackageUtils: [HMSCore PackageUtils.java:81] com.huawei.profile is OHOS app: false
11-15 04:37:56.679  2532 15977 I fwkit_ScopeManager: getScope:  appId = 100754559 hostAppId = 
11-15 04:37:56.679  2532 15977 I ScopeCache: [HMSCore ScopeCache.java:78] getAppScope: appId = 100754559; hostAppId = null
11-15 04:37:56.679  2532 15977 I ScopeCache: [HMSCore ScopeCache.java:78] getAppScope: appId = 100754559; hostAppId = null
11-15 04:37:56.680  2532 15977 I ScopeUtil: [HMSCore ScopeUtil.java:26] isV2Enable:null
11-15 04:37:56.680  2532 15977 W ScopeUtil: [HMSCore ScopeUtil.java:37] scope switch is false, not need report
11-15 04:37:56.681  2532 15977 I fwkit_scope_mgr: [fwkit ScopeManager.java:133] checkCertFingerprint result: 0
11-15 04:37:56.688  2532 15977 I LogUtil : [HwJos_log[6.15.0.300_product] LogUtil.java:1] TIME_COST login_begin 1763152676685 hwidjos.silentSignIn
11-15 04:37:56.691  2532 15977 I BaseRequest: [HwJos_log[6.15.0.300_product] BaseRequest.java:2] onRequest BaseRequest.hwidjos.silentSignIn
11-15 04:37:56.694  2532 15977 I AuthService: [HMSCore AuthService.java:24] checkPermission: 100754559
11-15 04:37:56.694  2532 15977 I AuthService: [HMSCore AuthService.java:73] local check
11-15 04:37:56.696  2532 15977 I ScopeCache: [HMSCore ScopeCache.java:78] getAppScope: appId = 100754559; hostAppId = null
11-15 04:37:56.696  2532 15977 I ScopeUtil: [HMSCore ScopeUtil.java:26] isV2Enable:null
11-15 04:37:56.696  2532 15977 W ScopeUtil: [HMSCore ScopeUtil.java:37] scope switch is false, not need report
11-15 04:37:56.698  2532 15977 I AuthServiceHelper: [HwJos_log[6.15.0.300_product] GwAuthServiceChecker.java:3] query permission result:true
11-15 04:37:56.698  2532 15977 I JointStateUtil: [HwJos_log[6.15.0.300_product] JointStateUtil.java:3] update app state do not support jos: true, appId=100754559
11-15 04:37:56.702  2532 15977 I SharedPreferenceCache: [HwJos_log[6.15.0.300_product] SharedPreferenceCache.java:2] setDefaultValue, dataType: int, defaultValue: 0
11-15 04:37:56.703  2532 15977 I SilentSignInManager: [HwJos_log[6.15.0.300_product] SilentSignInManager.java:9] start enterJosSignInProcessor
11-15 04:37:56.704  1137  5101 D HwConnectivityServiceEx: set 10069 wlan0 value false
11-15 04:37:56.706  2532 15977 I AuthService: [HMSCore AuthService.java:24] checkPermission: 100754559
11-15 04:37:56.706  2532 15977 I AuthService: [HMSCore AuthService.java:73] local check
11-15 04:37:56.707  2532 15977 I ScopeCache: [HMSCore ScopeCache.java:78] getAppScope: appId = 100754559; hostAppId = null
11-15 04:37:56.707  2532 15977 I ScopeUtil: [HMSCore ScopeUtil.java:26] isV2Enable:null
11-15 04:37:56.707  2532 15977 W ScopeUtil: [HMSCore ScopeUtil.java:37] scope switch is false, not need report
11-15 04:37:56.708  2532 15977 I AuthServiceHelper: [HwJos_log[6.15.0.300_product] GwAuthServiceChecker.java:3] query permission result:true
11-15 04:37:56.708  2532 15977 I AuthService: [HMSCore AuthService.java:24] checkPermission: 100754559
11-15 04:37:56.708  2532 15977 I AuthService: [HMSCore AuthService.java:73] local check
11-15 04:37:56.709  2532 15977 I ScopeCache: [HMSCore ScopeCache.java:78] getAppScope: appId = 100754559; hostAppId = null
11-15 04:37:56.709  2532 15977 I AppScope: [HMSCore AppScope.java:6] permission not exist:100754559/com.huawei.android.hms.game.base
11-15 04:37:56.709  2532 15977 E AuthService: [HMSCore AuthService.java:96] Failed to check the permission, appID: 100754559, errorCode: 6004, permission: com.huawei.android.hms.game.base, checkExpiredTimeFlag: 0
11-15 04:37:56.710  2532 15977 I AuthServiceHelper: [HwJos_log[6.15.0.300_product] GwAuthServiceChecker.java:3] query permission result:false
11-15 04:37:56.710  2532 15977 I JointStateUtil: [HwJos_log[6.15.0.300_product] JointStateUtil.java:3] update app state do not support jos: true, appId=100754559
11-15 04:37:56.712  2532 15977 I JosSignInLifecycleController: [HwJos_log[6.15.0.300_product] JosSignInLifecycleController.java:1] startSignInAccountApi, cpClientInfo is null ? false
11-15 04:37:56.713  2532 15977 W JosSignInHAReporter: [HwJos_log[6.15.0.300_product] JosSignInHAReporter.java:6] onReportLogin not Allow Report
11-15 04:37:56.714  2532 15977 I AccountKitInnerApiHelper: [Account_SDK_log[6.11.0.303] AccountKitInnerApiHelper.java:2] JOS init InnerApi. Version is 6.11.0.303
11-15 04:37:56.714  2532 15977 W AccountKitInnerApiHelper: [Account_SDK_log[6.11.0.303] AccountKitInnerApiHelper.java:6] JOS init InnerApi. Calling package name:com.huawei.hms.game
11-15 04:37:56.714  2532 15977 I AccountKitInnerApiImpl: [Account_SDK_log[6.11.0.303] AccountKitInnerApiImpl.java:1] Api: silentSignIn | Thread: aidl_request_pool-thread-27 | kitName: JOS
11-15 04:37:56.715  2532 15977 I AccountKitInnerApiImpl: [Account_SDK_log[6.11.0.303] AccountKitInnerApiImpl.java:13] hostAppid=100754559,subAppid=100754559
11-15 04:37:56.715  2532 15977 W AccountKitInnerApiImpl: [Account_SDK_log[6.11.0.303] AccountKitInnerApiImpl.java:28] Calling package name of context is not null. Calling package name:com.huawei.hms.game
11-15 04:37:56.715  2532 15977 I PropertyUtils: [Account_SDK_log[6.11.0.303] PropertyUtils.java:4] isPhoneStillInLockMode is already false
11-15 04:37:56.715  2532 15977 W AccountKitInnerApiImpl: [Account_SDK_log[6.11.0.303] AccountKitInnerApiImpl.java:28] Calling package name of context is not null. Calling package name:com.huawei.hms.game
11-15 04:37:56.720  2532 15977 I HuaweiApi: [baseinner AccountWrapper.java:1] SDK Base inner doWrite: enter
11-15 04:37:56.721  2532 15977 I HuaweiApi: [baseinner AccountWrapper.java:1] SDK Base inner doWrite uri:hwid.RequesttransactionId:12b9263f-8fc9-4394-8c35-b35b4a66136f
11-15 04:37:56.721  2532 15977 I HuaweiApi: [baseinner AccountKitInnerApiImpl.java:20] sendRequest
11-15 04:37:56.721  2532 15977 I HuaweiApi: [baseinner HuaweiApi.java:23] inner hms is empty,hms pkg name is com.huawei.hwid
11-15 04:37:56.722  2532 15977 I HuaweiApi: [baseinner AccountKitInnerApiImpl.java:9] sendRequest
11-15 04:37:56.722  2532 15977 I HuaweiApi: [baseinner AccountKitInnerApiImpl.java:9] isConnected:false.
11-15 04:37:56.722  2532 15977 I BaseHmsClient: [baseinner HuaweiApi.java:24] ====== HMSSDK version: 61002300 ======
11-15 04:37:56.722  2532 15977 I BaseHmsClient: [baseinner HuaweiApi.java:24] Enter connect, Connection Status: 6, apiMinVersion:30000000
11-15 04:37:56.723  2532 15977 I fwkit_msg_aidl_request: [fwkit AIDLRequest.java:17] onRequest hwidjos.silentSignIn/100754559SignIn20251115043756489866617 cost 39ms
11-15 04:37:56.728  2532  2532 I BinderAdapter: [baseinner Handler.java:900] Enter onServiceConnected.
11-15 04:37:56.728  2532  2532 I BaseHmsClient: [baseinner LoadedApk.java:2242] Enter BinderCallBack onServiceConnected.
11-15 04:37:56.729  2532  6604 I RequestManager: [baseinner HandlerThread.java:67] RequestManager handleMessage.
11-15 04:37:56.729  2532  6604 I HuaweiApi: [baseinner Handler.java:106] onConnected
11-15 04:37:56.729  2532  6604 I RequestManager: [baseinner HuaweiApi.java:2] addToConnectedReqMap
11-15 04:37:56.730  2532  6604 I HmsClient: [baseinner HuaweiApi.java:2] post msg api_name:hwid.Request, app_id:10132067|, pkg_name:com.huawei.hwid, sdk_version:61002300, session_id:*, transaction_id:12b9263f-8fc9-4394-8c35-b35b4a66136f, kitSdkVersion:61100303, apiLevel:14
11-15 04:37:56.730  2532  6604 I HmsClient: [baseinner HuaweiApi.java:19] in baseRequest + uri is :hwid.Request, transactionId is : 12b9263f-8fc9-4394-8c35-b35b4a66136f
11-15 04:37:56.730  2532  6604 I HmsClient: [baseinner HuaweiApi.java:19] RespAsyn:true
11-15 04:37:56.730  2532  6604 I HmsClient: [baseinner HuaweiApi.java:47] setResultCallback
11-15 04:37:56.731  2532  6604 I AIDLInvoke: [HMSCore AIDLInvoke.java:135] <apirouter>Request, URI: hwid.Request
11-15 04:37:56.732  2532  6604 I PackageUtils: [HMSCore PackageUtils.java:28] uid:10069, packageName:com.huawei.hwid
11-15 04:37:56.734  2532 15981 I ScopeCache: [HMSCore ScopeCache.java:78] getAppScope: appId = 10132067; hostAppId = null
11-15 04:37:56.735  2532 15981 I AppScope: [HMSCore AppScope.java:6] permission not exist:10132067/com.huawei.hms.appservice.cps
11-15 04:37:56.735  2532 15981 I fwkit_ApiRuleEngine: [fwkit ApiRuleEngine.java:48] bgRules, apiName: hwid.Request appId: 10132067 permission: null business:Default
11-15 04:37:56.736  2532 15981 W fwkit_coresm: [fwkit CoreServiceManager.java:48] Get vr_system Service !but its binder is null!
11-15 04:37:56.736  2532 15981 E HwVrServiceManagerImpl: client service is not alive.
11-15 04:37:56.736  2532 15981 I fwkit_sdk_apiRouter: newApiName is hwid.Request
11-15 04:37:56.736  2532 15981 I RuleEngineService: [HMSCore RuleEngineService.java:84] AIDLRequest modify route info,oldApiName:hwid.Request, newApiName:hwid.Request
11-15 04:37:56.736  2532 15981 I AIDLInvoke: [HMSCore AIDLInvoke.java:81] hwid.Request->hwid.Request
11-15 04:37:56.738  2532 15981 I AIDLInvoke: [HMSCore AIDLInvoke.java:60] hwid apiLvl:-1,14
11-15 04:37:56.738  2532 15981 I fwkit_sdk_fd: createRequestFromMessageCenter uri: hwid.Request
11-15 04:37:56.739  2532 15981 I fwkit_kims_apidispatcher_fdi: [fwkit DispatcherImpl.java:105] MessageCenter uri: hwid.Request appId: 10132067 hostAppId: 10132067 apiLevel: 14 runtime api level: 28
11-15 04:37:56.740  2532 15981 W fwkit_kit_breaker: [fwkit KitBreaker.java:89] infos invalid
11-15 04:37:56.740  2532 15981 I fwkit_kims_RequestFactory: [fwkit RequestFactory.java:56] No uri matched, choose proxy request as default.
11-15 04:37:56.741  2532 15981 I KitMessageCenter: [HMSCore KitMessageCenter.java:146] Find makeRequest uri:hwid.Request cost time: 3ms
11-15 04:37:56.741  2532 15981 I AIDLInvoke: [HMSCore AIDLInvoke.java:97] Request, URI: hwid.Request, clientId: {appId: 10132067, hostAppID: 10132067, packageName: com.huawei.hwid, sdkVersion: 61002300, uid: 10069, transactionId: 12b9263f-8fc9-4394-8c35-b35b4a66136f, apiLevel: 14, uri: hwid.Request, kitSdkVersion: 61100303}
11-15 04:37:56.741  2532 15981 I fwkit_ScopeManager: getScope:  appId = 10132067 hostAppId = 
11-15 04:37:56.741  2532 15981 I ScopeCache: [HMSCore ScopeCache.java:78] getAppScope: appId = 10132067; hostAppId = null
11-15 04:37:56.744  2532 15981 I fwkit_kims: [fwkit KIMSServiceController.java:127] getKitInfo S: :hwid
11-15 04:37:56.745  2532 15981 I fwkit_kams_stubmanager: [fwkit StubManagerService.java:35] getSPNByComponent:com.huawei.hms.account, com.huawei.hms.account.core, false
11-15 04:37:56.745  2532 15981 I fwkit_kams_scheduler: [fwkit ProcessScheduler.java:32] RC:com.huawei.hwid.core
11-15 04:37:56.746  2532 15981 I fwkit_kams: [fwkit KAMSServiceController.java:164] Assign com.huawei.hwid.core for hwid/com.huawei.hms.account/com.huawei.hms.account.core cost 3ms
11-15 04:37:56.746  2532 15981 I fwkit_kams_stubmanager: [fwkit StubManagerService.java:35] getSPNByComponent:com.huawei.hms.account, com.huawei.hms.account, false
11-15 04:37:56.747  1137  5101 D HwConnectivityServiceEx: set 1000 NULL value false
11-15 04:37:56.747  2532 15981 I fwkit_kams_scheduler: [fwkit ProcessScheduler.java:32] RC:com.huawei.hwid.container2
11-15 04:37:56.748  2532 15981 I fwkit_msg_request_proxy: [fwkit AIDLRequestLocalProxy.java:34] request:42ff31d8-c95b-48b1-a839-a8ca25b3bea0/hwid.Request
11-15 04:37:56.751  2532 15982 I fwkit_msg_invoke_remote: [fwkit AIDLInvokeRemote.java:124] execute requestId:42ff31d8-c95b-48b1-a839-a8ca25b3bea0 uri:hwid.Request transactionId:12b9263f-8fc9-4394-8c35-b35b4a66136f
11-15 04:37:56.752  2532 15982 I fwkit_msg_fr: [fwkit FinderRemote.java:7] findRequest uri: hwid.Request apiLevel: 14
11-15 04:37:56.752  2532 15982 I fwkit_kac_kitloader: [fwkit KitLoaderManager.java:133] kit loaded hwid_61600300 already exits, cost :0 ms
11-15 04:37:56.754  2532 15982 I fwkit_msg_aidl_request: [fwkit AIDLRequest.java:6] execute:12b9263f-8fc9-4394-8c35-b35b4a66136f
11-15 04:37:56.755 15900 15983 I chatty  : uid=1000(system) com.huawei.audioaccessorymanager expire 5 lines
11-15 04:37:56.756  1137  5101 D HwConnectivityServiceEx: set 10228 wlan0 value false
11-15 04:37:56.759  2532 15982 I InnerSdkRequest: [HwID_APK_log[6.15.0.332|6.16.0.300]core InnerSdkRequest.java:116] InnerSdkRequest start. api is signIn
11-15 04:37:56.759 15900 15900 W ContextImpl: Calling a method in the system process without a qualified user: android.app.ContextImpl.bindService:1777 android.content.ContextWrapper.bindService:705 ohos.ohos.ohos.ohos.ohos.n.p:3 ohos.ohos.ohos.ohos.ohos.n.C:2 ohos.ohos.ohos.ohos.ohos.n.o:2 
11-15 04:37:56.760  8181 12014 I FileLockLib: [8181]file 80 unlocked. fl.pid=0
11-15 04:37:56.761  2532 15982 I PackageManagerHelper: [HwID_APK_log[6.15.0.332|6.16.0.300]core PackageManagerHelper.java:79] NameNotFoundException
11-15 04:37:56.762  2532 15982 E InnerSdkTask: [HwID_APK_log[6.15.0.332|6.16.0.300]core InnerSdkTask.java:798] signIn|start doTask
11-15 04:37:56.764  2532 15982 I CoreUtil: [HwID_APK_log[6.15.0.332|6.16.0.300]core CoreUtil.java:63] getConfigurationFromServer not need update.
11-15 04:37:56.768  2532 15982 I AuthService: [HMSCore AuthService.java:20] Enter getScopeFromGW of appId: 100754559
11-15 04:37:56.768  2532 15982 I InnerBindManager: [HMSCore InnerBindManager.java:22] inner connect:3
11-15 04:37:56.769  2532 15982 I fwkit_msg_aidl_request: [fwkit AIDLRequest.java:17] onRequest hwid.Request/12b9263f-8fc9-4394-8c35-b35b4a66136f cost 14ms
11-15 04:37:56.770  2532 15987 I InnerBindManager: [HMSCore InnerBindManager.java:12] invoke lock
11-15 04:37:56.770  2532 15987 I InnerBindManager: [HMSCore InnerBindManager.java:69] invoke unlock
11-15 04:37:56.771  8181 12014 I FileLockLib: [8181]file 80 unlocked. fl.pid=0
11-15 04:37:56.774  2532 15987 I ScopeCache: [HMSCore ScopeCache.java:31] onConnected, appID:100754559,hostAppId:null
11-15 04:37:56.774 15900 15900 W ContextImpl: Calling a method in the system process without a qualified user: android.app.ContextImpl.bindService:1777 android.content.ContextWrapper.bindService:705 com.huawei.iconnect.wearable.c.g:12 com.huawei.productconnect.e.b.r:5 com.huawei.audioaccessorymanager.MyApplication.d:1 
11-15 04:37:56.774  2532 15987 I ScopeCache: [HMSCore ScopeCache.java:78] getAppScope: appId = 100754559; hostAppId = null
11-15 04:37:56.775  2532 15987 I InnerSdkTask: [HwID_APK_log[6.15.0.332|6.16.0.300]core InnerSdkTask.java:851] Connect HMS callback: 0
11-15 04:37:56.776 15900 15989 I chatty  : uid=1000(system) com.huawei.audioaccessorymanager expire 1 line
11-15 04:37:56.776  2532 15987 I InnerSdkTask: [HwID_APK_log[6.15.0.332|6.16.0.300]core InnerSdkTask.java:873] signInAfterConnected.
11-15 04:37:56.778  2532 15987 I SignHuaweiIDImpl: [HwID_APK_log[6.15.0.332|6.16.0.300]core SignHuaweiIDImpl.java:186] mTransID from framwork :100754559SignIn20251115043756489866617
11-15 04:37:56.780  1137  2745 D ActivityManager: shouldSetPrivilegeType action=common_interface clientUid=1000
11-15 04:37:56.780  1137  2745 D ActivityManager: shouldSetPrivilegeType action=com.huawei.iconnect.START_SERVICE clientUid=1000
11-15 04:37:56.781  1137  1678 D ActivityManager: setPrivilegeType r: ServiceRecord{b3cb4c9 u0 com.huawei.iconnect/.ConnectService}, interfaceDescriptor : com.huawei.accessory.ICommonAccessoryDevice, shouldSetPrivType: false
11-15 04:37:56.782  2532 15987 I SignHuaweiIDImpl: [HwID_APK_log[6.15.0.332|6.16.0.300]core SignHuaweiIDImpl.java:195] packageName:*********i.profile scope:{***nid, ****ile} permission:{******************************count/base.profile/accesstoken, *******************hms.account.getUID, ********************************unt/base.profile/serviceauthcode}
11-15 04:37:56.783  2532 15987 I SignHuaweiIDImpl: [HwID_APK_log[6.15.0.332|6.16.0.300]core SignHuaweiIDImpl.java:332] signRequest
11-15 04:37:56.787  2532 15987 I SignHuaweiIDImpl: [HwID_APK_log[6.15.0.332|6.16.0.300]core SignHuaweiIDImpl.java:511] signRequestImpl start.
11-15 04:37:56.788  2532 15990 I ThreadPool: [HwID_APK_log[6.15.0.332|6.16.0.300]core CustomThreadPoolExecutor.java:140] thread dump:poolName:Hwid-Tracker-Pool activeCount:1 completedTaskCount:59 taskCount:60 corePoolSize:1 largestPoolSize:1 maxPoolSize:1 queueSize:0 
11-15 04:37:56.790  2532 15987 I SignHuaweiIDImpl: [HwID_APK_log[6.15.0.332|6.16.0.300]core SignHuaweiIDImpl.java:598] checkSavedAccessToken
11-15 04:37:56.791  2532 15987 I ATTokenDS: [HwID_APK_log[6.15.0.332|6.16.0.300]core ATTokenDS.java:59] getSavedAuthorizationInfoByAppId start. appid:100754559, hostAppid:
11-15 04:37:56.791  1137  2745 I HwNetworkPolicy: onTransact, code = 14
11-15 04:37:56.791  1137  2745 I HwNetworkPolicy: code is not equals others
11-15 04:37:56.792  2532 15987 I AuthService: [HMSCore AuthService.java:5] Enter queryAuthInfo
11-15 04:37:56.793  2532 15987 I AuthService: [HMSCore AuthService.java:45] queryAuthInfo: 100754559,false,null
11-15 04:37:56.793  2532 15987 I InnerBindManager: [HMSCore InnerBindManager.java:22] inner connect:3
11-15 04:37:56.794  2532 15991 I InnerBindManager: [HMSCore InnerBindManager.java:12] invoke lock
11-15 04:37:56.795  2532 15991 I InnerBindManager: [HMSCore InnerBindManager.java:69] invoke unlock
11-15 04:37:56.795  2532 15990 I FormalHASDK: HAImpl==> onEvent. tag:HmsProfiler, type:1, eventId:907114401
11-15 04:37:56.796  2532 15991 I ScopeCache: [HMSCore ScopeCache.java:78] getAppScope: appId = 100754559; hostAppId = null
11-15 04:37:56.797  2532 15991 I AppScope: [HMSCore AppScope.java:5] getAuthInfo, appId: 100754559, applied: false, accountIndex:null
11-15 04:37:56.799  2532 15991 I ATTokenDS: [HwID_APK_log[6.15.0.332|6.16.0.300]core ATTokenDS.java:84] queryAuthInfo appId:100754559 code:0
11-15 04:37:56.800  2532 15991 I ATTokenDS: [HwID_APK_log[6.15.0.332|6.16.0.300]core ATTokenDS.java:430] isScopeMatched start.
11-15 04:37:56.801  2532 15991 I ATTokenDS: [HwID_APK_log[6.15.0.332|6.16.0.300]core ATTokenDS.java:437] scopeSavedArr.length: 2
11-15 04:37:56.801  2532 15991 I ATTokenDS: [HwID_APK_log[6.15.0.332|6.16.0.300]core ATTokenDS.java:477] isIncludeGranted:true
11-15 04:37:56.802  2532 15991 I ATTokenDS: [HwID_APK_log[6.15.0.332|6.16.0.300]core ATTokenDS.java:445] containsAll true
11-15 04:37:56.804  2532 15991 I ATTokenDS: [HwID_APK_log[6.15.0.332|6.16.0.300]core ATTokenDS.java:217] id_token_expired_OneDay=1763237995289,now=1763152676804
11-15 04:37:56.805  2532 15991 I ATTokenDS: [HwID_APK_log[6.15.0.332|6.16.0.300]core ATTokenDS.java:137] expireTime=1763155195289,now=1763152676804
11-15 04:37:56.808  2532 15991 I ATTokenDS: [HwID_APK_log[6.15.0.332|6.16.0.300]core ATTokenDS.java:184] idTokenGeneratedTime=1763152195,ExpireTime=1763155795
11-15 04:37:56.809  2532 15991 I ATTokenDS: [HwID_APK_log[6.15.0.332|6.16.0.300]core ATTokenDS.java:186] id_token_expired_time=1763155195289,now=1763152676808
11-15 04:37:56.809  2532 15991 I SignHuaweiIDImpl: [HwID_APK_log[6.15.0.332|6.16.0.300]core SignHuaweiIDImpl.java:729] hasIdToken|needCountryCode|homeZone|Email|Profile|AddOpenId is: false|false|false|false|true|false
11-15 04:37:56.810  2532 15991 I SignHuaweiIDImpl: [HwID_APK_log[6.15.0.332|6.16.0.300]core SignHuaweiIDImpl.java:608] needAddOpenIdScope: false
11-15 04:37:56.810  2532 15991 I ATTokenDS: [HwID_APK_log[6.15.0.332|6.16.0.300]core ATTokenDS.java:137] expireTime=1763155195289,now=1763152676810
11-15 04:37:56.811  1137  2745 I chatty  : uid=1000(system) Binder:1137_E expire 7 lines
11-15 04:37:56.813  2532 15991 I ATTokenDS: [HwID_APK_log[6.15.0.332|6.16.0.300]core ATTokenDS.java:184] idTokenGeneratedTime=1763152195,ExpireTime=1763155795
11-15 04:37:56.813  2532 15991 I ATTokenDS: [HwID_APK_log[6.15.0.332|6.16.0.300]core ATTokenDS.java:186] id_token_expired_time=1763155195289,now=1763152676813
11-15 04:37:56.814  2532 15991 I ATTokenDS: [HwID_APK_log[6.15.0.332|6.16.0.300]core ATTokenDS.java:217] id_token_expired_OneDay=1763237995289,now=1763152676814
11-15 04:37:56.814  2532 15991 I SignHuaweiIDImpl: [HwID_APK_log[6.15.0.332|6.16.0.300]core SignHuaweiIDImpl.java:614] mIsGetServerAuthCode: true
11-15 04:37:56.815  2532 15991 I SignHuaweiIDImpl: [HwID_APK_log[6.15.0.332|6.16.0.300]core SignHuaweiIDImpl.java:825] signInSilent
11-15 04:37:56.816   680   680 I APM_AudioPolicyManager: getOutputsForDevices, openOutputs size is 2, outputs size is 2
11-15 04:37:56.817  2532 15991 I SignInSilentManager: [HwID_APK_log[6.15.0.332|6.16.0.300]core SignInSilentManager.java:257] enter signIn
11-15 04:37:56.817  2532 15991 I UPUtils : [HwID_APK_log[6.15.0.332|6.16.0.300]core UPUtils.java:34] getCloudServiceToken init.
11-15 04:37:56.818  1137  1966 I chatty  : uid=1000(system) WifiService expire 102 lines
11-15 04:37:56.819  2532 15991 I SignInSilentHelper: [HwID_APK_log[6.15.0.332|6.16.0.300]core SignInSilentHelper.java:244] sendSilentRequest mIsFromForeground:false
11-15 04:37:56.826  2532 15991 I NetUtil : [HwID_APK_log[6.15.0.332|6.16.0.300]core NetUtil.java:29] enter networkIsAvaiable
11-15 04:37:56.827  1137  5110 D HwConnectivityServiceEx: set 10069 NULL value false
11-15 04:37:56.830  2532 15991 I SignInSilentHelper: [HwID_APK_log[6.15.0.332|6.16.0.300]core SignInSilentHelper.java:431] OpenIdScope : false
11-15 04:37:56.842  2532 15991 I SiteCountryDataManager: [HwID_APK_log[6.15.0.332|6.16.0.300]core SiteCountryDataManager.java:3056] isSupportTransferKey: true
11-15 04:37:56.844  2532  6899 I ThreadPool: [HwID_APK_log[6.15.0.332|6.16.0.300]core CustomThreadPoolExecutor.java:140] thread dump:poolName:Hwid-Core-Pool activeCount:1 completedTaskCount:43 taskCount:44 corePoolSize:14 largestPoolSize:14 maxPoolSize:14 queueSize:0 
11-15 04:37:56.851  2532  6899 I GwRequest: [HwID_APK_log[6.15.0.332|6.16.0.300]core GwRequest.java:60] mGwHttpRequest start.
11-15 04:37:56.852  1137  1668 W BroadcastQueue: intentAction=android.intent.action.BOOT_COMPLETEDdispatchTime=156594 numReceivers=150 nextReceiver=77 now=356357 state=3 curReceiver= null
11-15 04:37:56.858  2532  6899 I HwIDRestClientCall: [HwID_APK_log[6.15.0.332|6.16.0.300]core HwIDRestClientCall.java:108] GwHttpRequest execute start.
11-15 04:37:56.859  2532  6899 I HwIDRestClientCall: [HwID_APK_log[6.15.0.332|6.16.0.300]core HwIDRestClientCall.java:141] realCall host:********************tform.dbankcloud.com
11-15 04:37:56.866  2532  6899 I fwkit_NetInitThread: [fwkit ShareNetworkKit.java:53] The context of network sdk register successfully
11-15 04:37:56.873  2532  6899 I XasymJwtUtil: [HwID_APK_log[6.15.0.332|6.16.0.300]core XasymJwtUtil.java:186] uri:/oauth2/v3/silent_token/ use hmackey
11-15 04:37:56.876  2532  6899 I XasymJwtUtil: [HwID_APK_log[6.15.0.332|6.16.0.300]core XasymJwtUtil.java:204] asysmauth:v4xAF6Vh-o7w872tn0iEcost 4ms, reqname:/oauth2/v3/silent_token/
11-15 04:37:56.877  2532  6899 I fwkit_NetInitThread: [fwkit ShareNetworkKit.java:53] The context of network sdk register successfully
11-15 04:37:56.879 15900 15996 I chatty  : uid=1000(system) com.huawei.audioaccessorymanager expire 4 lines
11-15 04:37:56.890  2532  6899 I NetworkSdk_CountryCodeBean: [HMSCore NetworkLog.java:1] Hwid-Core-Pool4|network.grs.local.model.CountryCodeBean|16|get issue_country code from VENDOR_COUNTRY
11-15 04:37:56.891 15900 15900 I ActivityThread: finishPreloaded preloadStatus 0
11-15 04:37:56.893  2532  6899 I NetworkSdk_OkReqTsk: [HMSCore NetworkLog.java:1] Hwid-Core-Pool4|embedded.j3|296|the request has used the okhttp! 
11-15 04:37:56.895  2532  6899 I NetworkSdk_DNManager: [HMSCore NetworkLog.java:1] Hwid-Core-Pool4|embedded.t|3|oauth-login-drcn.platform.dbankcloud.com resolve source:LocalDns,result:{'ALL', exist, createTime=1763152077416, LocalDns, 1}
11-15 04:37:56.898  1137  5110 D ActivityManager: shouldSetPrivilegeType action=com.huawei.iconnect.ACTION_DEVICE_NEARBY clientUid=1000
11-15 04:37:56.901  1137  1678 D ActivityManager: setPrivilegeType r: ServiceRecord{ba7e969 u0 com.huawei.audioaccessorymanager/com.huawei.audionearby.service.NearbyService}, interfaceDescriptor : com.huawei.iconnect.notify.dialog.IDialogEvent, shouldSetPrivType: false
11-15 04:37:56.908 15900 15968 I chatty  : uid=1000(system) com.huawei.audioaccessorymanager expire 1 line
11-15 04:37:56.949  2532  6899 I SecurityComp10300300: SSLFNew: createSocket
11-15 04:37:56.950  2532  6899 I SecurityComp10300300: SSLFNew: set default protocols
11-15 04:37:56.950  2532  6899 I SecurityComp10300300: SSLFNew: set default cipher
11-15 04:37:56.974 15900 15900 W ContextImpl: [9a1b319324ea4e3, 0, 0] Calling a method in the system process without a qualified user: android.app.ContextImpl.bindService:1777 android.content.ContextWrapper.bindService:705 ohos.app.ContextDeal.O000000:3131 ohos.app.ContextDeal.O000000:3080 ohos.app.ContextDeal.connectAbility:1469 
11-15 04:37:57.003  2532  6899 I SecurityComp10300300: : verify: certificate is : CN=id.cloud.huawei.com,O=Huawei Software Technologies Co.\, Ltd.,L=Nanjing,ST=Jiangsu,C=CN
11-15 04:37:57.116  1137  1678 D ActivityManager: setPrivilegeType r: ServiceRecord{b3bbe29 u0 com.huawei.audioaccessorymanager/.AndroidServiceAbilityShellService}, interfaceDescriptor : a, shouldSetPrivType: false
11-15 04:37:57.130 15900 15900 I chatty  : uid=1000(system) com.huawei.audioaccessorymanager expire 19 lines
11-15 04:37:57.140  2532 16005 I NetworkSdk_Netdiag: [HMSCore NetworkLog.java:1] Hwid-Core-Pool4 ->NK_netdiag_1|netdiag.tools.NetDetectAndPolicy|1|the time count will reset!
11-15 04:37:57.140  2532  6899 I NetworkSdk_InterceptorExecutor: [HMSCore NetworkLog.java:1] Hwid-Core-Pool4|embedded.p2|425|response code:200
11-15 04:37:57.143  2532  6899 I HwIDRestClientCall: [HwID_APK_log[6.15.0.332|6.16.0.300]core HwIDRestClientCall.java:173] realCall response code:200
11-15 04:37:57.144  2532  6899 I GwHttpRequest: [HwID_APK_log[6.15.0.332|6.16.0.300]core GwHttpRequest.java:582] response contains valid transferID NeedEncrypt
11-15 04:37:57.151  2532  6899 I GwSilentTokenHttpRequest: [HwID_APK_log[6.15.0.332|6.16.0.300]core GwHttpRequest.java:435] oauth2/v3/silent_token request ctrID = 17631526768486245550448750377038
11-15 04:37:57.157  2532  6899 I AAIDUtils: [HwID_APK_log[6.15.0.332|6.16.0.300]core AAIDUtils.java:49] queryAAID: aa7ed
