11-15 04:39:25.850  2497  2848 I RmeSchedManager: SetMarginData, input:3, animation:4, traversal:4, util:600, frameRate:60
11-15 04:39:25.959  1137  1927 D fingersense_manager: Calling fingersense_classify_touch()
11-15 04:39:25.960  1137  1927 I FLP2012 : kr: ppvAcc is 0.450195, knuckle too light.
11-15 04:39:25.960  1137  1927 D fingersense_manager: fingersense_classify_touch() finished
11-15 04:39:25.960  1137  1927 I HwFingersSnapshooter: handleMotionEvent first finger(0) touch down at (503.0,911.0)
11-15 04:39:25.961  1137  1926 I InputDispatcher: wallpaper Window{b967305 u0 com.android.systemui.HwImageWallpaper} not receive touch event for PRIVATE_FLAG_NOT_TOUCH_WALLPAPER
11-15 04:39:25.961  1137  1926 I InputDispatcher: stylus touch down, set lcd event 1
11-15 04:39:25.962  1137  1926 I InputDispatcher: stylus touch down, set lcd event 1
11-15 04:39:26.015  8624 16216 I CAWARENESS_34450_MemoryMonitor: VersionCode: 1000034450 Hiai name: 12.3.0.304 memory(kB) static totalPss: 26294, dalvikPss: 3613, nativePss: 9290, otherPss: 8346, swapPss: 5045
11-15 04:39:26.016  8624 16216 I CAWARENESS_34450_MemoryMonitor: App Summary:summary.code: 2544 kB	summary.stack: 12 kB	summary.graphics: 0 kB	summary.java-heap: 4916 kB	summary.native-heap: 9280 kB	summary.system: 6586 kB	summary.total-pss: 26294 kB	summary.private-other: 2956 kB	summary.total-swap: 16320 kB	
11-15 04:39:26.025  1137  1927 I HwFingersSnapshooter: handleMotionEvent last finger(0) up.
11-15 04:39:26.025  1137  1926 I InputDispatcher: stylus touch up, set lcd event 0
11-15 04:39:26.026  1137  1926 I InputDispatcher: stylus touch up, set lcd event 0
11-15 04:39:26.027  1137  1608 I NavigationBarPolicy: onFling::not valid gesture , false, return!
11-15 04:39:26.099  1218  1408 E ScreemCommon: fail to extract lcd fps mode!
11-15 04:39:26.100  1218  1408 W ScreemCommon: ProcessEntry, not beta version or commercial log off
11-15 04:39:26.158  1137  1927 D fingersense_manager: Calling fingersense_classify_touch()
11-15 04:39:26.159  1137  1927 D fingersense_manager: fingersense_classify_touch() finished
11-15 04:39:26.159  1137  1927 I HwFingersSnapshooter: handleMotionEvent first finger(0) touch down at (524.0,910.0)
11-15 04:39:26.160  1137  1926 I InputDispatcher: wallpaper Window{b967305 u0 com.android.systemui.HwImageWallpaper} not receive touch event for PRIVATE_FLAG_NOT_TOUCH_WALLPAPER
11-15 04:39:26.160  1137  1926 I InputDispatcher: stylus touch down, set lcd event 1
11-15 04:39:26.160  1137  1926 I InputDispatcher: stylus touch down, set lcd event 1
11-15 04:39:26.241  1137  1927 I HwFingersSnapshooter: handleMotionEvent last finger(0) up.
11-15 04:39:26.241  1137  1926 I InputDispatcher: stylus touch up, set lcd event 0
11-15 04:39:26.242  1137  1926 I InputDispatcher: stylus touch up, set lcd event 0
11-15 04:39:26.244  1137  1608 I NavigationBarPolicy: onFling::not valid gesture , false, return!
11-15 04:39:26.352  1860  1862 I bms_behavior: monitor interval count 85
11-15 04:39:26.358  1137  1927 D fingersense_manager: Calling fingersense_classify_touch()
11-15 04:39:26.359  1137  1927 D fingersense_manager: fingersense_classify_touch() finished
11-15 04:39:26.359  1137  1927 I HwFingersSnapshooter: handleMotionEvent first finger(0) touch down at (598.0,910.0)
11-15 04:39:26.360  1137  1926 I InputDispatcher: wallpaper Window{b967305 u0 com.android.systemui.HwImageWallpaper} not receive touch event for PRIVATE_FLAG_NOT_TOUCH_WALLPAPER
11-15 04:39:26.360  1137  1926 I InputDispatcher: stylus touch down, set lcd event 1
11-15 04:39:26.360  1137  1926 I InputDispatcher: stylus touch down, set lcd event 1
11-15 04:39:26.457  1137  1927 I HwFingersSnapshooter: handleMotionEvent last finger(0) up.
11-15 04:39:26.458  1137  1926 I InputDispatcher: stylus touch up, set lcd event 0
11-15 04:39:26.458  1137  1926 I InputDispatcher: stylus touch up, set lcd event 0
11-15 04:39:26.460  1137  1608 I NavigationBarPolicy: onFling::not valid gesture , false, return!
11-15 04:39:26.574  1137  1927 D fingersense_manager: Calling fingersense_classify_touch()
11-15 04:39:26.575  1137  1927 D fingersense_manager: fingersense_classify_touch() finished
11-15 04:39:26.576  1137  1927 I HwFingersSnapshooter: handleMotionEvent first finger(0) touch down at (551.0,908.0)
11-15 04:39:26.576  1137  1926 I InputDispatcher: wallpaper Window{b967305 u0 com.android.systemui.HwImageWallpaper} not receive touch event for PRIVATE_FLAG_NOT_TOUCH_WALLPAPER
11-15 04:39:26.577  1137  1926 I InputDispatcher: stylus touch down, set lcd event 1
11-15 04:39:26.577  1137  1926 I InputDispatcher: stylus touch down, set lcd event 1
11-15 04:39:26.657  1137  1927 I HwFingersSnapshooter: handleMotionEvent last finger(0) up.
11-15 04:39:26.657  1137  1926 I InputDispatcher: stylus touch up, set lcd event 0
11-15 04:39:26.658  1137  1926 I InputDispatcher: stylus touch up, set lcd event 0
11-15 04:39:26.659  1137  1608 I NavigationBarPolicy: onFling::not valid gesture , false, return!
11-15 04:39:26.362  1137  1742 I chatty  : uid=1000(system) PowerManagerSer identical 6 lines
11-15 04:39:26.579  1137  1742 I PowerManagerService: handleSandman: wakefulness: 1,startDreaming: false
11-15 04:39:26.752  1137  2745 D HwConnectivityServiceEx: set 10228 wlan0 value false
11-15 04:39:26.753  8181 12014 I FileLockLib: [8181]file 80 unlocked. fl.pid=0
11-15 04:39:26.755  8181 12014 I FileLockLib: [8181]file 80 unlocked. fl.pid=0
11-15 04:39:26.774  1137  1927 D fingersense_manager: Calling fingersense_classify_touch()
11-15 04:39:26.775  1137  1927 I FLP2012 : kr: ppvAcc is 0.575195, knuckle too light.
11-15 04:39:26.776  1137  1927 D fingersense_manager: fingersense_classify_touch() finished
11-15 04:39:26.776  1137  1927 I HwFingersSnapshooter: handleMotionEvent first finger(0) touch down at (509.0,899.0)
11-15 04:39:26.777  1137  1926 I InputDispatcher: wallpaper Window{b967305 u0 com.android.systemui.HwImageWallpaper} not receive touch event for PRIVATE_FLAG_NOT_TOUCH_WALLPAPER
11-15 04:39:26.777  1137  1926 I InputDispatcher: stylus touch down, set lcd event 1
11-15 04:39:26.780  1137  1742 I PowerManagerService: handleSandman: wakefulness: 1,startDreaming: false
11-15 04:39:26.777  1137  1926 I InputDispatcher: stylus touch down, set lcd event 1
11-15 04:39:26.856  1137  1927 I HwFingersSnapshooter: handleMotionEvent last finger(0) up.
11-15 04:39:26.857  1137  1926 I InputDispatcher: stylus touch up, set lcd event 0
11-15 04:39:26.857  1137  1926 I InputDispatcher: stylus touch up, set lcd event 0
11-15 04:39:26.859  1137  1608 I NavigationBarPolicy: onFling::not valid gesture , false, return!
11-15 04:39:26.899  2497 16217 W HwLauncher: getDownloadInfo return null!
11-15 04:39:27.051  2497 16217 I chatty  : uid=10080(com.huawei.android.launcher) new_app_animate identical 9 lines
11-15 04:39:27.067  2497 16217 W HwLauncher: getDownloadInfo return null!
11-15 04:39:27.069  1137  1966 I TrafficMonitor: update:rxPkts:3,txPkts:11,rxBytes:244,txBytes:760
11-15 04:39:27.069  1137  1966 I TrafficMonitor: gettimer:interval=2000
11-15 04:39:27.084  2497 16217 W HwLauncher: getDownloadInfo return null!
11-15 04:39:27.250  1137  2745 I JobScheduler: CANCEL: ba8ac26 #u0a201/12141 com.snda.wifilocating/androidx.work.impl.background.systemjob.SystemJobService, reason:cancel() called by app, callingUid=10201 uid=10201 jobId=12141
11-15 04:39:27.214  2497 16217 I chatty  : uid=10080(com.huawei.android.launcher) new_app_animate identical 8 lines
11-15 04:39:27.246  2497 16217 W HwLauncher: getDownloadInfo return null!
11-15 04:39:27.253  1137  1967 I WificondControl: Noise: 0, Snr: -1, Chload: 107, rssi: -39, txBitrate: 135, rxBitrate: 150, frequency: 2462, UlDelay: -1, currentTxBytes: 10595921, currentTxPackets: 13294, currentTxFailed: 0, currentRxBytes: 4069733, currentRxPackets: 10374
11-15 04:39:27.255  1137  1966 I WiFi_PRO: MSG_RETURN_AP_CURRY_RSSI rssi = -39
11-15 04:39:27.256  1137  1966 I QosMonitor: queryRtt: rttType = 3
11-15 04:39:27.256  1137  1966 I HwWifiProServiceProxy: ctrlHwWifiNetwork pkgName: WIFIPRO_SERVICE interfaceId: 8
11-15 04:39:27.256  1137  2081 I HuaweiWifiWatchdogStateMachine: high data flow: protection_counter = 0,  not_detect_counter = 25
11-15 04:39:27.256  1137  2081 I HuaweiWifiWatchdogStateMachine: high data flow scenario: 0 --> 0 rx bytes =7KB
11-15 04:39:27.256  1137  2081 I HuaweiWifiWatchdogStateMachine: POta txb txg rxg:0, 20, 0. Lr =0% Totpkt=20
11-15 04:39:27.256  1137  1966 I QosMonitor: postEventFromNative: msg=100,arg1=4,arg2=10
11-15 04:39:27.257  1137  1966 I HwWifiProServiceProxy: ctrlHwWifiNetwork pkgName: WIFIPRO_SERVICE interfaceId: 8
11-15 04:39:27.257  1137  1966 I QosMonitor: postEventFromNative: msg=100,arg1=0,arg2=10
11-15 04:39:27.257  1137  1966 I MQoS    : rtt=160,tcpTxPkts=1331,tcpRxPkts=1144
11-15 04:39:27.257  1137  1966 I QosMonitor: resetRtt: rttType = 3
11-15 04:39:27.257  1137  1966 I HwWifiProServiceProxy: ctrlHwWifiNetwork pkgName: WIFIPRO_SERVICE interfaceId: 8
11-15 04:39:27.257  1137 14025 D HwConnectivityServiceEx: set 1000 wlan0 value false
11-15 04:39:27.257  1137 14025 I MQoS    : QOS_level:0(0),DataDisable;use level-0
11-15 04:39:27.257  1137 14025 I MQoS    : skip-low-Level:0(0),DataDisable;use level-0
11-15 04:39:27.258  1137  2081 I HuaweiWifiWatchdogStateMachine: PTcp RTT:0, rtt pkt=0, tcp_rx=1, tcp_tx=5, tcp_reTran=0, rtRate=0
11-15 04:39:27.258  1137  2081 I HuaweiWifiWatchdogStateMachine: start computeQosLevel tcpRtt = 0 ,rssi = -38 ,mBestSpeedInPeriod = 49
11-15 04:39:27.258  1137  2081 I HuaweiWifiWatchdogStateMachine: smoothConsecutiveQosResults, currentQosLevel = 3
11-15 04:39:27.262  2497 16217 W HwLauncher: getDownloadInfo return null!
11-15 04:39:27.281  1137  2745 I JobScheduler.Time: Add job to TimeTracking: b976a43 #u0a201/12142 com.snda.wifilocating/androidx.work.impl.background.systemjob.SystemJobService, delayTime:476740, deadlineTime:9223372036854775807
11-15 04:39:27.738  1137  1927 D fingersense_manager: Calling fingersense_classify_touch()
11-15 04:39:27.740  1137  1927 I FLP2012 : kr: ppvAcc is 0.193848, knuckle too light.
11-15 04:39:27.740  1137  1927 D fingersense_manager: fingersense_classify_touch() finished
11-15 04:39:27.740  1137  1927 I HwFingersSnapshooter: handleMotionEvent first finger(0) touch down at (273.0,598.0)
11-15 04:39:27.741  1137  1926 I InputDispatcher: wallpaper Window{b967305 u0 com.android.systemui.HwImageWallpaper} not receive touch event for PRIVATE_FLAG_NOT_TOUCH_WALLPAPER
11-15 04:39:27.742  1137  1926 I InputDispatcher: stylus touch down, set lcd event 1
11-15 04:39:27.743  1137  1926 I InputDispatcher: stylus touch down, set lcd event 1
11-15 04:39:27.744  2497  2497 I RMS.HwSysResManager: preloadAppForLauncher packageName com.idealdimension.EmpireAttack preloadType 101
11-15 04:39:27.745  1137  1742 I PowerManagerService: handleSandman: wakefulness: 1,startDreaming: false
11-15 04:39:27.752  1137  1900 I BigFontUtils: adjustAppProcessConfiguration appInfo:com.idealdimension.EmpireAttack
11-15 04:39:27.762   680  2175 D AudioPolicyService: getUidState(10319) !cacheIter->second.first, return PROCESS_STATE_UNKNOWN
11-15 04:39:27.762   680  2175 D AudioPolicyService: getUidState(10319) !cacheIter->second.first, return PROCESS_STATE_UNKNOWN
11-15 04:39:27.780  2497  2848 I RmeSchedManager: SetMarginData, input:3, animation:4, traversal:4, util:600, frameRate:60
11-15 04:39:27.788  1137  1927 I HwFingersSnapshooter: handleMotionEvent last finger(0) up.
11-15 04:39:27.789  1137  1926 I InputDispatcher: stylus touch up, set lcd event 0
11-15 04:39:27.789  1137  1926 I InputDispatcher: stylus touch up, set lcd event 0
11-15 04:39:27.793  2497  2497 V AudioManager: querySoundEffectsEnabled...
11-15 04:39:27.801  1137  5015 I HwWindowManagerServiceEx: set app win exit info, bundle = Bundle[mParcelledData.dataSize=552], iconBitmap = android.graphics.Bitmap@bbdb8f1
11-15 04:39:27.801  1137  5015 D HwWindowManagerServiceEx: support landscape open anim : true
11-15 04:39:27.801  1137  5015 I HwWindowManagerServiceEx: setLandAnimationInfo : true
11-15 04:39:27.801  1137  5015 I HwWindowManagerServiceEx: set launch origin and target for: com.idealdimension.EmpireAttack with delay 1500
11-15 04:39:27.802  1137  5015 D HwWindowManagerServiceEx: AnimationTurbo wms set setIconToLayer enter icon
11-15 04:39:27.804   608   608 D Zygote  : Forked child process 16219
11-15 04:39:27.804  2497 16218 I HwLauncher: GestureUtil MOTION_NOTIFICATION app_start sendBroadcast extra= category: app_start
11-15 04:39:27.807  1137  1137 I DE J DES: [effect] [MOTION_NOTIFICATION] extra:app_start
11-15 04:39:27.808  1137  1669 W ActivityManager: Slow operation: 51ms so far, now at startProcess: returned from zygote!
11-15 04:39:27.808  1137  1668 W BroadcastQueue: intentAction=android.intent.action.BOOT_COMPLETEDdispatchTime=156594 numReceivers=150 nextReceiver=78 now=447313 state=3 curReceiver= null
11-15 04:39:27.809  1137  1669 W ActivityManager: Slow operation: 52ms so far, now at startProcess: done updating battery stats
11-15 04:39:27.809  1137  5015 I ActivityTaskManager: START u0 {act=android.intent.action.MAIN cat=[android.intent.category.LAUNCHER] flg=0x10200000 hwFlg=0x10 cmp=com.idealdimension.EmpireAttack/cn.cmgame.billing.api.GameOpenActivity bnds=[197,516][365,713] (has extras)} from uid 10080
11-15 04:39:27.809  1137  5015 I HwActivityTaskManagerServiceEx: developer mode, not limit.
11-15 04:39:27.809  1137  1669 W ActivityManager: Slow operation: 52ms so far, now at startProcess: building log message
11-15 04:39:27.809  1137  1669 I ActivityManager: Start proc 16219:com.idealdimension.EmpireAttack/u0a319 for start application com.idealdimension.EmpireAttack
11-15 04:39:27.810  1137  1669 W ActivityManager: Slow operation: 53ms so far, now at startProcess: starting to update pids map
11-15 04:39:27.810  1137  5015 I HWRME LIBHWRME_CLIENT: ResMngMmEvent interface arg 0, 10319
11-15 04:39:27.810  1189  1212 D AwareLog: iawared: pause rcc and gpu compress
11-15 04:39:27.811  1137  5015 D ActivityTaskManager: default mask = 6160 default binary mask = 1100000010000
11-15 04:39:27.811  1137  5015 D hwPS_HwPermAccessControlManager: checkHwPermissionForFwk uid: 10080, pkg: com.huawei.android.launcher
11-15 04:39:27.811  1137  5015 D hwPS_PopupBackgroundWindowPermission: package: com.huawei.android.launcher is always allow, allow this time
11-15 04:39:27.811  1137  5015 D hwPS_PopupBackgroundWindowHelper: PKG_NAME: com.huawei.android.launcher, INTERCEPTION_STATE: BACKGROUND, INTERCEPTION_TYPE: INTENT, CHECK_RESULT:ALLOW
11-15 04:39:27.811  1137  5015 D ActivityTaskManager: real mask = 0 real binary mask = 0shouldIntercept start, isNeedIntercept = false callingUid = 10080 callingPackage = com.huawei.android.launcher
11-15 04:39:27.811  1137  5015 D ActivityTaskManager: Background activity start: don't abort if calling uid has any visible window or is persistent system processcallingUidHasAnyVisibleWindow = true isCallingUidPersistentSystemProcess = false
11-15 04:39:27.812  1137  5015 D HwActivityStarterEx: reportResult :  packageName = com.huawei.android.launcher uid = 10080 activityOriginalStartResult = 7 hwInterceptionMask = 0 validLen = 4
11-15 04:39:27.812  1137  5015 D HwMultiWindowManager: no needed update to source window mode
11-15 04:39:27.813  1189  1212 D AwareLog: iawared: WorkingsetProcessCommand subCmd = 354, userId=10319, pid=0, com.idealdimension.EmpireAttack
11-15 04:39:27.814  1137  5015 D HwGameAssistantController: isGameForeground? false
11-15 04:39:27.814  1137  5015 I ActivityTaskManager: ActivityRecord info: ActivityInfo{ba79620 cn.cmgame.billing.api.GameOpenActivity}
11-15 04:39:27.815  1137  5015 I Icon_Cache: add:2130837585#com.idealdimension.EmpireAttack
11-15 04:39:27.817  1189  1212 D AwareLog: iawared: WorkingsetSendPrereadMsg com.idealdimension.EmpireAttack
11-15 04:39:27.817  1189  1212 D AwareLog: iawared: WorkingsetStart com.idealdimension.EmpireAttack in monitor0
11-15 04:39:27.819  1137  5015 D ActivityTaskManager: TaskLaunchParamsModifier:task=null activity=ActivityRecord{b3f2a48 u0 com.idealdimension.EmpireAttack/cn.cmgame.billing.api.GameOpenActivity t-1} display-from-source=0 display-id=0 display-windowing-mode=1
11-15 04:39:27.820  1137  5015 D ActivityTaskManager: TaskLaunchParamsModifier:task=null activity=ActivityRecord{b3f2a48 u0 com.idealdimension.EmpireAttack/cn.cmgame.billing.api.GameOpenActivity t-1} display-from-source=0 display-id=0 display-windowing-mode=1 activity-options-fullscreen=Rect(0, 0 - 0, 0) non-freeform-display maximized-bounds
11-15 04:39:27.822  1137  5015 D ActivityTaskManager: pinned windowing mode is false  pad mirror cast is  false
11-15 04:39:27.825  1137  5015 V ActivityTaskManager: addChild: attaching stackId=4 to displayId=0 position=3
11-15 04:39:27.826  1137  5015 V ActivityTaskManager: positionChild stackId=4 to top.
11-15 04:39:27.830  1182  1182 E Thermal-daemon:hw_thermal: [Thermal_Hw] TemperatureValid, rfboard : temperature is invalid, invalid temperatrue is 86
11-15 04:39:27.830  1182  1182 E Thermal-daemon:hw_thermal: [Thermal_Hw] TemperatureFilter: get invalid temperature, use old temp
11-15 04:39:27.830  1182  1182 E Thermal-daemon:hw_thermal: [charger_ic] tempNew :38  tempOld :39
11-15 04:39:27.830  1137  5015 D ActivityTaskManager: TaskLaunchParamsModifier:task=TaskRecord{b95dbb6 #590 A=10319:com.idealdimension.EmpireAttack U=0 StackId=4 sz=0} activity=ActivityRecord{b3f2a48 u0 com.idealdimension.EmpireAttack/cn.cmgame.billing.api.GameOpenActivity t-1} display-from-task=0 display-id=0 display-windowing-mode=1 activity-options-fullscreen=Rect(0, 0 - 0, 0) non-freeform-display maximized-bounds
11-15 04:39:27.830  1182  1182 E Thermal-daemon:hw_thermal: Report temperature: [charger_ic] temp :38  reportThreshold:1
11-15 04:39:27.832  2442  3998 I ThermalTraceService: code:1, appInfo:com.huawei.android.launcher#10000, levelInfo:2,warm_charger,1
11-15 04:39:27.833  1137  5015 V ActivityTaskManager: positionChild stackId=4 to top.
11-15 04:39:27.838  1137  5015 I WindowManager: addWindowToken: displayid:0 binder:Token{bac4bbc ActivityRecord{b3f2a48 u0 com.idealdimension.EmpireAttack/cn.cmgame.billing.api.GameOpenActivity t590}} token:AppWindowToken{b3f2b44 token=Token{bac4bbc ActivityRecord{b3f2a48 u0 com.idealdimension.EmpireAttack/cn.cmgame.billing.api.GameOpenActivity t590}}}
11-15 04:39:27.838  1137  5015 V ActivityTaskManager: addAppToken: AppWindowToken{b3f2b44 token=Token{bac4bbc ActivityRecord{b3f2a48 u0 com.idealdimension.EmpireAttack/cn.cmgame.billing.api.GameOpenActivity t590}}} task={taskId=590 appTokens=[] mdr=false} at 2147483647
11-15 04:39:27.840  1137  5015 I ActivityTaskManager: setAppStartingWindow: token=Token{bac4bbc ActivityRecord{b3f2a48 u0 com.idealdimension.EmpireAttack/cn.cmgame.billing.api.GameOpenActivity t590}} pkg=com.idealdimension.EmpireAttack transferFrom=null newTask=true taskSwitch=true processRunning=false allowTaskSnapshot=true activityCreated=false LowRamTaskSnapshots=false
11-15 04:39:27.840  1137  5015 I WindowManager: Get card startingwindow flag: -1
11-15 04:39:27.841  5026  5054 W ContentSensor_13.10.10.204_FrameworkRegistry: Unknown state is : showStartingWindow
11-15 04:39:27.841  1137  1742 I PowerManagerService: handleSandman: wakefulness: 1,startDreaming: false
11-15 04:39:27.841  1137  1624 I HwAudioServiceEx: ComponentInfo : className = cn.cmgame.billing.api.GameOpenActivity, flag = showStartingWindow, isHomeActivity = , isTop = false
11-15 04:39:27.841  1137  1624 I HwAudioServiceEx: not onResume or onPause
11-15 04:39:27.842  2328 15184 E DollieActivityManagerAdapter: HwActivityNotifierEx null uid
11-15 04:39:27.842  2328  7102 D Hicom_Monitor: ActivityNotifier not support:com.idealdimension.EmpireAttack
11-15 04:39:27.849  1137  1669 W ActivityManager: Slow operation: 92ms so far, now at startProcess: done updating pids map
11-15 04:39:27.859  1137  1742 I PowerManagerService: handleSandman: wakefulness: 1,startDreaming: false
11-15 04:39:27.872  1137  2745 I WindowManager: getScreenPhysicalRect: sFullFoldDisplayModeRect = null, sMainFoldDisplayModeRect = null
11-15 04:39:27.877  1137  2745 D VideoShareElement: getShareElement Begin
11-15 04:39:27.877  1137  2745 D HwWindowManagerServiceEx: prepareForTopLeftAlignmentAnimation getVisibleLayerInfo null
11-15 04:39:27.890  1137  2745 I HwWindowManagerServiceEx: hideAboveAppWindowsContainers
11-15 04:39:27.891  1137  2745 I HwWindowManagerServiceEx: setAboveAppWindowsVisibility keep Window{b9300b1 u0 GestureNavAnim}
11-15 04:39:27.891  1137  2745 I HwWindowManagerServiceEx: setAboveAppWindowsVisibility keep Window{b930009 u0 GestureSildeOut}
11-15 04:39:27.891  1137  2745 I HwWindowManagerServiceEx: setAboveAppWindowsVisibility keep Window{b95a105 u0 GestureNavBottom}
11-15 04:39:27.891  1137  2745 I HwWindowManagerServiceEx: setAboveAppWindowsVisibility keep Window{b95a009 u0 GestureNavRight}
11-15 04:39:27.891  1137  2745 I HwWindowManagerServiceEx: setAboveAppWindowsVisibility keep Window{afbac5d u0 GestureNavLeft}
11-15 04:39:27.891  1137  2745 I HwWindowManagerServiceEx: setAboveAppWindowsVisibility change Window{b497d05 u0 NavigationBar0} -> false
11-15 04:39:27.892  1137  2745 I HwWindowManagerServiceEx: setAboveAppWindowsVisibility keep Window{b38405d u0 StatusBar}
11-15 04:39:27.892  1137  2745 I HwWindowManagerServiceEx: setAboveAppWindowsVisibility keep Window{b967359 u0 AssistPreviewPanel}
11-15 04:39:27.892  1137  2745 I HwWindowManagerServiceEx: setAboveAppWindowsVisibility keep Window{b9ffd59 u0 DockedStackDivider}
11-15 04:39:27.905  1137  2745 I HwWindowManagerServiceEx: hideAboveAppWindowsContainers finish
11-15 04:39:27.924  1137  2745 W ImageReader_JNI: Unable to acquire a buffer item, very likely client tried to acquire more than maxImages buffers
11-15 04:39:27.944  1137  2745 I WindowManager: notifyRotate() to observer android.view.IHwRotateObserver$Stub$Proxy@ba0a147
11-15 04:39:27.945  1137  2745 I WindowManager: notifyRotate() to observer android.view.IHwRotateObserver$Stub$Proxy@b9ff9fe
11-15 04:39:27.946 16219 16219 E libc    : Access denied finding property "persist.device_config.runtime_native.use_app_image_startup_cache"
11-15 04:39:27.947 16219 16219 E on.EmpireAttac: LoadAppImageStartupCache enabled : 1
11-15 04:39:27.939 16219 16219 W on.EmpireAttac: type=1400 audit(0.0:2978): avc: denied { read } for pid=16219 name="u:object_r:device_config_runtime_native_prop:s0" dev="tmpfs" ino=16844 scontext=u:r:untrusted_app_27:s0:c63,c257,c512,c768 tcontext=u:object_r:device_config_runtime_native_prop:s0 tclass=file permissive=0
11-15 04:39:27.952 16219 16219 I on.EmpireAttac: Reinit property: dalvik.vm.checkjni= false
11-15 04:39:27.952 16219 16219 I on.EmpireAttac: ReInitProperties: persist.vm.debug.dumpapi= false
11-15 04:39:27.956 16219 16219 E on.EmpireAttac: Not starting debugger since process cannot load the jdwp agent.
11-15 04:39:27.958  1137  2745 I HwFreeFormAssistant: reset bounds records, displayWidth:1600 displayHeight:720
11-15 04:39:27.959  1137  2745 I HwMultiWindowSplitUI: mUiMode = 32  current ui mode = 32
11-15 04:39:27.961  1137  2745 I ActivityTaskManager: Config changes=20000480 {0.85 460mcc65535mnc [zh_CN_#Hans] ldltr sw360dp w739dp h337dp 320dpi nrml long land night finger -keyb/v/h -nav/h winConfig={ mBounds=Rect(0, 0 - 1600, 720) mAppBounds=Rect(45, 0 - 1523, 720) mWindowingMode=fullscreen mDisplayWindowingMode=fullscreen mActivityType=undefined mAlwaysOnTop=undefined mRotation=ROTATION_90} suim:1 fontWeightScale:100 s.49}
11-15 04:39:28.015 16219 16219 D ActivityThread: Attach thread to application
11-15 04:39:28.022 13696 13714 I HwActivityThreadImpl: before connect app.socketName:cbf4a536-72d7-41ba-882e-672dbd52638b
11-15 04:39:28.023 13696 13696 I HwActivityThreadImpl: accept socket end
11-15 04:39:28.023 13758 13775 I HwActivityThreadImpl: before connect app.socketName:12df4c9d-4f36-4e2b-9236-84d94cff645f
11-15 04:39:28.027 13758 13758 I HwActivityThreadImpl: accept socket end
11-15 04:39:28.033  1137  2745 I ActivityTaskManager: Override config changes=20000480 {0.85 460mcc65535mnc [zh_CN_#Hans] ldltr sw360dp w739dp h337dp 320dpi nrml long land night finger -keyb/v/h -nav/h winConfig={ mBounds=Rect(0, 0 - 1600, 720) mAppBounds=Rect(45, 0 - 1523, 720) mWindowingMode=fullscreen mDisplayWindowingMode=fullscreen mActivityType=undefined mAlwaysOnTop=undefined mRotation=ROTATION_90} suim:1 fontWeightScale:100 s.49} for displayId=0
11-15 04:39:28.048 13696 13714 W HwActivityThreadImpl: closeStream error.
11-15 04:39:28.049 13696 13714 I HwActivityThreadImpl: connectContinuePreload end mPreloadStatus 3
11-15 04:39:28.052  1137  1967 I WificondControl: Noise: 0, Snr: -1, Chload: 107, rssi: -39, txBitrate: 135, rxBitrate: 150, frequency: 2462, UlDelay: -1, currentTxBytes: 10595921, currentTxPackets: 13294, currentTxFailed: 0, currentRxBytes: 4069733, currentRxPackets: 10374
11-15 04:39:28.055  1137  1967 V HwWifiServiceFactory: get AllImpl object = com.android.server.wifi.HwWifiServiceFactoryImpl@b045d1b
11-15 04:39:28.055 13758 13775 W HwActivityThreadImpl: closeStream error.
11-15 04:39:28.055 13758 13758 W HwActivityThreadImpl: closeStream error.
11-15 04:39:28.055 13758 13775 I HwActivityThreadImpl: connectContinuePreload end mPreloadStatus 3
11-15 04:39:28.056 13758 13758 I HwActivityThreadImpl: acceptPreloadedApplication end mPreloadStatus 3
11-15 04:39:28.058  1137  1966 I TrafficMonitor: expired arrive. level:-1
11-15 04:39:28.058  1137  1966 I TrafficMonitor: during_ms:2006,period_ms:2000
11-15 04:39:28.058  1137  1966 I TrafficMonitor: count:197,rx_sum:3,tx_sum:11,rxBytes:244,during_ms:2006,rx_speed:121.63509471585246,tx_speed:378.86340977068795,rto:0.2727272727272727
11-15 04:39:28.058  1137  1966 I HuaweiWifiWatchdogStateMachine: Get speed information rx_speed = 121 ,tx_speed = 378 ,isSpeedOk = false ,mBestSpeedInPeriod = 121
11-15 04:39:28.085   678   678 E TS_Service: hwTsSetAftAlgoOrientation
11-15 04:39:28.086  1137  2745 D LogicalDisplay: configureDisplayLocked mTempLayerStackRect=Rect(0, 0 - 1600, 720) mTempDisplayRect=Rect(0, 0 - 1600, 720) orientation = 1
11-15 04:39:28.086  1137  2745 I DisplayDevice: setProjectionLocked displayId 0 orientation(0->1) LayerStackRect(Rect(0, 0 - 720, 1600)->Rect(0, 0 - 1600, 720)) DisplayRect(Rect(0, 0 - 720, 1600)->Rect(0, 0 - 1600, 720))
11-15 04:39:28.092   678   678 I TS_HAL  : ts_set_aft_orientation:called
11-15 04:39:28.092   678   678 I TS_HAL  : ts_set_horizon_enable: called
11-15 04:39:28.092  1137  2745 I SurfaceControl: setDisplayProjection orientation 1 layerStackRect Rect(0, 0 - 1600, 720) displayRect Rect(0, 0 - 1600, 720)
11-15 04:39:28.102 13696 13696 W HwActivityThreadImpl: closeStream error.
11-15 04:39:28.103  1137  2745 I HwFreeFormAssistant: reset bounds records, displayWidth:1600 displayHeight:720
11-15 04:39:28.103  1137  2745 I HwMultiWindowSplitUI: mUiMode = 32  current ui mode = 32
11-15 04:39:28.103  1137  2745 I HwMultiWindowSplitUI: orientation has not changed, mDisplayWidth: 1600, current height: 720, bottom: 0, mBottom: 0
11-15 04:39:28.107   678   678 I TS_HAL  : ts_feature_ctrl: feature(/sys/touchscreen/horizon_switch)set succ, status = 1
11-15 04:39:28.108  8014  8014 I SysUtils: build factory is HUAWEI
11-15 04:39:28.116  8014  8014 D SystemFonts: areFontsVariable: script=Hans
11-15 04:39:28.117  1137  2745 I HwDisplayPolicyEx: screen width:1600; mIsLandscape:true
11-15 04:39:28.124  1137  1921 D HwNotchSizeUtil: mRogWidth = 720mRogWHeigth = 1600, mDefaultWidth = 720,size = 64,resolutionSize =64
11-15 04:39:28.124  1137  1921 D HwNotchSizeUtil: mRogWidth = 720mRogWHeigth = 1600, mDefaultWidth = 720,size = 45,resolutionSize =45
11-15 04:39:28.125  1137  2745 I HwDisplayPolicyEx: screen width:1600; mIsLandscape:true
11-15 04:39:28.125  8624  8624 I FLTAG_AFM: applyConfigurationToResources
11-15 04:39:28.127  1137  2745 V WindowManager: commitVisibility: AppWindowToken{b9df905 token=Token{b9dcba3 ActivityRecord{b9df809 u0 com.huawei.android.launcher/.unihome.UniHomeLauncher t1}}}: hidden=true hiddenRequested=true
11-15 04:39:28.127  1137  1870 D HwConnectivityServiceEx: set 10183 wlan0 value false
11-15 04:39:28.128  1137  1921 D HwNotchSizeUtil: mRogWidth = 720mRogWHeigth = 1600, mDefaultWidth = 720,size = 64,resolutionSize =64
11-15 04:39:28.128  1137  1921 D HwNotchSizeUtil: mRogWidth = 720mRogWHeigth = 1600, mDefaultWidth = 720,size = 45,resolutionSize =45
11-15 04:39:28.129  7120  8170 E Telephony-accessory: [HwPhoneAccessoryService]:Failed to get instance of HwPhoneAccessoryService, not init yet.
11-15 04:39:28.131  7120  7120 W Settings: Setting airplane_mode_on has moved from android.provider.Settings.System to android.provider.Settings.Global, returning read-only value.
11-15 04:39:28.131  2143  2407 I MobileSignalController: copyFrom::dataConnected = false
11-15 04:39:28.131  2143  2407 I MobileSignalController: copyFrom::dataConnected = false
11-15 04:39:28.132  2143  2143 W StatusBar: disable<e i a s b h r c s > disable2<q i n >
11-15 04:39:28.133  1137  2745 I WindowManager: Changing focus from Window{b96725d u0 com.huawei.android.launcher/com.huawei.android.launcher.unihome.UniHomeLauncher} to null displayId=0 Callers=com.android.server.wm.RootWindowContainer.updateFocusedWindowLocked:6685652 com.android.server.wm.WindowManagerService.updateFocusedWindowLocked:6685128 com.android.server.wm.AppWindowToken.commitVisibility:6051180 com.android.server.wm.AppWindowToken.setVisibility:6341408 
11-15 04:39:28.134  1137  2745 I HwDisplayContentEx: currentFocus windowstate null
11-15 04:39:28.134  1137  1608 D StatusBarManagerService: win:Window{b96725d u0 com.huawei.android.launcher/com.huawei.android.launcher.unihome.UniHomeLauncher}mIsColorEnable:truelight:false
11-15 04:39:28.134  2143  3054 D HwCommandQueue: CommandQueue, set Launcher StatusBar Color
11-15 04:39:28.134  1137  1608 I StatusBarDisable: setFlags what=0 which=1 pkg=Window{b96725d u0 com.huawei.android.launcher/com.huawei.android.launcher.unihome.UniHomeLauncher}
11-15 04:39:28.135  1137  2745 D ZrHung.AppEyeFocusWindow: FocusWindowErrorScene CheckFreezeScreen
11-15 04:39:28.135  1137  2745 I WindowManager: Animation done in AppWindowToken{b9df905 token=Token{b9dcba3 ActivityRecord{b9df809 u0 com.huawei.android.launcher/.unihome.UniHomeLauncher t1}}} isHidden:true hiddenRequested:true
11-15 04:39:28.138  1137  2745 I WindowManager: New wallpaper target: null prevTarget: Window{b96725d u0 com.huawei.android.launcher/com.huawei.android.launcher.unihome.UniHomeLauncher}
11-15 04:39:28.140  2143  2317 D ImageWallpaper: wallpaper visibility changes to: false
11-15 04:39:28.142  1137  2745 I SurfaceComposerClient: apply setProjection orientation 1
11-15 04:39:28.143   686  1748 I RoundCornerDisplay: [CheckTransactionStateAndInject]+
11-15 04:39:28.144  4983  4983 I HwVA SuperFontSizeUtil: newFontScale 0.85 current 0.85
11-15 04:39:28.144   686  1748 I RoundCornerDisplay: [CheckTransactionStateAndInject]RogSize in All eara !!!, rogWidth = 720, rogHeight = 1600
11-15 04:39:28.144   686  1748 I RoundCornerDisplay: [UpdateRogParameter]m_rogWidth updated from 720->720, m_rogHeight from 1600->1600
11-15 04:39:28.144   686  1748 I RoundCornerDisplay: [CheckRogChanged]Rog not changed rogWidth:720, rogHeight:1600, m_displayWidth:720, m_displayHeight:1600
11-15 04:39:28.144   686  1748 I RoundCornerDisplay: [UpdateOrientationStatus]m_curOrientation = 1, m_lastOrientation = 0
11-15 04:39:28.144   686  1748 I RoundCornerDisplay: [SetAnimationUpdateRcd]m_animUpdateRcdStatus = 1
11-15 04:39:28.144   686  1748 I RoundCornerDisplay: [SetTopSurfaceOrientationState]SetTopSurfaceOrientationState, orientation = 1, lastOrientation= 0
11-15 04:39:28.144   686  1748 I RoundCornerDisplay: [SetTopSurfaceDisplayMode]move top surface out of visable region(not hw compose either)
11-15 04:39:28.144   686  1748 I RoundCornerDisplay: [SetTopSurfaceOrientationState]m_topSurfaceDispMode:1, m_notchStatus:0, pos(-3000.000000, -3000.000000), size(720, 168)
11-15 04:39:28.144   686  1748 I RoundCornerDisplay: [SetTopSurfaceOrientationState]m_isRogMode = 0, rogScale = 1.000000, LayerTop pos(-3000.000000, -3000.000000) size(720, 168)
11-15 04:39:28.144   686  1748 I RoundCornerDisplay: [SetSurfaceOrientationState]Update top surface GeometryState until fixed
11-15 04:39:28.145  7120  7120 W Settings: Setting airplane_mode_on has moved from android.provider.Settings.System to android.provider.Settings.Global, returning read-only value.
11-15 04:39:28.145  8014  8465 I ionia_box: onWallpaperVisibilityChanged, visible:false
11-15 04:39:28.145   686  1748 I RoundCornerDisplay: [CheckTransactionStateAndInject]-
11-15 04:39:28.146  8014  8465 W ionia_box: faultProxy get intents is null
11-15 04:39:28.147   686  1748 I SurfaceFlinger: [Internal display] set orientation previous = 0, current = 1
11-15 04:39:28.147   686  1748 I SurfaceFlinger: [Internal display] set frame: previous [0 0 720 1600], current [0 0 1600 720]
11-15 04:39:28.147   686  1748 I SurfaceFlinger: [Internal display] set viewport: previous [0 0 720 1600], current [0 0 1600 720]
11-15 04:39:28.147   686  1748 I RoundCornerDisplay: [SetTransactionState]m_notchStatus:0, m_curOrientation:1, m_lastOrientation:0, m_rogSizeChanged:0, m_dispPowerMode:2
11-15 04:39:28.147  1137  2745 I WindowManager: Checking 1 opening apps (frozen=true timeout=false)...
11-15 04:39:28.147  1137  2745 I WindowManager: Check opening app=AppWindowToken{b3f2b44 token=Token{bac4bbc ActivityRecord{b3f2a48 u0 com.idealdimension.EmpireAttack/cn.cmgame.billing.api.GameOpenActivity t590}}}: allDrawn=false startingDisplayed=false startingMoved=false isRelaunching()=false startingWindow=null
11-15 04:39:28.148  1137  2745 I WindowManager: dispatchResized : win = Window{b967305 u0 com.android.systemui.HwImageWallpaper} drawState = HAS_DRAWN
11-15 04:39:28.148  1137  2745 I WindowManager: dispatchResized : win = Window{b96725d u0 com.huawei.android.launcher/com.huawei.android.launcher.unihome.UniHomeLauncher} drawState = HAS_DRAWN
11-15 04:39:28.148  1137  2745 I WindowManager: dispatchResized : win = Window{b38405d u0 StatusBar} drawState = DRAW_PENDING
11-15 04:39:28.148  1137  2745 I WindowManager: dispatchResized : win = Window{b497d05 u0 NavigationBar0} drawState = DRAW_PENDING
11-15 04:39:28.149  2143  2317 D WallpaperService: layoutScale = 1.0
11-15 04:39:28.150  2143  2143 I HwQsUtils: config changed, use new width: 536872064
11-15 04:39:28.151  1137  5015 W ActivityManager: Slow operation: 134ms so far, now at attachApplicationLocked: immediately before bindApplication
11-15 04:39:28.154  2328  3020 D DollieActivityManagerAdapter: [Paused] pid:2497 uid:10080 ComponentInfo{com.huawei.android.launcher/com.huawei.android.launcher.unihome.UniHomeLauncher} uidState:2
11-15 04:39:28.154  1137  1624 I HwAudioServiceEx: ComponentInfo : className = com.huawei.android.launcher.unihome.UniHomeLauncher, flag = onPause, isHomeActivity = , isTop = false
11-15 04:39:28.154  1137  1612 E system_server: Invalid ID 0x00000000.
11-15 04:39:28.155  1137  1991 W HwAudioServiceEx: SoundEffectState bundle get reserved is invalid
11-15 04:39:28.155  1137  1991 I HwAudioServiceEx: sendAppKilledIntentForKit, isKitPackageOnPause = false, isKitPackageKill = false, isKitPackageOnResume = false
11-15 04:39:28.156  2328  7102 D Hicom_Monitor: ActivityNotifier not support:com.huawei.android.launcher
11-15 04:39:28.157  5026  5054 W ContentSensor_13.10.10.204_ContentSensorService: mEventListener is null 
11-15 04:39:28.157   686   686 I SurfaceFlinger: processDisplayChangesLocked:3442 the current display is different from the drawing dispaly.
11-15 04:39:28.157   686   686 I SurfaceFlinger: [Internal display] setProjection: orientation 1, viewport [0 0 1600 720], frame [0 0 1600 720]
11-15 04:39:28.159 13696 13696 I HwActivityThreadImpl: acceptPreloadedApplication end mPreloadStatus 3
11-15 04:39:28.167  1137  1921 I WindowManager: Checking 1 opening apps (frozen=true timeout=false)...
11-15 04:39:28.167  1137  1921 I WindowManager: Check opening app=AppWindowToken{b3f2b44 token=Token{bac4bbc ActivityRecord{b3f2a48 u0 com.idealdimension.EmpireAttack/cn.cmgame.billing.api.GameOpenActivity t590}}}: allDrawn=false startingDisplayed=false startingMoved=false isRelaunching()=false startingWindow=null
11-15 04:39:28.172  1137  1921 I WindowManager: Checking 1 opening apps (frozen=true timeout=false)...
11-15 04:39:28.172  1137  1921 I WindowManager: Check opening app=AppWindowToken{b3f2b44 token=Token{bac4bbc ActivityRecord{b3f2a48 u0 com.idealdimension.EmpireAttack/cn.cmgame.billing.api.GameOpenActivity t590}}}: allDrawn=false startingDisplayed=false startingMoved=false isRelaunching()=false startingWindow=null
11-15 04:39:28.175  1137  1921 D ViewRootImpl: ViewRootImpl mIsInProductivePCDisplay: false
11-15 04:39:28.178  1137  2484 I WindowManager: Checking 1 opening apps (frozen=true timeout=false)...
11-15 04:39:28.178  1137  2484 I WindowManager: Check opening app=AppWindowToken{b3f2b44 token=Token{bac4bbc ActivityRecord{b3f2a48 u0 com.idealdimension.EmpireAttack/cn.cmgame.billing.api.GameOpenActivity t590}}}: allDrawn=false startingDisplayed=false startingMoved=false isRelaunching()=false startingWindow=null
11-15 04:39:28.180  2497  3189 W HwLauncher: Launcher.Utilities recycleBm() Drawable = null
11-15 04:39:28.185   686  1748 W BufferQueueProducer: [GestureNavLeft#0]:1397: disconnect: not connected (req=1)
11-15 04:39:28.185  1137  2091 W libEGL  : EGLNativeWindowType 0x756572de90 disconnect failed
11-15 04:39:28.187   686  1748 W BufferQueueProducer: [com.huawei.android.launcher/com.huawei.android.launcher.unihome.UniHomeLauncher#0]:1397: disconnect: not connected (req=1)
11-15 04:39:28.187  2497  2848 W libEGL  : EGLNativeWindowType 0x747cdcad90 disconnect failed
11-15 04:39:28.187  1137  1612 I DecorView[EmpireAttack]: pkgName:com.idealdimension.EmpireAttack old windowMode:0 new windoMode:1, isFixedSize:false
11-15 04:39:28.188  1137  2091 D mali_winsys: EGLint new_window_surface(egl_winsys_display *, void *, EGLSurface, EGLConfig, egl_winsys_surface **, EGLBoolean) returns 0x3000
11-15 04:39:28.190  2143  2317 D ImageWallpaper: onSurfaceRedrawNeeded: mNeedRedraw=false
11-15 04:39:28.191  1137  5015 W ActivityManager: Slow operation: 174ms so far, now at attachApplicationLocked: immediately after bindApplication
11-15 04:39:28.191  1137  5015 W ActivityManager: Slow operation: 174ms so far, now at attachApplicationLocked: after updateLruProcessLocked
11-15 04:39:28.193  1137  5015 I HwRestoreStateManager: reportAppRestoreScene, app: com.idealdimension.EmpireAttack/cn.cmgame.billing.api.GameOpenActivity ,scene:ColdStart
11-15 04:39:28.197  1137  1612 D MouseWheelSynthesizer: mMoveStepInDp: 64, mMoveStepInPixel: 128, mUpTimeDelayed: 100
11-15 04:39:28.198  1137  1612 D ViewRootImpl: ViewRootImpl mIsInProductivePCDisplay: false
11-15 04:39:28.198  1137  1612 I HwPCUtils#HwRioViewManager: check if rio enable, displayId = 0， packageName = com.idealdimension.EmpireAttack
11-15 04:39:28.199  1218  1408 E ScreemCommon: fail to extract lcd fps mode!
11-15 04:39:28.200 16219 16241 I HwActivityThreadImpl: mSocketName: af0e699a-152b-4f2e-9dba-14faad61efe2
11-15 04:39:28.200 16219 16241 I HwActivityThreadImpl: initPreloadedSocked end mPreloadStatus 2
11-15 04:39:28.201  1137  5015 I WindowManager: Checking 1 opening apps (frozen=true timeout=false)...
11-15 04:39:28.201  1137  5015 I WindowManager: Check opening app=AppWindowToken{b3f2b44 token=Token{bac4bbc ActivityRecord{b3f2a48 u0 com.idealdimension.EmpireAttack/cn.cmgame.billing.api.GameOpenActivity t590}}}: allDrawn=false startingDisplayed=false startingMoved=false isRelaunching()=false startingWindow=null
11-15 04:39:28.202  2497  3189 I HwPicAverageNoises: getRealMetrics: displayMetrics.x = 261.257, displayMetrics.y = 260.512
11-15 04:39:28.202  1137  5015 V WindowManager: commitVisibility: AppWindowToken{b3f2b44 token=Token{bac4bbc ActivityRecord{b3f2a48 u0 com.idealdimension.EmpireAttack/cn.cmgame.billing.api.GameOpenActivity t590}}}: hidden=false hiddenRequested=false
11-15 04:39:28.203  1137  5015 I WindowManager: Animation done in AppWindowToken{b3f2b44 token=Token{bac4bbc ActivityRecord{b3f2a48 u0 com.idealdimension.EmpireAttack/cn.cmgame.billing.api.GameOpenActivity t590}}} isHidden:false hiddenRequested:false
11-15 04:39:28.205  1137  5015 W HwActivityTaskManagerServiceEx: appSwitch from: com.huawei.android.launcher to: com.idealdimension.EmpireAttack
11-15 04:39:28.206  1137  5015 V HwActivityTaskManagerServiceEx: takeTaskSnapShot package com.huawei.android.launcher
11-15 04:39:28.207  1137  2080 I WiFi_PRO_WifiProStateMachine: current app com.idealdimension.EmpireAttack, has changed
11-15 04:39:28.207  1137  2080 I WiFi_PRO_WifiProStateMachine: not in RecommendWifi2CellState.
11-15 04:39:28.208  2328 15184 D Hicom_Monitor: AppSwitchNotifier not support app from:com.huawei.android.launcher, to:com.idealdimension.EmpireAttack
11-15 04:39:28.208  1137  1630 D HwGameAssistantController: UPDATE: mCurFgPkg=com.idealdimension.EmpireAttack, mCurFgPid=16219, mIsCurGame=false
11-15 04:39:28.210  2532 16227 I HiAdKit.DC.PersistentMessageCenter:  notifyMessage com.huawei.hwid_app_switch_from_to_intent
11-15 04:39:28.210  2328  4683 I AssistantService-11.2.1.200: registerHwActivityNotifier call fromPackage:com.huawei.android.launcher, toPackage:com.idealdimension.EmpireAttack
11-15 04:39:28.210  2328  5344 D AssistantService-11.2.1.200: handleMessage app switch fromPackage:com.huawei.android.launcher, toPackage:com.idealdimension.EmpireAttack
11-15 04:39:28.212  2696 15938 I iconnect:BluetoothApi: adapter status 12
11-15 04:39:28.212  2696 15938 I iconnect:NearbyDeviceDetect: isPropEnable=true, isBluetoothEnabled=true, isScreenOn=true, isNotSpecialAppOnTop=false, scanCondition=2
11-15 04:39:28.212  2696 15938 I iconnect:BluetoothApi: adapter status 12
11-15 04:39:28.213  2696 15924 I iconnect:NearbyScanner: stopDetectTask run, mStartDetect:true
11-15 04:39:28.213  2696 15924 I iconnect:NearbyScanner: unSubscribeEvent
11-15 04:39:28.214  2532 16228 I HiAdKit.DC.CommonSystemUtil:  isDeviceProvisioned: true
11-15 04:39:28.215  2696 15924 I Softbus : [DiscAppServiceImpl]: stopDiscovery, id:100301000 role:DISCOVERY mode:PASSIVE type:BLE
11-15 04:39:28.215  2696 15924 D Softbus : [DiscDomainService]: Stop discovery ohos.softbus.discovery.service.e@4ae99b3
11-15 04:39:28.215  2696 15924 D Softbus : [DiscDomainService]: mDiscPassiveOpt != null
11-15 04:39:28.215  2696 15924 D Softbus : [CloseRangeBleOperation]: Stop discover
11-15 04:39:28.215  2696 15924 D Softbus : [CloseRangeBleOperation]: Remove event
11-15 04:39:28.215  2696 15924 D Softbus : [CloseRangeBleOperation]: Quit :ScanAction
11-15 04:39:28.215  2696 15924 D Softbus : [CloseRangeBleOperation]: Quit :ScanAction
11-15 04:39:28.216  2696 15924 D Softbus : [DiscDomainService]: mReporter != null
11-15 04:39:28.216  2696 15924 D Softbus : [EventReporter]: Stop Discover
11-15 04:39:28.216  2696 15924 E Softbus : [DiscUserManager]: unregister, null type and mode left
11-15 04:39:28.216  2696 15924 D Softbus : [DiscAppServiceImpl]: stopDiscovery, remove discDomainService
11-15 04:39:28.216  2696 15924 D Softbus : [DiscDomainService]: onDestroy
11-15 04:39:28.216  2696 15924 D Softbus : [DiscInnerCallback]: unlinkToDeath, IDiscCallback[238742758]
11-15 04:39:28.218  2532 16228 I HiAdKit.DC.ACREntry:  oobe: false
11-15 04:39:28.219  1218  1408 W ScreemCommon: ProcessEntry, not beta version or commercial log off
11-15 04:39:28.220  2734  5046 I bt_btif bt interface: enable_fast_scan: is_enabled: 0
11-15 04:39:28.220  2696 16250 I BluetoothAdapter: isLeEnabled(): ON
11-15 04:39:28.221  2696 16250 I Softbus : [BleManager]: onCommand, id:100300 type:CMD_UNPUBLISH
11-15 04:39:28.221  2696 16250 I BluetoothAdapter: isLeEnabled(): ON
11-15 04:39:28.223  1137  5015 I WindowManager: Animation done in AppWindowToken{b3f2b44 token=Token{bac4bbc ActivityRecord{b3f2a48 u0 com.idealdimension.EmpireAttack/cn.cmgame.billing.api.GameOpenActivity t590}}} isHidden:false hiddenRequested:false
11-15 04:39:28.222  2696 16250 I BluetoothAdapter: isLeEnabled(): ON
11-15 04:39:28.220  2532 16251 I HiAdKit.DC.DC.PPSApiServiceManager:  bindService 1763152768220
11-15 04:39:28.225   680   680 D AudioFlinger: setParameters(): io 0, keyvalue debug log is close, calling pid 2442 calling uid 1000
11-15 04:39:28.228  2696 16250 I Softbus : [ScanAction]: scan action stopped
11-15 04:39:28.228  2734  3576 I bt_stack: [INFO:bta_gattc_api.cc(101)] BTA_GATTC_AppDeregister client_if = 12
11-15 04:39:28.228  2696 16250 D Softbus : [BleScanner]: stop, id:100300 result:0
11-15 04:39:28.228  2734  3576 I bt_stack: [INFO:bta_gattc_api.cc(85)] app_deregister_impl client_if = 12
11-15 04:39:28.229  1137  5015 W ActivityManager: Slow operation: 212ms so far, now at attachApplicationLocked: after mServices.attachApplicationLocked
11-15 04:39:28.229  2734  3576 E bt_stack: [ERROR:bta_gattc_act.cc(239)] bta_gattc_deregister p_clreg->num_clcb is 0
11-15 04:39:28.229  2734  3576 I bt_stack: [INFO:bta_gattc_act.cc(1029)] bta_gattc_deregister_cmpl client_if is 12
11-15 04:39:28.229  2734  3576 I bt_stack: [INFO:gatt_api.cc(1016)] GATT_Deregister gatt_if=12
11-15 04:39:28.229  2532 16252 I HiAdKit.DC.AppDataCollectionProvider:  execute cmd: 5
11-15 04:39:28.231  2532 16252 I HiAdKit.DC.AppDataCollectionManager:  report third
11-15 04:39:28.231  2696 16250 I BluetoothAdapter: isLeEnabled(): ON
11-15 04:39:28.231  2696 16250 I Softbus : [BleManager]: onCommand, id:100300 type:CMD_UNPUBLISH
11-15 04:39:28.232  1137  1870 I WindowManager: Checking 1 opening apps (frozen=true timeout=false)...
11-15 04:39:28.232  1137  1870 I WindowManager: Check opening app=AppWindowToken{b3f2b44 token=Token{bac4bbc ActivityRecord{b3f2a48 u0 com.idealdimension.EmpireAttack/cn.cmgame.billing.api.GameOpenActivity t590}}}: allDrawn=false startingDisplayed=false startingMoved=false isRelaunching()=false startingWindow=null
11-15 04:39:28.234 16219 16241 I HwActivityThreadImpl: before connect app.socketName:af0e699a-152b-4f2e-9dba-14faad61efe2
11-15 04:39:28.236  2532 16252 W fwkit_kims: [fwkit KIMSServiceController.java:61] Can't find the specific package.
11-15 04:39:28.237  1137  1612 I WindowManager: addWindow: Window{bb42305 u0 Splash Screen com.idealdimension.EmpireAttack} client:android.view.ViewRootImpl$W@bc53ea4 currentDisplayId:0 requestDisplayId:0 token:Token{bac4bbc ActivityRecord{b3f2a48 u0 com.idealdimension.EmpireAttack/cn.cmgame.billing.api.GameOpenActivity t590}}
11-15 04:39:28.238  1137  1612 D InputEventReceiver: dispatchInputInterval 1000000
11-15 04:39:28.240   680   680 I SwsHandle: IAware setParameter to histen: 1
11-15 04:39:28.248  1137  1921 I WindowManager: Policy visibility false: Window{b38405d u0 StatusBar}
11-15 04:39:28.249  1137  1608 D StatusBarManagerService: win:Window{bb42305 u0 Splash Screen com.idealdimension.EmpireAttack}mIsColorEnable:truelight:false
11-15 04:39:28.249  1137  1608 I StatusBarDisable: setFlags what=0 which=1 pkg=Window{bb42305 u0 Splash Screen com.idealdimension.EmpireAttack}
11-15 04:39:28.249  2143  2174 D HwCommandQueue: CommandQueue, set Launcher StatusBar Color
11-15 04:39:28.255  1137  1921 I WindowManager: Checking 1 opening apps (frozen=true timeout=false)...
11-15 04:39:28.255  1137  1921 I WindowManager: Check opening app=AppWindowToken{b3f2b44 token=Token{bac4bbc ActivityRecord{b3f2a48 u0 com.idealdimension.EmpireAttack/cn.cmgame.billing.api.GameOpenActivity t590}}}: allDrawn=false startingDisplayed=false startingMoved=false isRelaunching()=false startingWindow=Window{bb42305 u0 Splash Screen com.idealdimension.EmpireAttack}
11-15 04:39:28.255   652   714 I AudioModuleManager: [AudioModuleSetParameters:51]: list size: 13
11-15 04:39:28.259  1137  1921 I WindowManager: Checking 1 opening apps (frozen=true timeout=false)...
11-15 04:39:28.259  1137  1921 I WindowManager: Check opening app=AppWindowToken{b3f2b44 token=Token{bac4bbc ActivityRecord{b3f2a48 u0 com.idealdimension.EmpireAttack/cn.cmgame.billing.api.GameOpenActivity t590}}}: allDrawn=false startingDisplayed=false startingMoved=false isRelaunching()=false startingWindow=Window{bb42305 u0 Splash Screen com.idealdimension.EmpireAttack}
11-15 04:39:28.262  1137  1921 D ViewRootImpl: ViewRootImpl mIsInProductivePCDisplay: false
11-15 04:39:28.269  1137  1612 I WindowManager: Checking 1 opening apps (frozen=true timeout=false)...
11-15 04:39:28.269  1137  1612 I WindowManager: Check opening app=AppWindowToken{b3f2b44 token=Token{bac4bbc ActivityRecord{b3f2a48 u0 com.idealdimension.EmpireAttack/cn.cmgame.billing.api.GameOpenActivity t590}}}: allDrawn=false startingDisplayed=false startingMoved=false isRelaunching()=false startingWindow=Window{bb42305 u0 Splash Screen com.idealdimension.EmpireAttack}
11-15 04:39:28.271 13696 13696 I HwTypeface: updateFont: scale=0.57000005
11-15 04:39:28.273 13696 13696 D SystemFonts: areFontsVariable: script=Hans
11-15 04:39:28.276  1137  2757 W         : Failed to UpdateQosForCgroupInner, tid=0, policy=10
11-15 04:39:28.278  1137  1900 E ProcessInfoCollector: getProcessInfo: proc should not less than zero.
11-15 04:39:28.278  1137  1900 W Process : Unable to open /proc/-1/status
11-15 04:39:28.286  1137 16262 I PackageManager: Returning preferred activity: com.huawei.android.launcher/com.huawei.android.launcher.unihome.UniHomeLauncher
11-15 04:39:28.286  1137 16262 I PackageManager: choose best activity: com.huawei.android.launcher, com.huawei.android.launcher.unihome.UniHomeLauncher
11-15 04:39:28.287 13696 13696 I ActivityThread: finishPreloaded preloadStatus 3
11-15 04:39:28.288  2497  3189 D HwPicAverageNoises: sDeviceSize = 6.73
