11-15 04:37:57.157 15900 15900 W ContextImpl: Calling a method in the system process without a qualified user: android.app.ContextImpl.sendBroadcast:1183 android.content.ContextWrapper.sendBroadcast:453 android.service.quicksettings.TileService.requestListeningState:479 com.huawei.audioaccessorymanager.notificationbroadcast.a.s.m:5 com.huawei.audioaccessorymanager.notificationbroadcast.a.s.j:11 
11-15 04:37:57.158  2532  6899 I OpLogItem: [HwID_APK_log[6.15.0.332|6.16.0.300]core OpLogItem.java:222] networkType:1
11-15 04:37:57.161  1137  1668 W BroadcastQueue: intentAction=android.intent.action.BOOT_COMPLETEDdispatchTime=156594 numReceivers=150 nextReceiver=77 now=356666 state=3 curReceiver= null
11-15 04:37:57.163  2532  2532 I GwRequest: [HwID_APK_log[6.15.0.332|6.16.0.300]core GwRequest.java:71] GwRequest: code=200
11-15 04:37:57.164  2532  2532 I GwHttpRequest: [HwID_APK_log[6.15.0.332|6.16.0.300]core GwHttpRequest.java:582] response contains valid transferID NeedEncrypt
11-15 04:37:57.168  2532 16007 W Settings: Setting adb_enabled has moved from android.provider.Settings.Secure to android.provider.Settings.Global.
11-15 04:37:57.171  2143  2143 D TileServices: Couldn't find tile for ComponentInfo{com.huawei.audioaccessorymanager/com.huawei.audioaccessorymanager.notificationbroadcast.service.NbQuickSettingService}
11-15 04:37:57.179  1137  2745 I JobScheduler: CANCEL: ba8ad48 #u0a201/12138 com.snda.wifilocating/androidx.work.impl.background.systemjob.SystemJobService, reason:cancel() called by app, callingUid=10201 uid=10201 jobId=12138
11-15 04:37:57.181  2532  2532 I SignInSilentHelper: [HwID_APK_log[6.15.0.332|6.16.0.300]core SignInSilentHelper.java:309] getSilentAuthToken response onSuccess
11-15 04:37:57.182  2532 15992 I HwidTimer: [HwID_APK_log[6.15.0.332|6.16.0.300]core HwidTimer.java:57] serviceStartDownLatch InterruptedException
11-15 04:37:57.184  2532  2532 I SignInSilentHelper: [HwID_APK_log[6.15.0.332|6.16.0.300]core SignInSilentHelper.java:466] needReqUserInfo=false
11-15 04:37:57.185  2532  2532 I SignInSilentHelper: [HwID_APK_log[6.15.0.332|6.16.0.300]core SignInSilentHelper.java:507] updateAT
11-15 04:37:57.185  2532  2532 I ATTokenDS: [HwID_APK_log[6.15.0.332|6.16.0.300]core ATTokenDS.java:265] updateAuthorizationInfo start. appid:100754559, hostAppid:
11-15 04:37:57.185  2532  2532 I ATTokenDS: [HwID_APK_log[6.15.0.332|6.16.0.300]core ATTokenDS.java:334] empty idtoken expire time
11-15 04:37:57.191  2532  2532 I ATTokenDS: [HwID_APK_log[6.15.0.332|6.16.0.300]core ATTokenDS.java:337] new idtokenExpireTime = 1763155677191
11-15 04:37:57.192  2532  2532 I ATTokenDS: [HwID_APK_log[6.15.0.332|6.16.0.300]core ATTokenDS.java:59] getSavedAuthorizationInfoByAppId start. appid:100754559, hostAppid:
11-15 04:37:57.194  2532  2532 I AuthService: [HMSCore AuthService.java:5] Enter queryAuthInfo
11-15 04:37:57.195  2532  2532 I AuthService: [HMSCore AuthService.java:45] queryAuthInfo: 100754559,false,null
11-15 04:37:57.195  2532  2532 I InnerBindManager: [HMSCore InnerBindManager.java:22] inner connect:3
11-15 04:37:57.197  2532  2532 I SignInSilentHelper: [HwID_APK_log[6.15.0.332|6.16.0.300]core SignInSilentHelper.java:488] mIsFromGetToken is : false
11-15 04:37:57.198  2532 16008 I InnerBindManager: [HMSCore InnerBindManager.java:12] invoke lock
11-15 04:37:57.198  2532 16008 I InnerBindManager: [HMSCore InnerBindManager.java:69] invoke unlock
11-15 04:37:57.199  2532 16008 I ScopeCache: [HMSCore ScopeCache.java:78] getAppScope: appId = 100754559; hostAppId = null
11-15 04:37:57.199  2532  2532 I SyscUserInfo: [HwID_APK_log[6.15.0.332|6.16.0.300]core SyscUserInfo.java:57] startCheck syscUserInfo
11-15 04:37:57.199  2532 16008 I AppScope: [HMSCore AppScope.java:5] getAuthInfo, appId: 100754559, applied: false, accountIndex:null
11-15 04:37:57.200  2532 16008 I ATTokenDS: [HwID_APK_log[6.15.0.332|6.16.0.300]core ATTokenDS.java:84] queryAuthInfo appId:100754559 code:0
11-15 04:37:57.200  2532  2532 I SyscUserInfoPreferences: [HwID_APK_log[6.15.0.332|6.16.0.300]core SyscUserInfoPreferences.java:94] result is false
11-15 04:37:57.200  2532  2532 I BroadcastUtil: [HwID_APK_log[6.15.0.332|6.16.0.300]core BroadcastUtil.java:320] send inner sign in broadcast
11-15 04:37:57.201  2532  2532 I SendInnerBrdUtil: [HwID_APK_log[6.15.0.332|6.16.0.300]core SendInnerBrdUtil.java:103] Enter broadCastWithPermission
11-15 04:37:57.206  2532 16008 I AuthService: [HMSCore AuthService.java:48] Enter updateAuthInfo, appID: 100754559, accountIndex: null
11-15 04:37:57.207  1137  1668 W BroadcastQueue: Permission Denial: broadcasting Intent { act=com.huawei.hwid.inner.signin flg=0x10 pkg=com.huawei.hwid (has extras) } from com.huawei.hwid (pid=2532, uid=10069) requires hihonor.android.permission.HW_SIGNATURE_OR_SYSTEM due to registered receiver BroadcastFilter{b9ed535 10069/u0 ReceiverList{b9eccb1 2532 com.huawei.hwid.core/10069/u0 remote:b3d7725}}
11-15 04:37:57.207  2532  2532 I fwkit_sec_breaker: [fwkit SecBreaker.java:24] Process is empty
11-15 04:37:57.207  2532  2532 W fwkit_kit_breaker: [fwkit KitBreaker.java:89] infos invalid
11-15 04:37:57.207  2532 16008 I InnerBindManager: [HMSCore InnerBindManager.java:22] inner connect:3
11-15 04:37:57.208  1137  1668 W BroadcastQueue: intentAction=android.intent.action.BOOT_COMPLETEDdispatchTime=156594 numReceivers=150 nextReceiver=77 now=356713 state=3 curReceiver= null
11-15 04:37:57.208  2532  4181 I fwkit_kams_stubmanager: [fwkit StubManagerService.java:35] getSPNByComponent:com.huawei.hms.analytics, com.huawei.hms.analytics, true
11-15 04:37:57.209  2532  4181 I fwkit_kams_scheduler: [fwkit ProcessScheduler.java:105] ProPre:com.huawei.hwid.container3
11-15 04:37:57.210  2532  4181 I fwkit_kbct_dsp: [fwkit KitBroadcastDispatcher.java:88] action:com.huawei.hwid.inner.signin,receiver:com.huawei.hms.analytics.receiver.HiAnalyticsSvcEvtReceiver|com.huawei.hwid.container3
11-15 04:37:57.210  2532  4181 I fwkit_kbct_dsp: [fwkit KitBroadcastDispatcher.java:95] proc not run
11-15 04:37:57.212  2532 16008 I InnerBindManager: [HMSCore InnerBindManager.java:12] invoke lock
11-15 04:37:57.212  2532 16008 I InnerBindManager: [HMSCore InnerBindManager.java:69] invoke unlock
11-15 04:37:57.212  4227  4383 I fwkit_kac_kitloader: [fwkit KitLoaderManager.java:133] kit loaded hianalytics_61001317 already exits, cost :0 ms
11-15 04:37:57.213 15900 15900 W ContextImpl: Calling a method in the system process without a qualified user: android.app.ContextImpl.sendBroadcast:1183 android.content.ContextWrapper.sendBroadcast:453 android.service.quicksettings.TileService.requestListeningState:479 com.huawei.audioaccessorymanager.notificationbroadcast.a.s.m:5 com.huawei.audioaccessorymanager.notificationbroadcast.a.t.b:1 
11-15 04:37:57.214  2532 16008 I ScopeCache: [HMSCore ScopeCache.java:37] update Scope, appid:100754559,hostAppId = null
11-15 04:37:57.215  1137  1137 I HwNotificationDecisionCenter: ContentObserver receive onChange, isSelfChange = false ,uri=content://com.huawei.audioaccessorymanager.provider.notificationCoordination/deviceStatus
11-15 04:37:57.215  2532 16008 I ScopeCache: [HMSCore ScopeCache.java:78] getAppScope: appId = 100754559; hostAppId = null
11-15 04:37:57.216  2532 16008 I AppScope: [HMSCore AppScope.java:24] update Scope, appid:100754559
11-15 04:37:57.216  2532 16008 I ScopeAssistant: [HMSCore ScopeAssistant.java:36] write scope in cache file. appId:100754559; hostAppId:null
11-15 04:37:57.216  2532 16008 I ScopeAssistant: [HMSCore ScopeAssistant.java:20] write CE, fileName:/data/user/0/com.huawei.hwid/cache/scopecachece/MTAwNzU0NTU5
11-15 04:37:57.218  1137  1668 W BroadcastQueue: intentAction=android.intent.action.BOOT_COMPLETEDdispatchTime=156594 numReceivers=150 nextReceiver=77 now=356723 state=3 curReceiver= null
11-15 04:37:57.218  2143  2143 D TileServices: Couldn't find tile for ComponentInfo{com.huawei.audioaccessorymanager/com.huawei.audioaccessorymanager.notificationbroadcast.service.NbQuickSettingService}
11-15 04:37:57.222  2532 16008 I ScopeAssistant: [HMSCore ScopeAssistant.java:20] write DE, fileName:/data/user_de/0/com.huawei.hwid/cache/scopecachede/MTAwNzU0NTU5
11-15 04:37:57.223 15900 15900 I TTS_SDK TTSAPIMulService: setPluginFlag = -1
11-15 04:37:57.223 15900 15900 I TTS_SDK SystemPropertyUtil: getEMUIVersionCode
11-15 04:37:57.223 15900 15900 I TTS_SDK TTSAPIMulService: TTS_AS_PLUGIN_ID
11-15 04:37:57.223 15900 15900 I TTS_SDK TTSAPIMulService: setIsSaveTtsData
11-15 04:37:57.223 15900 15900 I TTS_SDK TTSAPIMulService: mTtsService is unbind.
11-15 04:37:57.223 15900 15900 E TTS_SDK TTSAPIMulService: setIsSaveTtsData service unbind
11-15 04:37:57.224 15900 15900 I AudioAccessoryManager[HwTtsHelper--13.0.0.180]: --onEvent:101
11-15 04:37:57.224 15900 15900 I AudioAccessoryManager[HwTtsHelper--13.0.0.180]: --onEvent, methodId = 1004
11-15 04:37:57.224 15900 15900 I AudioAccessoryManager[HwTtsHelper--13.0.0.180]: --iHwTtsListener
11-15 04:37:57.225  1137  1137 V ActivityManager: Successfully start provider ContentProviderRecord{b3422ab u0 com.huawei.audioaccessorymanager/.notificationbroadcast.provider.AudioNbProvider} launchingApp=null caller pid= 1137
11-15 04:37:57.225  4227  4227 I HiAnalyticsKit: HiAnalyticsReceiver=> onReceive is running
11-15 04:37:57.226 15900 16012 I AudioAccessoryManager[NotificationConsumer--13.0.0.180]: --Start consuming msg queue
11-15 04:37:57.226 15900 16012 I AudioAccessoryManager[NotificationConsumer--13.0.0.180]: --State machine disabled or msgQueue empty, locking thread
11-15 04:37:57.228  4227  7785 I HiAnalyticsKit: HiAnalyticsReceiver=> No configuration file exists for this app.com.huawei.profile
11-15 04:37:57.229 15900 15970 I AudioAccessoryManager[LowBatteryWarnTag--13.0.0.180]: --config isSkipSmartHome:false
11-15 04:37:57.230  2532 16008 I ATTokenDS: [HwID_APK_log[6.15.0.332|6.16.0.300]core ATTokenDS.java:291] updateAuthInfo: appId:100754559, packageName:*********i.profile
11-15 04:37:57.230  2442  3885 W ScenarioService: number format exception! str: 
11-15 04:37:57.231  2532 16008 I ATTokenDS: [HwID_APK_log[6.15.0.332|6.16.0.300]core ATTokenDS.java:298] update auth info: 0
11-15 04:37:57.234 15900 15900 E AudioAccessoryManager[b--13.0.0.180]: --:get virtual device is empty
11-15 04:37:57.235 15900 15900 V AudioManager: getMode...
11-15 04:37:57.237 15900 15900 I AudioAccessoryManager[AudioManagerUtils--13.0.0.180]: --get mode == 0
11-15 04:37:57.237 15900 15900 V AudioManager: getMode...
11-15 04:37:57.238  2532 16008 I SignInSilentHelper: [HwID_APK_log[6.15.0.332|6.16.0.300]core SignInSilentHelper.java:523] handlerSuccessResult
11-15 04:37:57.238  1137  1137 I chatty  : uid=1000 system_server expire 9 lines
11-15 04:37:57.238 15900 15900 I AudioAccessoryManager[AudioManagerUtils--13.0.0.180]: --get mode == 0
11-15 04:37:57.239   680   680 I APM_AudioPolicyManager: getOutputsForDevices, openOutputs size is 2, outputs size is 2
11-15 04:37:57.239 15900 15922 I AudioAccessoryManager[AudioNbProvider--13.0.0.180]: --query
11-15 04:37:57.240 15900 15900 E AudioAccessoryManager[BluetoothUtils--13.0.0.180]: --convertMac: mac is invalid!
11-15 04:37:57.240  2532 16008 I ATTokenDS: [HwID_APK_log[6.15.0.332|6.16.0.300]core ATTokenDS.java:417] getRetInfoFromBundle success
11-15 04:37:57.241  2532 16008 I SignInResp: [HwID_APK_log[6.15.0.332|6.16.0.300]core SignInResp.java:104] buildSignInResp start.
11-15 04:37:57.241 15900 15900 I AudioAccessoryManager[HealthyPromptApi--13.0.0.180]: --onConstruct
11-15 04:37:57.241 15900 15900 I AudioAccessoryManager[HealthyPromptApi--13.0.0.180]: --init
11-15 04:37:57.244  2532  5666 I PermissionCheckUtil: [HwID_APK_log[6.15.0.332|6.16.0.300]core PermissionCheckUtil.java:83] query permission appid=100754559
11-15 04:37:57.244  1137  1967 I chatty  : uid=1000(system) ClientModeImpl expire 24 lines
11-15 04:37:57.245  2532  5666 I AuthService: [HMSCore AuthService.java:20] Enter queryPermission， appId: 100754559
11-15 04:37:57.245  2532  5666 I InnerBindManager: [HMSCore InnerBindManager.java:22] inner connect:3
11-15 04:37:57.246  2532 15991 I InnerBindManager: [HMSCore InnerBindManager.java:12] invoke lock
11-15 04:37:57.246  2532 15991 I InnerBindManager: [HMSCore InnerBindManager.java:69] invoke unlock
11-15 04:37:57.247  2532 15991 I ScopeCache: [HMSCore ScopeCache.java:78] getAppScope: appId = 100754559; hostAppId = null
11-15 04:37:57.248  2532 15991 I PermissionCheckUtil: [HwID_APK_log[6.15.0.332|6.16.0.300]core PermissionCheckUtil.java:96] rtnCode = 0
11-15 04:37:57.249  1137  5110 I JobScheduler.Time: Add job to TimeTracking: ba8ad0e #u0a201/12139 com.snda.wifilocating/androidx.work.impl.background.systemjob.SystemJobService, delayTime:386654, deadlineTime:9223372036854775807
11-15 04:37:57.251 15900 15900 I AudioAccessoryManager[PinchChatApi--13.0.0.180]: --PinchChatApi constructor
11-15 04:37:57.252 15900 15900 I AudioAccessoryManager[PinchChatApi--13.0.0.180]: --PinchChatApi init
11-15 04:37:57.252 15900 15900 I AudioAccessoryManager[HealthCervicalVertebrae--13.0.0.180]: --init
11-15 04:37:57.253 15900 15988 E AudioAccessoryManager[BluetoothUtils--13.0.0.180]: --convertMac: mac is invalid!
11-15 04:37:57.253 15900 15988 I AudioAccessoryManager[PinchChatApi--13.0.0.180]: --Pinch chat hasActive false
11-15 04:37:57.254 15900 15900 I AudioAccessoryManager[HealthCervicalVertebrae--13.0.0.180]: --checkUnownedHealthInfo
11-15 04:37:57.254 15900 15988 E AudioAccessoryManager[BluetoothUtils--13.0.0.180]: --convertMac: mac is invalid!
11-15 04:37:57.255 15900 15988 I AudioAccessoryManager[PinchChatApi--13.0.0.180]: --pinchChatFlow-- decide to send cmd to MeeTime: 2b6902010f | 
11-15 04:37:57.259 15900 15900 I AudioAccessoryManager[w--13.0.0.180]: --no device
11-15 04:37:57.263 15900 15900 I AudioAccessoryManager[w--13.0.0.180]: --empty json from cache
11-15 04:37:57.264  2532  5666 I SignInSilentHelper: [HwID_APK_log[6.15.0.332|6.16.0.300]core SignInSilentHelper.java:540] handlerSuccessResult setResult
11-15 04:37:57.264  2532  5666 I SignInSilentManager: [HwID_APK_log[6.15.0.332|6.16.0.300]core SignInSilentManager.java:171] onSilentDataSucc
11-15 04:37:57.265  2532  5666 I SignInResp: [HwID_APK_log[6.15.0.332|6.16.0.300]core SignInResp.java:104] buildSignInResp start.
11-15 04:37:57.266  2532  5666 W IdTokenUtils: [HwID_APK_log[6.15.0.332|6.16.0.300]core IdTokenUtils.java:41] idToken is Empty
11-15 04:37:57.266  2532  5666 I HwIDAIDLResponse: [HwID_APK_log[6.15.0.332|6.16.0.300]core HwIDAIDLResponse.java:151] signin finish :0,appId:100754559,packageName:*********i.profile
11-15 04:37:57.267  2532  5666 I BroadcastUtil: [HwID_APK_log[6.15.0.332|6.16.0.300]core BroadcastUtil.java:52] sendAuthBroadcast
11-15 04:37:57.268  2532  5666 I PermissionCheckUtil: [HwID_APK_log[6.15.0.332|6.16.0.300]core PermissionCheckUtil.java:83] query permission appid=100754559
11-15 04:37:57.269  2532  5666 I AuthService: [HMSCore AuthService.java:20] Enter queryPermission， appId: 100754559
11-15 04:37:57.269  2532  5666 I InnerBindManager: [HMSCore InnerBindManager.java:22] inner connect:3
11-15 04:37:57.269  2532 15987 I InnerBindManager: [HMSCore InnerBindManager.java:12] invoke lock
11-15 04:37:57.270 15900 15900 I AudioAccessoryManager[y--13.0.0.180]: --cloud version is null
11-15 04:37:57.270  2532 15987 I InnerBindManager: [HMSCore InnerBindManager.java:69] invoke unlock
11-15 04:37:57.270  2532 15987 I ScopeCache: [HMSCore ScopeCache.java:78] getAppScope: appId = 100754559; hostAppId = null
11-15 04:37:57.271  2532 15987 I PermissionCheckUtil: [HwID_APK_log[6.15.0.332|6.16.0.300]core PermissionCheckUtil.java:96] rtnCode = 0
11-15 04:37:57.271 15900 15900 I AudioAccessoryManager[NBQuickSettingManager--13.0.0.180]: --refreshState
11-15 04:37:57.271 15900 15900 W ContextImpl: Calling a method in the system process without a qualified user: android.app.ContextImpl.sendBroadcast:1183 android.content.ContextWrapper.sendBroadcast:453 android.service.quicksettings.TileService.requestListeningState:479 com.huawei.audioaccessorymanager.notificationbroadcast.a.s.m:5 com.huawei.audioaccessorymanager.notificationbroadcast.a.r.r:4 
11-15 04:37:57.274 15900 15900 I AudioAccessoryManager[DoraFeatureHelper--13.0.0.180]: --DoraFeatureHelper init
11-15 04:37:57.274  1137  1668 W BroadcastQueue: intentAction=android.intent.action.BOOT_COMPLETEDdispatchTime=156594 numReceivers=150 nextReceiver=77 now=356779 state=3 curReceiver= null
11-15 04:37:57.274  2532  5666 I [HUAWEIID]HwIDJsonResponse: [HwID_APK_log[6.15.0.332|6.16.0.300]core HwIDJsonResponse.java:32] callResponse start.
11-15 04:37:57.275  2143  2143 D TileServices: Couldn't find tile for ComponentInfo{com.huawei.audioaccessorymanager/com.huawei.audioaccessorymanager.notificationbroadcast.service.NbQuickSettingService}
11-15 04:37:57.275 15900 15900 I AudioAccessoryManager[PdlManager--13.0.0.180]: --PdlManager created
11-15 04:37:57.277 15900 15970 I AudioAccessoryManager[DoraFeatureHelper--13.0.0.180]: --refreshFeatureConfig featureConfig = FeatureConfig{configList=[{"config0":"[{\"configName\":\"notificationBroadcast\",\"configValue\":{\"settingsAppList\": [\"com.huawei.smarthome\"], \"quicksettingJumpApp\":\"com.huawei.smarthome\"}},{\"configName\":\"isSupportCheckRecording\", \"configValue\": true},{\"configName\":\"isDualConnect\", \"configValue\": true},{\"configName\":\"healthy_prompt\",\"ear_validInterval\":3,\"ear_threshold\":120,\"phone_threshold\":240,\"starting_point\":0,\"notification_silent\":true},{\"configName\":\"isSupportWearDetection\", \"configValue\": true},{\"configName\":\"isSupportSmartBroadcast\", \"configValue\": true},{\"configName\":\"isSupportHdRecord\", \"configValue\": true}]","config1":"[{\"configName\":\"feature_switch\",\"self_service_detection\":true,\"self_service_remote_detection\":false}]","config2":"","config3":"","config4":"","defaultDeviceName":"HUAWEI FreeBuds Pro","innerDeviceName":"Mermaid","modelId":"00003C","productId":"ZA07"},{"config0":"[{\"configName\":\"notificationBroadcast\",\"configValue\":{\"settingsAppList\": [\"com.huawei.smarthome\"], \"quicksettingJumpApp\":\"com.huawei.smarthome\"}},{\"configName\":\"isDualConnect\", \"configValue\": false},{\"configName\":\"healthy_prompt\",\"ear_validInterval\":3,\"ear_threshold\":120,\"phone_threshold\":240,\"starting_point\":0,\"notification_silent\":true},{\"configName\":\"isSupportWearDetection\", \"configValue\": true},{\"configName\":\"isSupportSmartBroadcast\", \"configValue\": true},{\"configName\":\"isSupportGameLowMode\", \"configValue\": true}]","config1":"","config2":"","config3":"","config4":"","defaultDeviceName":"HUAWEI FreeBuds 4i","innerDeviceName":"Otter","modelId":"000124","productId":"ZA08"},{"config0":"[{\"configName\":\"notificationBroadcast\",\"configValue\":{\"settingsAppList\": [\"com.huawei.smarthome\"], \"quicksettingJumpApp\":\"com.huawei.smarthome\"}},{\"configName\":\"isDualConnect\", \"configValue\": false},{\"configName\":\"healthy_prompt\",\"ear_validInterval\":3,\"ear_threshold\":120,\"phone_threshold\":240,\"starting_point\":0,\"notification_silent\":true},{\"configName\":\"isSupportWearDetection\", \"configValue\": true},{\"configName\":\"isSupportSmartBroadcast\", \"configValue\": true},{\"configName\":\"isSupportGameLowMode\", \"configValue\": true}]","config1":"","config2":"","config3":"","config4":"","defaultDeviceName":"FreeBuds 4i","innerDeviceName":"Otter_honor","modelId":"000125","productId":"ZB05"},{"config0":"[{\"configName\":\"notificationBroadcast\",\"configValue\":{\"settingsAppList\": [\"com.huawei.smarthome\"], \"quicksettingJumpApp\":\"com.huawei.smarthome\"}},{\"configName\":\"isSupportEqAdjust\", \"configValue\": true},{\"configName\":\"isSupportCheckRecording\", \"configValue\": true},{\"configName\":\"isMismatchHeadset\", \"configValue\": true},{\"configName\":\"isDualConnect\", \"configValue\": true},{\"configName\":\"healthy_prompt\",\"ear_validInterval\":3,\"ear_threshold\":120,\"phone_threshold\":240,\"starting_point\":0,\"notification_silent\":true}, {\"configName\":\"low_battery_warn\",\"isEnable\":true,\"isSkipSmartHome\":false,\"isSkipSettings\":false},{\"configName\":\"isSupportWearDetection\", \"configValue\": true},{\"configName\":\"isSupportSmartBroadcast\", \"configValue\": true}]","config1":"","config2":"","config3":"","config4":"","defaultDeviceName":"HUAWEI FreeBuds 4","innerDeviceName":"HERO","modelId":"000129","productId":"ZA09"},{"config0":"[{\"configName\":\"notificationBroadcast\",\"configValue\":{\"settingsAppList\": [\"com.huawei.smarthome\"], \"quicksettingJumpApp\":\"com.huawei.smarthome\"}},{\"configName\":\"isSupportEqAdjust\", \"configValue\": true},{\"configName\":\"isMismatchHeadset\", \"configValue\": true},{\"configName\":\"isDualConnect\", \"configValue\": true},{\"configName\":\"healthy_prompt\",\"ear_validInterval\":3,\"ear_threshold\":120,\"phone_threshold\":240,\"starting_point\":0,\"notification_silent\":true}, {\"configName\":\"low_battery_warn\",\"isE
11-15 04:37:57.277 15900 16019 I AudioAccessoryManager[NBPreferences--13.0.0.180]: --Updating support device white list ON REFRESH
11-15 04:37:57.277  1137  2745 I HwNetworkPolicy: onTransact, code = 14
11-15 04:37:57.277  1137  2745 I HwNetworkPolicy: code is not equals others
11-15 04:37:57.279  2532 15990 I FormalHASDK: HAImpl==> onEvent. tag:HmsProfiler, type:1, eventId:907114402
11-15 04:37:57.281 15900 15900 W AudioAccessoryManager[FeatureConfigManager--13.0.0.180]: --configName or searchKey empty
11-15 04:37:57.281  2532  5666 I CloudAccountInnerStub: [HwID_APK_log[6.15.0.332|6.16.0.300]core CloudAccountInnerStub.java:718] SignInResponse callJson.
11-15 04:37:57.281 15900 15900 W AudioAccessoryManager[FeatureConfigManager--13.0.0.180]: --configName or searchKey empty
11-15 04:37:57.281 15900 15900 W AudioAccessoryManager[FeatureConfigManager--13.0.0.180]: --configName or searchKey empty
11-15 04:37:57.282 15900 16019 I AudioAccessoryManager[NBPreferences--13.0.0.180]: --setDeviceWhiteList：[000135, 000124, 000145, 000139, 000137, 000027, 000125, 000129, 00003B, 00013D, 00003C, 00012A, 00013F, 000131, 000141]
11-15 04:37:57.282 15900 16019 I AudioAccessoryManager[w--13.0.0.180]: --empty json from cache
11-15 04:37:57.285  2532  5666 I fwkit_msg_request_proxy: [fwkit AIDLRequestLocalProxy.java:292] AidlCallback:42ff31d8-c95b-48b1-a839-a8ca25b3bea0/hwid.Request
11-15 04:37:57.285 15900 16019 I AudioAccessoryManager[y--13.0.0.180]: --cloud version is null
11-15 04:37:57.285  2532  5666 I fwkit_msg_arw: [fwkit AIDLResponseWrapper.java:10] callJson start
11-15 04:37:57.285 15900 16019 I AudioAccessoryManager[NBManager--13.0.0.180]: --No active NB support device
11-15 04:37:57.287  2532 16023 I fwkit_CountryCodeBean: [fwkit CountryCodeBean.java:40] countryCode by ro.hw.country is: cn
11-15 04:37:57.287  2532 16023 I fwkit_CountryCodeBean: [fwkit CountryCodeBean.java:16] get issue_country code from VENDOR_COUNTRY
11-15 04:37:57.288 15900 15900 E AudioAccessoryManager[b--13.0.0.180]: --:get virtual device is empty
11-15 04:37:57.288 15900 15900 V AudioManager: getMode...
11-15 04:37:57.289  2532  5666 I AIDLResponseImpl: [HMSCore AIDLResponseImpl.java:124] Response, uri: hwid.Request, statusCode: 0, errorCode: 0
11-15 04:37:57.289 15900 15900 I AudioAccessoryManager[AudioManagerUtils--13.0.0.180]: --get mode == 0
11-15 04:37:57.289 15900 16019 I AudioAccessoryManager[NBQuickSettingManager--13.0.0.180]: --refreshState
11-15 04:37:57.289 15900 15900 V AudioManager: getMode...
11-15 04:37:57.289  2532  5666 I HmsClient: [baseinner IPCCallback.java:10] getResult, statusCode:0
11-15 04:37:57.290 15900 16019 W ContextImpl: Calling a method in the system process without a qualified user: android.app.ContextImpl.sendBroadcast:1183 android.content.ContextWrapper.sendBroadcast:453 android.service.quicksettings.TileService.requestListeningState:479 com.huawei.audioaccessorymanager.notificationbroadcast.a.s.m:5 com.huawei.audioaccessorymanager.notificationbroadcast.a.t.b:1 
11-15 04:37:57.290 15900 15900 I AudioAccessoryManager[AudioManagerUtils--13.0.0.180]: --get mode == 0
11-15 04:37:57.290   680   680 I APM_AudioPolicyManager: getOutputsForDevices, openOutputs size is 2, outputs size is 2
11-15 04:37:57.291  2532  5666 I HmsClient: [baseinner Binder.java:921] in asnyc callback.
11-15 04:37:57.291 15900 15900 E AudioAccessoryManager[BluetoothUtils--13.0.0.180]: --convertMac: mac is invalid!
11-15 04:37:57.293  1137  1668 W BroadcastQueue: intentAction=android.intent.action.BOOT_COMPLETEDdispatchTime=156594 numReceivers=150 nextReceiver=77 now=356798 state=3 curReceiver= null
11-15 04:37:57.293  2143  2143 D TileServices: Couldn't find tile for ComponentInfo{com.huawei.audioaccessorymanager/com.huawei.audioaccessorymanager.notificationbroadcast.service.NbQuickSettingService}
11-15 04:37:57.294  2532 16024 I fwkit_date_utils: [fwkit DateUtil.java:29] init threadLocal
11-15 04:37:57.294 15900 16019 I AudioAccessoryManager[NBManager--13.0.0.180]: --NB state machine disabled
11-15 04:37:57.294  2532 16025 I HmsClient: [baseinner HmsClient.java:1] baseCallBack.onComplete
11-15 04:37:57.294  2532 16025 I HmsClient: [baseinner HmsClient.java:1] receive msg status_code:0, error_code0, api_name:hwid.Request, app_id:10132067|, pkg_name:com.huawei.hwid, session_id:*, transaction_id:12b9263f-8fc9-4394-8c35-b35b4a66136f, resolution:null
11-15 04:37:57.294  2532 16024 I fwkit_HmsProfiler: [fwkit HmsProfiler.java:212] traceApiEvent input : com.huawei.hwid
11-15 04:37:57.295 15900 16019 I AudioAccessoryManager[NotificationConsumer--13.0.0.180]: --Try to interrupt broadcast
11-15 04:37:57.295  2532 16025 I TaskApiCall: [baseinner HmsClient.java:23] SDK Base inner onResponse: URI:hwid.Request , transactionId 12b9263f-8fc9-4394-8c35-b35b4a66136f
11-15 04:37:57.295  2532 16025 I AccountApiCallback: [Account_SDK_log[6.11.0.303] AccountApiCallback.java:2] TaskApiCall response error code: 0
11-15 04:37:57.298 15900 15900 E AudioAccessoryManager[b--13.0.0.180]: --:get virtual device is empty
11-15 04:37:57.298 15900 15900 V AudioManager: getMode...
11-15 04:37:57.300 15900 15900 I AudioAccessoryManager[AudioManagerUtils--13.0.0.180]: --get mode == 0
11-15 04:37:57.300 15900 15900 V AudioManager: getMode...
11-15 04:37:57.301  2532 16025 I RequestManager: [baseinner HmsClient.java:3] removeReqByTransId
11-15 04:37:57.301 15900 15900 I AudioAccessoryManager[AudioManagerUtils--13.0.0.180]: --get mode == 0
11-15 04:37:57.301   680   680 I APM_AudioPolicyManager: getOutputsForDevices, openOutputs size is 2, outputs size is 2
11-15 04:37:57.301  2532  7846 I AccountApiCallback: [Account_SDK_log[6.11.0.303] AccountApiCallback.java:7] mAPIName: signIn|onComplete.|start time: 1763152676718|duration time:583
11-15 04:37:57.302  2532  7846 I SilentSignInManager: [HwJos_log[6.15.0.300_product] SilentSignInManager.java:24] Gateway do not support jos.
11-15 04:37:57.302 15900 15900 E AudioAccessoryManager[BluetoothUtils--13.0.0.180]: --convertMac: mac is invalid!
11-15 04:37:57.303 15900 15900 I AudioAccessoryManager[AudioOperationManager--13.0.0.180]: --Post OUT_PUT_DEV_EVENT CHANNEL_RELEASE
11-15 04:37:57.303 15900 15900 E AudioAccessoryManager[BluetoothUtils--13.0.0.180]: --convertMac: mac is invalid!
11-15 04:37:57.304 15900 15900 I AudioAccessoryManager[DeviceConnectSoftBus--13.0.0.180]: --Device released audio channel
11-15 04:37:57.304  2532  7846 I JosSignInLifecycleController: [HwJos_log[6.15.0.300_product] JosSignInLifecycleController.java:3] endSignInAccountApi, cpClientInfo is null ? falseresultCode:0
11-15 04:37:57.306 15900 15900 W AudioAccessoryManager[FeatureConfigManager--13.0.0.180]: --configName or searchKey empty
11-15 04:37:57.306 15900 15900 W AudioAccessoryManager[FeatureConfigManager--13.0.0.180]: --configName or searchKey empty
11-15 04:37:57.306  2532  7846 W JosSignInHAReporter: [HwJos_log[6.15.0.300_product] JosSignInHAReporter.java:2] reportBIEvent not Allow Report
11-15 04:37:57.306 15900 15900 W AudioAccessoryManager[FeatureConfigManager--13.0.0.180]: --configName or searchKey empty
11-15 04:37:57.307  2532  7846 I SignInServiceSp: [HwJos_log[6.15.0.300_product] SignInServiceSp.java:3] save signIn date.
11-15 04:37:57.308 15900 16021 I AudioAccessoryManager[w--13.0.0.180]: --no device
11-15 04:37:57.308 15900 16021 E AudioAccessoryManager[BluetoothUtils--13.0.0.180]: --convertMac: mac is invalid!
11-15 04:37:57.309 15900 16021 E AudioAccessoryManager[BluetoothUtils--13.0.0.180]: --convertMac: mac is invalid!
11-15 04:37:57.309 15900 16021 I AudioAccessoryManager[HW_HEALTH HealthDataManager--13.0.0.180]: --active device: 
11-15 04:37:57.310  2532  7846 I fwkit_msg_request_proxy: [fwkit AIDLRequestLocalProxy.java:292] AidlCallback:a16f1c97-f56a-45ba-9b69-953ad2b1429d/hwidjos.silentSignIn
11-15 04:37:57.310  2532  7846 I fwkit_msg_arw: [fwkit AIDLResponseWrapper.java:10] callJson start
11-15 04:37:57.310 15900 15996 E AudioAccessoryManager[BluetoothUtils--13.0.0.180]: --convertMac: mac is invalid!
11-15 04:37:57.310 15900 15984 E AudioAccessoryManager[BluetoothUtils--13.0.0.180]: --convertMac: mac is invalid!
11-15 04:37:57.311 15900 15984 I AudioAccessoryManager[AZServiceManager--13.0.0.180]: --ObserverActiveDevice Mac = 
11-15 04:37:57.311 15900 15996 I AudioAccessoryManager[HW_HEALTH HealthDataManager--13.0.0.180]: --onDeviceActiveStateChange:  isActive: false
11-15 04:37:57.311  2532  7846 E fwkit_msg_arw: [fwkit AIDLResponseWrapper.java:30] intent is null
11-15 04:37:57.311 15900 15996 E AudioAccessoryManager[BluetoothUtils--13.0.0.180]: --convertMac: mac is invalid!
11-15 04:37:57.311 15900 15996 I AudioAccessoryManager[HW_HEALTH HealthBroadcastManager--13.0.0.180]: -- stopMeasuringSound
11-15 04:37:57.311 15900 15984 E AudioAccessoryManager[SettingsDeviceInfoUtils--13.0.0.180]: --getDeviceInfoByMac from device failed
11-15 04:37:57.312 15900 15984 I AudioAccessoryManager[AZServiceManager--13.0.0.180]: --sendMessageToFA
11-15 04:37:57.312 15900 15984 I AudioAccessoryManager[AZServiceManager--13.0.0.180]: --isFAConnect --> false
11-15 04:37:57.312 15900 15900 E AudioAccessoryManager[b--13.0.0.180]: --:get virtual device is empty
11-15 04:37:57.312 15900 15984 E AudioAccessoryManager[AZServiceManager--13.0.0.180]: --audio to fa is disConnect!
11-15 04:37:57.312 15900 15900 V AudioManager: getMode...
11-15 04:37:57.312  2532  7846 I AIDLResponseImpl: [HMSCore AIDLResponseImpl.java:124] Response, uri: account.silentSignIn, statusCode: 0, errorCode: 0
11-15 04:37:57.313 15900 15984 I AudioAccessoryManager[AZServiceManager--13.0.0.180]: --start connectFAService
11-15 04:37:57.313 15900 15984 D AbilityProxy: AbilityProxy::connectAbility
11-15 04:37:57.314 15900 15984 I AbilityProxy: item value is InterworkAbilityInfo
11-15 04:37:57.314 15900 15984 D AbilityDataConverter: convertToAbilityData begin bundleName:com.huawei.audioaccessorymanager,className:com.huawei.audioaccessorymanager.AndroidServiceAbility
11-15 04:37:57.314  2532  7846 I JosSignInLifecycleController: [HwJos_log[6.15.0.300_product] JosSignInLifecycleController.java:8] endSignIn,signInUri:hwidjos.silentSignIn,hasGameServiceLiteScope:false,errorCode:0,isSupportJos:false
11-15 04:37:57.314 15900 15984 D AbilityDataConverter: convertToAbilityData result bundleName:com.huawei.audioaccessorymanager,className:com.huawei.audioaccessorymanager.AndroidServiceAbilityShellService
11-15 04:37:57.314 15900 15984 D AbilityProxy: AbilityProxy::connectLocalAbility start
11-15 04:37:57.314 15900 15900 I AudioAccessoryManager[AudioManagerUtils--13.0.0.180]: --get mode == 0
11-15 04:37:57.314 15900 15900 V AudioManager: getMode...
11-15 04:37:57.314 15900 15984 W ContextImpl: Calling a method in the system process without a qualified user: android.app.ContextImpl.bindService:1777 android.content.ContextWrapper.bindService:705 ohos.ohos.ohos.ohos.ohos.n.p:3 ohos.ohos.ohos.ohos.ohos.n.C:2 ohos.ohos.ohos.ohos.ohos.n.o:2 
11-15 04:37:57.314  2532  7846 I JosSignInLifecycleController: [HwJos_log[6.15.0.300_product] JosSignInLifecycleController.java:16] endJosOffSignIn, cpClientInfo is null ? falsesignInUri:hwidjos.silentSignIn
11-15 04:37:57.314  5275  5407 I HMSSDK_PendingResultImpl: setResult:0
11-15 04:37:57.315  2532  7846 W JosSignInHAReporter: [HwJos_log[6.15.0.300_product] JosSignInHAReporter.java:13] onReportSignInTime not Allow Report
11-15 04:37:57.315  5275  5275 I HMSSDK_BaseAdapter: api is: hwidjos.silentSignIn, resolution: null, status_code: 0
11-15 04:37:57.316  5275  5275 I HMSSDK_BaseAdapter: baseCallBack.onComplete
11-15 04:37:57.317  5275  5275 I HMSSDK_HmsClient: receive msg status_code:0, error_code:0, api_name:hwidjos.silentSignIn, app_id:100754559|, pkg_name:com.huawei.profile, session_id:*, transaction_id:100754559SignIn20251115043756489866617, resolution:null
11-15 04:37:57.317  2532  7846 I SharedPreferenceCache: [HwJos_log[6.15.0.300_product] SharedPreferenceCache.java:2] setDefaultValue, dataType: int, defaultValue: -1
11-15 04:37:57.317  5275  5275 I HMSSDK_TaskApiCall: doExecute, uri:account.silentSignIn, errorCode:0, transactionId:100754559SignIn20251115043756489866617
11-15 04:37:57.318  5275  5275 I HMSSDK_[AccountSDK]AccountSignInTaskApiCall: ResponseErrorCode.status:0
11-15 04:37:57.318  5275  5275 I HMSSDK_AbstractAuthResult: statusCode:0
11-15 04:37:57.318  2532  7846 W JosSignInHAReporter: [HwJos_log[6.15.0.300_product] JosSignInHAReporter.java:6] onReportLogin not Allow Report
11-15 04:37:57.319  5275  5275 I HMSSDK_AbstractAuthResult: statusMessage:null
11-15 04:37:57.319  2532 16027 I fwkit_date_utils: [fwkit DateUtil.java:29] init threadLocal
11-15 04:37:57.320  2532 16027 I fwkit_HmsProfiler: [fwkit HmsProfiler.java:212] traceApiEvent input : com.huawei.profile
11-15 04:37:57.320  5275  5275 I HMSSDK_[AccountSDK]AccountSignInTaskApiCall: signIn success
11-15 04:37:57.320  5275  5275 I HMSSDK_HMSPackageManager: Enter getHMSPackageNameForMultiService
11-15 04:37:57.321 15900 15900 I AudioAccessoryManager[AudioManagerUtils--13.0.0.180]: --get mode == 0
11-15 04:37:57.322   680   680 I APM_AudioPolicyManager: getOutputsForDevices, openOutputs size is 2, outputs size is 2
11-15 04:37:57.323  5275  5275 I HMSSDK_HMSBIInitializer: Builder->biInitFlag :false
11-15 04:37:57.323 15900 15900 E AudioAccessoryManager[BluetoothUtils--13.0.0.180]: --convertMac: mac is invalid!
11-15 04:37:57.324 15900 15984 I AudioAccessoryManager[AZServiceManager--13.0.0.180]: --connectFAService result :true
11-15 04:37:57.324  5275  5275 I HMSSDK_AccountSignInNoticeClientImpl: request Jos Notice.
11-15 04:37:57.324 15900 15984 W AudioAccessoryManager[AZServiceManager--13.0.0.180]: --getDeviceInfoByMac fail
11-15 04:37:57.325  5275  5275 I HMSSDK_HMSPackageManager: Enter getHMSPackageNameForMultiService
11-15 04:37:57.329  5275  5275 I HMSSDK_HMSPackageManager: Enter getHMSPackageNameForMultiService
11-15 04:37:57.330 15900 15900 E AudioAccessoryManager[b--13.0.0.180]: --:get virtual device is empty
11-15 04:37:57.330 15900 15900 V AudioManager: getMode...
11-15 04:37:57.331 15900 15900 I AudioAccessoryManager[AudioManagerUtils--13.0.0.180]: --get mode == 0
11-15 04:37:57.331 15900 15900 V AudioManager: getMode...
11-15 04:37:57.331 15900 15900 I AudioAccessoryManager[AudioManagerUtils--13.0.0.180]: --get mode == 0
11-15 04:37:57.332   680   680 I APM_AudioPolicyManager: getOutputsForDevices, openOutputs size is 2, outputs size is 2
11-15 04:37:57.332  5275  5275 I HMSSDK_AGCUtils: In getMetaDataCpId, Failed to read meta data for the CpId.
11-15 04:37:57.332 15900 15900 E AudioAccessoryManager[BluetoothUtils--13.0.0.180]: --convertMac: mac is invalid!
11-15 04:37:57.333 15900 15900 I AudioAccessoryManager[AudioOperationManager--13.0.0.180]: --Post OUT_PUT_DEV_EVENT CHANNEL_RELEASE
11-15 04:37:57.333 15900 15900 E AudioAccessoryManager[BluetoothUtils--13.0.0.180]: --convertMac: mac is invalid!
11-15 04:37:57.333 15900 15900 I AudioAccessoryManager[DeviceConnectSoftBus--13.0.0.180]: --Device released audio channel
11-15 04:37:57.333  5275  5275 E HMSSDK_AGCUtils: Get client/cp_id failed: java.io.FileNotFoundException: agconnect-services.json
11-15 04:37:57.334  1137  5110 D HwConnectivityServiceEx: set 1000 wlan0 value false
11-15 04:37:57.334  5275  5275 E HMSSDK_AGCUtils: The client/cp_id is null.
11-15 04:37:57.336 15900 16019 I AudioAccessoryManager[w--13.0.0.180]: --no device
11-15 04:37:57.336  5275  5275 I HMSSDK_[AccountSDK]AccountAuthMemCache: saveDefaultAccountSignInAccount start.
11-15 04:37:57.336  5275 15950 I HMSSDK_HMSPackageManager: Enter getHMSPackageNameForMultiService
11-15 04:37:57.336 15900 16019 E AudioAccessoryManager[BluetoothUtils--13.0.0.180]: --convertMac: mac is invalid!
11-15 04:37:57.337  5275  5275 I HMSSDK_[AccountSDK]AccountAuthMemCache: saveDefaultAccountSignInAccount start.
11-15 04:37:57.337  5275 15950 I HMSSDK_HuaweiApi: inner hms is empty,hms pkg name is com.huawei.hwid
11-15 04:37:57.337  5275  5275 I HMSSDK_HMSPackageManager: Enter getHMSPackageNameForMultiService
11-15 04:37:57.337 15900 15900 I AudioAccessoryManager[LOG_REPORT 1.1 LogUploadManager--13.0.0.180]: --network change: CONNECTED
11-15 04:37:57.338 15900 15900 I AudioAccessoryManager[LOG_REPORT 1.1 LogUploadManager--13.0.0.180]: --checkLogUploadTask
11-15 04:37:57.338  5275 15950 I HMSSDK_HuaweiApiManager: sendRequest
11-15 04:37:57.339 15900 16019 E AudioAccessoryManager[BluetoothUtils--13.0.0.180]: --convertMac: mac is invalid!
11-15 04:37:57.339  5275 15950 I HMSSDK_BaseHmsClient: ====== HMSSDK version: 60001304 ======
11-15 04:37:57.339 15900 16019 I AudioAccessoryManager[HW_HEALTH HealthDataManager--13.0.0.180]: --active device: 
11-15 04:37:57.340  5275 15950 I HMSSDK_BaseHmsClient: Enter connect, Connection Status: 1
11-15 04:37:57.340  5275  5275 I HwProfileService: [main]:SafeThread:signInSuccess active count:0, queue size: 0
11-15 04:37:57.340 15900 15984 E AudioAccessoryManager[BluetoothUtils--13.0.0.180]: --convertMac: mac is invalid!
11-15 04:37:57.340  5275 15950 I HMSSDK_BaseHmsClient: connect minVersion:40004000 packageName:com.huawei.hwid
11-15 04:37:57.341 15900 15984 I AudioAccessoryManager[AZServiceManager--13.0.0.180]: --ObserverActiveDevice Mac = 
11-15 04:37:57.341  5275 16028 I HwProfileService: [signInSuccess_291]:[416C9DD26]SignResultListener:sign in result is success
11-15 04:37:57.341 15900 15984 E AudioAccessoryManager[SettingsDeviceInfoUtils--13.0.0.180]: --getDeviceInfoByMac from device failed
11-15 04:37:57.341  5275 16028 I HwProfileService: [signInSuccess_291]:[416C9DD26]SignResultListener:access token:DgEAA******S9/c=
11-15 04:37:57.341  5275 16028 I HwProfileService: [signInSuccess_291]:[416C9DD26]ProfileUtils:setAccountFlag start, hasGet is true
11-15 04:37:57.341  5275 15950 I HMSSDK_Util: available exist: true
11-15 04:37:57.341 15900 15984 I AudioAccessoryManager[AZServiceManager--13.0.0.180]: --sendMessageToFA
11-15 04:37:57.341 15900 15984 I AudioAccessoryManager[AZServiceManager--13.0.0.180]: --isFAConnect --> false
11-15 04:37:57.341 15900 15900 I AudioAccessoryManager[LOG_REPORT 1.1 LogUploadManager--13.0.0.180]: --no log upload task
11-15 04:37:57.342 15900 15984 E AudioAccessoryManager[AZServiceManager--13.0.0.180]: --audio to fa is disConnect!
11-15 04:37:57.342 15900 15984 I AudioAccessoryManager[AZServiceManager--13.0.0.180]: --start connectFAService
11-15 04:37:57.342 15900 15984 D AbilityProxy: AbilityProxy::connectAbility
11-15 04:37:57.343  5275 15950 I HMSSDK_HMSPackageManager: Enter getHMSPackageName
11-15 04:37:57.344 15900 15900 I AudioAccessoryManager[HarmonyService--13.0.0.180]: [9a1b319324ea4e3, 202dfa5, 125c26f] --HarmonyService created
11-15 04:37:57.344 15900 15984 I AbilityProxy: item value is InterworkAbilityInfo
11-15 04:37:57.344 15900 15984 D AbilityDataConverter: convertToAbilityData begin bundleName:com.huawei.audioaccessorymanager,className:com.huawei.audioaccessorymanager.AndroidServiceAbility
11-15 04:37:57.344 15900 15984 D AbilityDataConverter: convertToAbilityData result bundleName:com.huawei.audioaccessorymanager,className:com.huawei.audioaccessorymanager.AndroidServiceAbilityShellService
11-15 04:37:57.344 15900 15984 D AbilityProxy: AbilityProxy::connectLocalAbility start
11-15 04:37:57.344 15900 15984 W ContextImpl: Calling a method in the system process without a qualified user: android.app.ContextImpl.bindService:1777 android.content.ContextWrapper.bindService:705 ohos.ohos.ohos.ohos.ohos.n.p:3 ohos.ohos.ohos.ohos.ohos.n.C:2 ohos.ohos.ohos.ohos.ohos.n.o:2 
11-15 04:37:57.345  5275 15950 I HMSSDK_HMSPackageManager: current versionCode:61500332, minimum version requirements: 40004000
11-15 04:37:57.345  5275 15950 I HMSSDK_HMSPackageManager: Enter getHMSPackageName
11-15 04:37:57.346 15900 15900 I AudioAccessoryManager[HarmonyService--13.0.0.180]: [9a1b319324ea4e3, 205832e, 16fb8d8] --onBind
11-15 04:37:57.348  5275 15950 I HMSSDK_HMSPackageManager: Enter getHMSPackageName
11-15 04:37:57.350 15900 15984 I AudioAccessoryManager[AZServiceManager--13.0.0.180]: --connectFAService result :true
11-15 04:37:57.351 15900 15984 W AudioAccessoryManager[AZServiceManager--13.0.0.180]: --getDeviceInfoByMac fail
11-15 04:37:57.352 15900 15900 I AudioAccessoryManager[AZServiceManager--13.0.0.180]: --onServiceConnected componentName = ComponentInfo{com.huawei.audioaccessorymanager/com.huawei.audioaccessorymanager.AndroidServiceAbilityShellService},iBinder = android.os.BinderProxy@7ea5f70
11-15 04:37:57.352  1137  1678 D ActivityManager: [9a1b319324ea4e3, 23d44ae, 3821e01] setPrivilegeType r: ServiceRecord{b3bbea9 u0 com.huawei.audioaccessorymanager/.zidane.service.HarmonyService}, interfaceDescriptor : com.huawei.audioaccessorymanager.IHarmonyService, shouldSetPrivType: false
11-15 04:37:57.352 15900 15900 I AudioAccessoryManager[PdlFormManager--13.0.0.180]: --PdlFormManager created
11-15 04:37:57.353 15900 15900 I AudioAccessoryManager[AudioSpatialFormManager--13.0.0.180]: --AudioSpatialFormManager created
11-15 04:37:57.353  5275 15950 I HMSSDK_HMSPackageManager: MinApkVersion is disabled.
11-15 04:37:57.353  5275 15950 I HMSSDK_BaseHmsClient: check available result: 0
11-15 04:37:57.354  5275 15950 I HMSSDK_BaseHmsClient: enter bindCoreService, packageName is com.huawei.hwid, serviceAction is com.huawei.hms.core.aidlservice
11-15 04:37:57.355  5275 15950 W ContextImpl: Calling a method in the system process without a qualified user: android.app.ContextImpl.bindService:1777 android.content.ContextWrapper.bindService:705 com.huawei.hms.adapter.BinderAdapter.bindCoreService:6 com.huawei.hms.adapter.BinderAdapter.binder:2 com.huawei.hms.common.internal.BaseHmsClient.bindCoreService:8 
11-15 04:37:57.355  5275 16028 I HwProfileService: [signInSuccess_291]:[416C9DD26]EventBus:publish event AccountSignInEvent
11-15 04:37:57.355  5275 16028 I HwProfileService: [signInSuccess_291]:[416C9DD26]EventBus:b receive an event
11-15 04:37:57.365  5275  5275 I HMSSDK_BinderAdapter: Enter onServiceConnected.
11-15 04:37:57.365  2442  3885 I AppManager: dependence has been existed:5275 -> 2532
11-15 04:37:57.366  5275  5275 I HMSSDK_BaseHmsClient: Enter onServiceConnected.
11-15 04:37:57.366  5275  5275 I HMSSDK_HuaweiApiManager: onConnected
11-15 04:37:57.368  5275 15950 I HMSSDK_HmsClient: post msg api_name:core.getNoticeIntent, app_id:100754559|, pkg_name:com.huawei.profile, sdk_version:60001304, session_id:*, transaction_id:100754559Intent20251115043757327431698, kitSdkVersion:0, apiLevel:1
11-15 04:37:57.368  5275 15950 I HMSSDK_HmsClient: Activity is null for 100754559
11-15 04:37:57.369  5275 15950 I HMSSDK_BaseAdapter: In constructor, WeakReference is java.lang.ref.WeakReference@c2e747
11-15 04:37:57.369  5275 15950 I HMSSDK_BaseAdapter: in baseRequest + uri is :core.getNoticeIntent, transactionId is : 100754559Intent20251115043757327431698
11-15 04:37:57.370  5275 15950 I HMSSDK_PendingResultImpl: init uri:core.getNoticeIntent
11-15 04:37:57.371  5275 15950 I HMSSDK_PendingResultImpl: setResultCallback
11-15 04:37:57.372  2532  4215 I AIDLInvoke: [HMSCore AIDLInvoke.java:135] <apirouter>Request, URI: core.getNoticeIntent
11-15 04:37:57.372  2532  4215 I PackageUtils: [HMSCore PackageUtils.java:28] uid:1000, packageName:com.huawei.profile
11-15 04:37:57.373  5275 15947 D NetworkSecurityConfig: No Network Security Config specified, using platform default
11-15 04:37:57.375  2532 16029 I ScopeCache: [HMSCore ScopeCache.java:78] getAppScope: appId = 100754559; hostAppId = null
11-15 04:37:57.375  2532 16029 I AppScope: [HMSCore AppScope.java:6] permission not exist:100754559/com.huawei.hms.appservice.cps
11-15 04:37:57.376  2532 16029 I fwkit_ApiRuleEngine: [fwkit ApiRuleEngine.java:48] bgRules, apiName: core.getNoticeIntent appId: 100754559 permission: null business:Default
11-15 04:37:57.377   606  1468 W /system/bin/netd: A binder object at 0x727c538880 is being transacted on, however, this object is in the same process as its proxy. Transacting with this binder is expensive compared to just calling the corresponding functionality in the same process.
11-15 04:37:57.377  2532 16029 W fwkit_coresm: [fwkit CoreServiceManager.java:48] Get vr_system Service !but its binder is null!
11-15 04:37:57.378  2532 16029 E HwVrServiceManagerImpl: client service is not alive.
11-15 04:37:57.378  2532 16029 I fwkit_sdk_apiRouter: newApiName is core.getNoticeIntent
11-15 04:37:57.378  2532 16029 I RuleEngineService: [HMSCore RuleEngineService.java:84] AIDLRequest modify route info,oldApiName:core.getNoticeIntent, newApiName:core.getNoticeIntent
11-15 04:37:57.378  2532 16029 I AIDLInvoke: [HMSCore AIDLInvoke.java:81] core.getNoticeIntent->core.getNoticeIntent
11-15 04:37:57.381  2532 16029 I AIDLInvoke: [HMSCore AIDLInvoke.java:60] core apiLvl:-1,1
11-15 04:37:57.381  2532 16029 I fwkit_sdk_fd: createRequestFromMessageCenter uri: core.getNoticeIntent
11-15 04:37:57.382  2532 16029 I fwkit_kims_apidispatcher_fdi: [fwkit DispatcherImpl.java:105] MessageCenter uri: core.getNoticeIntent appId: 100754559 hostAppId: 100754559 apiLevel: 1 runtime api level: 28
11-15 04:37:57.384  2532 16029 W fwkit_kit_breaker: [fwkit KitBreaker.java:89] infos invalid
11-15 04:37:57.385  2532 16029 I fwkit_kims_RequestFactory: [fwkit RequestFactory.java:56] No uri matched, choose proxy request as default.
11-15 04:37:57.385  2532 16029 I KitMessageCenter: [HMSCore KitMessageCenter.java:146] Find makeRequest uri:core.getNoticeIntent cost time: 4ms
11-15 04:37:57.386  2532 16029 I AIDLInvoke: [HMSCore AIDLInvoke.java:97] Request, URI: core.getNoticeIntent, clientId: {appId: 100754559, hostAppID: 100754559, packageName: com.huawei.profile, sdkVersion: 60001304, uid: 1000, transactionId: 100754559Intent20251115043757327431698, apiLevel: 1, uri: core.getNoticeIntent, kitSdkVersion: 0}
11-15 04:37:57.388  2532  5022 E fwkit_presetUtil: getSystemApp flag error for com.google.android.gms:NameNotFoundException
11-15 04:37:57.390  2532  5022 I FormalHASDK: HAImpl==> onEvent. tag:HmsProfiler, type:0, eventId:HMS_API_CALLED
11-15 04:37:57.390  2532 16029 I fwkit_kims: [fwkit KIMSServiceController.java:127] getKitInfo S: :core
11-15 04:37:57.391  2532 16029 I fwkit_kams_stubmanager: [fwkit StubManagerService.java:35] getSPNByComponent:com.huawei.hms.game, com.huawei.hms.game, false
11-15 04:37:57.391  2532 16029 I fwkit_kams_scheduler: [fwkit ProcessScheduler.java:32] RC:com.huawei.hwid.core
11-15 04:37:57.392  2532 16029 I fwkit_kams: [fwkit KAMSServiceController.java:164] Assign com.huawei.hwid.core for core/com.huawei.hms.game/com.huawei.hms.game cost 5ms
11-15 04:37:57.393  2532 16029 I fwkit_kams_stubmanager: [fwkit StubManagerService.java:35] getSPNByComponent:com.huawei.hms.game, com.huawei.hms.game, false
11-15 04:37:57.393  2532 16029 I fwkit_kams_scheduler: [fwkit ProcessScheduler.java:32] RC:com.huawei.hwid.core
11-15 04:37:57.394  2532 16029 I fwkit_msg_request_proxy: [fwkit AIDLRequestLocalProxy.java:34] request:d27a97dc-9b5e-48be-986b-5de00d9f62ac/core.getNoticeIntent
11-15 04:37:57.396  2532 16033 I fwkit_msg_invoke_remote: [fwkit AIDLInvokeRemote.java:124] execute requestId:d27a97dc-9b5e-48be-986b-5de00d9f62ac uri:core.getNoticeIntent transactionId:100754559Intent20251115043757327431698
11-15 04:37:57.396  2532 16033 I fwkit_msg_fr: [fwkit FinderRemote.java:7] findRequest uri: core.getNoticeIntent apiLevel: 1
11-15 04:37:57.398  2532 16033 I fwkit_kac_kitloader: [fwkit KitLoaderManager.java:133] kit loaded core_61500300 already exits, cost :0 ms
11-15 04:37:57.399  2532 16033 I fwkit_msg_aidl_request: [fwkit AIDLRequest.java:6] execute:100754559Intent20251115043757327431698
11-15 04:37:57.402  2532 16033 I ScopeManager: [HMSCore ScopeManager.java:31] checkCF 100754559/com.huawei.profile
11-15 04:37:57.403  2532 16033 I HC_PackageUtils: [HMSCore PackageUtils.java:81] com.huawei.profile is OHOS app: false
11-15 04:37:57.405  2532 16033 I fwkit_ScopeManager: getScope:  appId = 100754559 hostAppId = 
11-15 04:37:57.406  2532 16033 I ScopeCache: [HMSCore ScopeCache.java:78] getAppScope: appId = 100754559; hostAppId = null
11-15 04:37:57.406  2532 16033 I ScopeCache: [HMSCore ScopeCache.java:78] getAppScope: appId = 100754559; hostAppId = null
11-15 04:37:57.406  2532 16033 I ScopeUtil: [HMSCore ScopeUtil.java:26] isV2Enable:null
11-15 04:37:57.407  2532 16033 W ScopeUtil: [HMSCore ScopeUtil.java:37] scope switch is false, not need report
11-15 04:37:57.407  2532 16033 I fwkit_scope_mgr: [fwkit ScopeManager.java:133] checkCertFingerprint result: 0
11-15 04:37:57.408  2532 16033 I BaseRequest: [HwJos_log[6.15.0.300_product] BaseRequest.java:2] onRequest BaseRequest.core.getNoticeIntent
11-15 04:37:57.408  2532 16033 I AuthService: [HMSCore AuthService.java:24] checkPermission: 100754559
11-15 04:37:57.408  2532 16033 I AuthService: [HMSCore AuthService.java:73] local check
11-15 04:37:57.410  2532 16033 I ScopeCache: [HMSCore ScopeCache.java:78] getAppScope: appId = 100754559; hostAppId = null
